Archive member included to satisfy reference by file (symbol)

C:/STM32/STM32CubeIDE_1.16.0/STM32CubeIDE/plugins/com.st.stm32cube.ide.mcu.externaltools.gnu-tools-for-stm32.12.3.rel1.win32_1.0.200.202406191623/tools/bin/../lib/gcc/arm-none-eabi/12.3.1/../../../../arm-none-eabi/lib/thumb/v7e-m+fp/hard\libc_nano.a(libc_a-exit.o)
                              C:/STM32/STM32CubeIDE_1.16.0/STM32CubeIDE/plugins/com.st.stm32cube.ide.mcu.externaltools.gnu-tools-for-stm32.12.3.rel1.win32_1.0.200.202406191623/tools/bin/../lib/gcc/arm-none-eabi/12.3.1/../../../../arm-none-eabi/lib/thumb/v7e-m+fp/hard/crt0.o (exit)
C:/STM32/STM32CubeIDE_1.16.0/STM32CubeIDE/plugins/com.st.stm32cube.ide.mcu.externaltools.gnu-tools-for-stm32.12.3.rel1.win32_1.0.200.202406191623/tools/bin/../lib/gcc/arm-none-eabi/12.3.1/../../../../arm-none-eabi/lib/thumb/v7e-m+fp/hard\libc_nano.a(libc_a-rand.o)
                              ./Core/Src/freertos.o (srand)
C:/STM32/STM32CubeIDE_1.16.0/STM32CubeIDE/plugins/com.st.stm32cube.ide.mcu.externaltools.gnu-tools-for-stm32.12.3.rel1.win32_1.0.200.202406191623/tools/bin/../lib/gcc/arm-none-eabi/12.3.1/../../../../arm-none-eabi/lib/thumb/v7e-m+fp/hard\libc_nano.a(libc_a-findfp.o)
                              ./Middlewares/Third_Party/FreeRTOS/Source/tasks.o (__sf)
C:/STM32/STM32CubeIDE_1.16.0/STM32CubeIDE/plugins/com.st.stm32cube.ide.mcu.externaltools.gnu-tools-for-stm32.12.3.rel1.win32_1.0.200.202406191623/tools/bin/../lib/gcc/arm-none-eabi/12.3.1/../../../../arm-none-eabi/lib/thumb/v7e-m+fp/hard\libc_nano.a(libc_a-fwalk.o)
                              C:/STM32/STM32CubeIDE_1.16.0/STM32CubeIDE/plugins/com.st.stm32cube.ide.mcu.externaltools.gnu-tools-for-stm32.12.3.rel1.win32_1.0.200.202406191623/tools/bin/../lib/gcc/arm-none-eabi/12.3.1/../../../../arm-none-eabi/lib/thumb/v7e-m+fp/hard\libc_nano.a(libc_a-findfp.o) (_fwalk_sglue)
C:/STM32/STM32CubeIDE_1.16.0/STM32CubeIDE/plugins/com.st.stm32cube.ide.mcu.externaltools.gnu-tools-for-stm32.12.3.rel1.win32_1.0.200.202406191623/tools/bin/../lib/gcc/arm-none-eabi/12.3.1/../../../../arm-none-eabi/lib/thumb/v7e-m+fp/hard\libc_nano.a(libc_a-sprintf.o)
                              ./Core/Src/SDcard.o (sprintf)
C:/STM32/STM32CubeIDE_1.16.0/STM32CubeIDE/plugins/com.st.stm32cube.ide.mcu.externaltools.gnu-tools-for-stm32.12.3.rel1.win32_1.0.200.202406191623/tools/bin/../lib/gcc/arm-none-eabi/12.3.1/../../../../arm-none-eabi/lib/thumb/v7e-m+fp/hard\libc_nano.a(libc_a-stdio.o)
                              C:/STM32/STM32CubeIDE_1.16.0/STM32CubeIDE/plugins/com.st.stm32cube.ide.mcu.externaltools.gnu-tools-for-stm32.12.3.rel1.win32_1.0.200.202406191623/tools/bin/../lib/gcc/arm-none-eabi/12.3.1/../../../../arm-none-eabi/lib/thumb/v7e-m+fp/hard\libc_nano.a(libc_a-findfp.o) (__sread)
C:/STM32/STM32CubeIDE_1.16.0/STM32CubeIDE/plugins/com.st.stm32cube.ide.mcu.externaltools.gnu-tools-for-stm32.12.3.rel1.win32_1.0.200.202406191623/tools/bin/../lib/gcc/arm-none-eabi/12.3.1/../../../../arm-none-eabi/lib/thumb/v7e-m+fp/hard\libc_nano.a(libc_a-memset.o)
                              C:/STM32/STM32CubeIDE_1.16.0/STM32CubeIDE/plugins/com.st.stm32cube.ide.mcu.externaltools.gnu-tools-for-stm32.12.3.rel1.win32_1.0.200.202406191623/tools/bin/../lib/gcc/arm-none-eabi/12.3.1/../../../../arm-none-eabi/lib/thumb/v7e-m+fp/hard/crt0.o (memset)
C:/STM32/STM32CubeIDE_1.16.0/STM32CubeIDE/plugins/com.st.stm32cube.ide.mcu.externaltools.gnu-tools-for-stm32.12.3.rel1.win32_1.0.200.202406191623/tools/bin/../lib/gcc/arm-none-eabi/12.3.1/../../../../arm-none-eabi/lib/thumb/v7e-m+fp/hard\libc_nano.a(libc_a-closer.o)
                              C:/STM32/STM32CubeIDE_1.16.0/STM32CubeIDE/plugins/com.st.stm32cube.ide.mcu.externaltools.gnu-tools-for-stm32.12.3.rel1.win32_1.0.200.202406191623/tools/bin/../lib/gcc/arm-none-eabi/12.3.1/../../../../arm-none-eabi/lib/thumb/v7e-m+fp/hard\libc_nano.a(libc_a-stdio.o) (_close_r)
C:/STM32/STM32CubeIDE_1.16.0/STM32CubeIDE/plugins/com.st.stm32cube.ide.mcu.externaltools.gnu-tools-for-stm32.12.3.rel1.win32_1.0.200.202406191623/tools/bin/../lib/gcc/arm-none-eabi/12.3.1/../../../../arm-none-eabi/lib/thumb/v7e-m+fp/hard\libc_nano.a(libc_a-reent.o)
                              ./Middlewares/Third_Party/FreeRTOS/Source/tasks.o (_reclaim_reent)
C:/STM32/STM32CubeIDE_1.16.0/STM32CubeIDE/plugins/com.st.stm32cube.ide.mcu.externaltools.gnu-tools-for-stm32.12.3.rel1.win32_1.0.200.202406191623/tools/bin/../lib/gcc/arm-none-eabi/12.3.1/../../../../arm-none-eabi/lib/thumb/v7e-m+fp/hard\libc_nano.a(libc_a-impure.o)
                              ./Middlewares/Third_Party/FreeRTOS/Source/tasks.o (_impure_ptr)
C:/STM32/STM32CubeIDE_1.16.0/STM32CubeIDE/plugins/com.st.stm32cube.ide.mcu.externaltools.gnu-tools-for-stm32.12.3.rel1.win32_1.0.200.202406191623/tools/bin/../lib/gcc/arm-none-eabi/12.3.1/../../../../arm-none-eabi/lib/thumb/v7e-m+fp/hard\libc_nano.a(libc_a-lseekr.o)
[...]
Memory Configuration

Name             Origin             Length             Attributes
RAM              0x20000000         0x00020000         xrw
FLASH            0x08000000         0x00080000         xr
*default*        0x00000000         0xffffffff

Linker script and memory map

LOAD C:/STM32/STM32CubeIDE_1.16.0/STM32CubeIDE/plugins/com.st.stm32cube.ide.mcu.externaltools.gnu-tools-for-stm32.12.3.rel1.win32_1.0.200.202406191623/tools/bin/../lib/gcc/arm-none-eabi/12.3.1/thumb/v7e-m+fp/hard/crti.o
LOAD C:/STM32/STM32CubeIDE_1.16.0/STM32CubeIDE/plugins/com.st.stm32cube.ide.mcu.externaltools.gnu-tools-for-stm32.12.3.rel1.win32_1.0.200.202406191623/tools/bin/../lib/gcc/arm-none-eabi/12.3.1/thumb/v7e-m+fp/hard/crtbegin.o
LOAD C:/STM32/STM32CubeIDE_1.16.0/STM32CubeIDE/plugins/com.st.stm32cube.ide.mcu.externaltools.gnu-tools-for-stm32.12.3.rel1.win32_1.0.200.202406191623/tools/bin/../lib/gcc/arm-none-eabi/12.3.1/../../../../arm-none-eabi/lib/thumb/v7e-m+fp/hard/crt0.o
LOAD ./Core/Src/SDcard.o
LOAD ./Core/Src/fatfs_sd.o
LOAD ./Core/Src/freertos.o
LOAD ./Core/Src/gpio.o
LOAD ./Core/Src/main.o
LOAD ./Core/Src/rtc.o
LOAD ./Core/Src/spi.o
LOAD ./Core/Src/stm32f4xx_hal_msp.o
LOAD ./Core/Src/stm32f4xx_hal_timebase_tim.o
LOAD ./Core/Src/stm32f4xx_it.o
LOAD ./Core/Src/syscalls.o
LOAD ./Core/Src/sysmem.o
LOAD ./Core/Src/system_stm32f4xx.o
LOAD ./Core/Src/tim.o
LOAD ./Core/Startup/startup_stm32f411ceux.o
LOAD ./Drivers/STM32F4xx_HAL_Driver/Src/stm32f4xx_hal.o
LOAD ./Drivers/STM32F4xx_HAL_Driver/Src/stm32f4xx_hal_cortex.o
LOAD ./Drivers/STM32F4xx_HAL_Driver/Src/stm32f4xx_hal_dma.o
LOAD ./Drivers/STM32F4xx_HAL_Driver/Src/stm32f4xx_hal_dma_ex.o
LOAD ./Drivers/STM32F4xx_HAL_Driver/Src/stm32f4xx_hal_exti.o
LOAD ./Drivers/STM32F4xx_HAL_Driver/Src/stm32f4xx_hal_flash.o
LOAD ./Drivers/STM32F4xx_HAL_Driver/Src/stm32f4xx_hal_flash_ex.o
LOAD ./Drivers/STM32F4xx_HAL_Driver/Src/stm32f4xx_hal_flash_ramfunc.o
LOAD ./Drivers/STM32F4xx_HAL_Driver/Src/stm32f4xx_hal_gpio.o
LOAD ./Drivers/STM32F4xx_HAL_Driver/Src/stm32f4xx_hal_pcd.o
LOAD ./Drivers/STM32F4xx_HAL_Driver/Src/stm32f4xx_hal_pcd_ex.o
LOAD ./Drivers/STM32F4xx_HAL_Driver/Src/stm32f4xx_hal_pwr.o
LOAD ./Drivers/STM32F4xx_HAL_Driver/Src/stm32f4xx_hal_pwr_ex.o
LOAD ./Drivers/STM32F4xx_HAL_Driver/Src/stm32f4xx_hal_rcc.o
LOAD ./Drivers/STM32F4xx_HAL_Driver/Src/stm32f4xx_hal_rcc_ex.o
LOAD ./Drivers/STM32F4xx_HAL_Driver/Src/stm32f4xx_hal_rtc.o
LOAD ./Drivers/STM32F4xx_HAL_Driver/Src/stm32f4xx_hal_rtc_ex.o
LOAD ./Drivers/STM32F4xx_HAL_Driver/Src/stm32f4xx_hal_spi.o
LOAD ./Drivers/STM32F4xx_HAL_Driver/Src/stm32f4xx_hal_tim.o
LOAD ./Drivers/STM32F4xx_HAL_Driver/Src/stm32f4xx_hal_tim_ex.o
LOAD ./Drivers/STM32F4xx_HAL_Driver/Src/stm32f4xx_ll_usb.o
LOAD ./FATFS/App/fatfs.o
LOAD ./FATFS/Target/user_diskio.o
LOAD ./Middlewares/ST/STM32_USB_Device_Library/Class/CDC/Src/usbd_cdc.o
LOAD ./Middlewares/ST/STM32_USB_Device_Library/Core/Src/usbd_core.o
LOAD ./Middlewares/ST/STM32_USB_Device_Library/Core/Src/usbd_ctlreq.o
LOAD ./Middlewares/ST/STM32_USB_Device_Library/Core/Src/usbd_ioreq.o
LOAD ./Middlewares/Third_Party/FatFs/src/diskio.o
LOAD ./Middlewares/Third_Party/FatFs/src/ff.o
LOAD ./Middlewares/Third_Party/FatFs/src/ff_gen_drv.o
LOAD ./Middlewares/Third_Party/FatFs/src/option/ccsbcs.o
LOAD ./Middlewares/Third_Party/FatFs/src/option/syscall.o
LOAD ./Middlewares/Third_Party/FreeRTOS/Source/CMSIS_RTOS_V2/cmsis_os2.o
LOAD ./Middlewares/Third_Party/FreeRTOS/Source/croutine.o
LOAD ./Middlewares/Third_Party/FreeRTOS/Source/event_groups.o
LOAD ./Middlewares/Third_Party/FreeRTOS/Source/list.o
LOAD ./Middlewares/Third_Party/FreeRTOS/Source/queue.o
LOAD ./Middlewares/Third_Party/FreeRTOS/Source/stream_buffer.o
LOAD ./Middlewares/Third_Party/FreeRTOS/Source/tasks.o
LOAD ./Middlewares/Third_Party/FreeRTOS/Source/timers.o
LOAD ./Middlewares/Third_Party/FreeRTOS/Source/portable/GCC/ARM_CM4F/port.o
LOAD ./Middlewares/Third_Party/FreeRTOS/Source/portable/MemMang/heap_4.o
LOAD ./USB_DEVICE/App/usb_device.o
LOAD ./USB_DEVICE/App/usbd_cdc_if.o
LOAD ./USB_DEVICE/App/usbd_desc.o
LOAD ./USB_DEVICE/Target/usbd_conf.o
START GROUP
LOAD C:/STM32/STM32CubeIDE_1.16.0/STM32CubeIDE/plugins/com.st.stm32cube.ide.mcu.externaltools.gnu-tools-for-stm32.12.3.rel1.win32_1.0.200.202406191623/tools/bin/../lib/gcc/arm-none-eabi/12.3.1/../../../../arm-none-eabi/lib/thumb/v7e-m+fp/hard\libc_nano.a
LOAD C:/STM32/STM32CubeIDE_1.16.0/STM32CubeIDE/plugins/com.st.stm32cube.ide.mcu.externaltools.gnu-tools-for-stm32.12.3.rel1.win32_1.0.200.202406191623/tools/bin/../lib/gcc/arm-none-eabi/12.3.1/../../../../arm-none-eabi/lib/thumb/v7e-m+fp/hard\libm.a
END GROUP
START GROUP
LOAD C:/STM32/STM32CubeIDE_1.16.0/STM32CubeIDE/plugins/com.st.stm32cube.ide.mcu.externaltools.gnu-tools-for-stm32.12.3.rel1.win32_1.0.200.202406191623/tools/bin/../lib/gcc/arm-none-eabi/12.3.1/thumb/v7e-m+fp/hard\libgcc.a
LOAD C:/STM32/STM32CubeIDE_1.16.0/STM32CubeIDE/plugins/com.st.stm32cube.ide.mcu.externaltools.gnu-tools-for-stm32.12.3.rel1.win32_1.0.200.202406191623/tools/bin/../lib/gcc/arm-none-eabi/12.3.1/../../../../arm-none-eabi/lib/thumb/v7e-m+fp/hard\libc_nano.a
END GROUP
START GROUP
LOAD C:/STM32/STM32CubeIDE_1.16.0/STM32CubeIDE/plugins/com.st.stm32cube.ide.mcu.externaltools.gnu-tools-for-stm32.12.3.rel1.win32_1.0.200.202406191623/tools/bin/../lib/gcc/arm-none-eabi/12.3.1/thumb/v7e-m+fp/hard\libgcc.a
LOAD C:/STM32/STM32CubeIDE_1.16.0/STM32CubeIDE/plugins/com.st.stm32cube.ide.mcu.externaltools.gnu-tools-for-stm32.12.3.rel1.win32_1.0.200.202406191623/tools/bin/../lib/gcc/arm-none-eabi/12.3.1/../../../../arm-none-eabi/lib/thumb/v7e-m+fp/hard\libc_nano.a
LOAD C:/STM32/STM32CubeIDE_1.16.0/STM32CubeIDE/plugins/com.st.stm32cube.ide.mcu.externaltools.gnu-tools-for-stm32.12.3.rel1.win32_1.0.200.202406191623/tools/bin/../lib/gcc/arm-none-eabi/12.3.1/../../../../arm-none-eabi/lib/thumb/v7e-m+fp/hard\libnosys.a
END GROUP
START GROUP
LOAD C:/STM32/STM32CubeIDE_1.16.0/STM32CubeIDE/plugins/com.st.stm32cube.ide.mcu.externaltools.gnu-tools-for-stm32.12.3.rel1.win32_1.0.200.202406191623/tools/bin/../lib/gcc/arm-none-eabi/12.3.1/thumb/v7e-m+fp/hard\libgcc.a
LOAD C:/STM32/STM32CubeIDE_1.16.0/STM32CubeIDE/plugins/com.st.stm32cube.ide.mcu.externaltools.gnu-tools-for-stm32.12.3.rel1.win32_1.0.200.202406191623/tools/bin/../lib/gcc/arm-none-eabi/12.3.1/../../../../arm-none-eabi/lib/thumb/v7e-m+fp/hard\libc_nano.a
LOAD C:/STM32/STM32CubeIDE_1.16.0/STM32CubeIDE/plugins/com.st.stm32cube.ide.mcu.externaltools.gnu-tools-for-stm32.12.3.rel1.win32_1.0.200.202406191623/tools/bin/../lib/gcc/arm-none-eabi/12.3.1/../../../../arm-none-eabi/lib/thumb/v7e-m+fp/hard\libnosys.a
END GROUP
LOAD C:/STM32/STM32CubeIDE_1.16.0/STM32CubeIDE/plugins/com.st.stm32cube.ide.mcu.externaltools.gnu-tools-for-stm32.12.3.rel1.win32_1.0.200.202406191623/tools/bin/../lib/gcc/arm-none-eabi/12.3.1/thumb/v7e-m+fp/hard/crtend.o
LOAD C:/STM32/STM32CubeIDE_1.16.0/STM32CubeIDE/plugins/com.st.stm32cube.ide.mcu.externaltools.gnu-tools-for-stm32.12.3.rel1.win32_1.0.200.202406191623/tools/bin/../lib/gcc/arm-none-eabi/12.3.1/thumb/v7e-m+fp/hard/crtn.o
                0x20020000                        _estack = (ORIGIN (RAM) + LENGTH (RAM))
                0x00000200                        _Min_Heap_Size = 0x200
                0x00000400                        _Min_Stack_Size = 0x400

.isr_vector     0x08000000      0x198
                0x08000000                        . = ALIGN (0x4)
 *(.isr_vector)
 .isr_vector    0x08000000      0x198 ./Core/Startup/startup_stm32f411ceux.o
                0x08000000                g_pfnVectors
                0x08000198                        . = ALIGN (0x4)

.text           0x080001a0    0x12550
                0x080001a0                        . = ALIGN (0x4)
 *(.text)
 .text          0x080001a0       0x40 C:/STM32/STM32CubeIDE_1.16.0/STM32CubeIDE/plugins/com.st.stm32cube.ide.mcu.externaltools.gnu-tools-for-stm32.12.3.rel1.win32_1.0.200.202406191623/tools/bin/../lib/gcc/arm-none-eabi/12.3.1/thumb/v7e-m+fp/hard/crtbegin.o
 .text          0x080001e0       0x10 C:/STM32/STM32CubeIDE_1.16.0/STM32CubeIDE/plugins/com.st.stm32cube.ide.mcu.externaltools.gnu-tools-for-stm32.12.3.rel1.win32_1.0.200.202406191623/tools/bin/../lib/gcc/arm-none-eabi/12.3.1/../../../../arm-none-eabi/lib/thumb/v7e-m+fp/hard\libc_nano.a(libc_a-strlen.o)
                0x080001e0                strlen
 .text          0x080001f0       0xa0 C:/STM32/STM32CubeIDE_1.16.0/STM32CubeIDE/plugins/com.st.stm32cube.ide.mcu.externaltools.gnu-tools-for-stm32.12.3.rel1.win32_1.0.200.202406191623/tools/bin/../lib/gcc/arm-none-eabi/12.3.1/../../../../arm-none-eabi/lib/thumb/v7e-m+fp/hard\libc_nano.a(libc_a-memchr.o)
                0x080001f0                memchr
 .text          0x08000290       0x30 C:/STM32/STM32CubeIDE_1.16.0/STM32CubeIDE/plugins/com.st.stm32cube.ide.mcu.externaltools.gnu-tools-for-stm32.12.3.rel1.win32_1.0.200.202406191623/tools/bin/../lib/gcc/arm-none-eabi/12.3.1/thumb/v7e-m+fp/hard\libgcc.a(_aeabi_uldivmod.o)
                0x08000290                __aeabi_uldivmod
 .text          0x080002c0      0x2bc C:/STM32/STM32CubeIDE_1.16.0/STM32CubeIDE/plugins/com.st.stm32cube.ide.mcu.externaltools.gnu-tools-for-stm32.12.3.rel1.win32_1.0.200.202406191623/tools/bin/../lib/gcc/arm-none-eabi/12.3.1/thumb/v7e-m+fp/hard\libgcc.a(_udivmoddi4.o)
                0x080002c0                __udivmoddi4
 .text          0x0800057c        0x4 C:/STM32/STM32CubeIDE_1.16.0/STM32CubeIDE/plugins/com.st.stm32cube.ide.mcu.externaltools.gnu-tools-for-stm32.12.3.rel1.win32_1.0.200.202406191623/tools/bin/../lib/gcc/arm-none-eabi/12.3.1/thumb/v7e-m+fp/hard\libgcc.a(_dvmd_tls.o)
                0x0800057c                __aeabi_idiv0
                0x0800057c                __aeabi_ldiv0
 *(.text*)
 .text.SDcard_get_queue_handle
                0x08000580       0x18 ./Core/Src/SDcard.o
                0x08000580                SDcard_get_queue_handle
 .text.path_select
                0x08000598      0x2ac ./Core/Src/SDcard.o
 .text.reset_files
                0x08000844      0x158 ./Core/Src/SDcard.o
 .text.SDcard_task
                0x0800099c      0x2d4 ./Core/Src/SDcard.o
 .text.SDcard_start
                0x08000c70       0xe8 ./Core/Src/SDcard.o
                0x08000c70                SDcard_start
 .text.SELECT   0x08000d58       0x1c ./Core/Src/fatfs_sd.o
 .text.DESELECT
                0x08000d74       0x1c ./Core/Src/fatfs_sd.o
 .text.SPI_TxByte
                0x08000d90       0x34 ./Core/Src/fatfs_sd.o
 .text.SPI_TxBuffer
                0x08000dc4       0x34 ./Core/Src/fatfs_sd.o
 .text.SPI_RxByte
                0x08000df8       0x38 ./Core/Src/fatfs_sd.o
 .text.SPI_RxBytePtr
                0x08000e30       0x1c ./Core/Src/fatfs_sd.o
 .text.SD_ReadyWait
                0x08000e4c       0x34 ./Core/Src/fatfs_sd.o
 .text.SD_PowerOn
                0x08000e80       0x84 ./Core/Src/fatfs_sd.o
 .text.SD_PowerOff
                0x08000f04       0x18 ./Core/Src/fatfs_sd.o
 .text.SD_CheckPower
                0x08000f1c       0x18 ./Core/Src/fatfs_sd.o
 .text.SD_RxDataBlock
                0x08000f34       0x5c ./Core/Src/fatfs_sd.o
 .text.SD_TxDataBlock
                0x08000f90       0x86 ./Core/Src/fatfs_sd.o
 .text.SD_SendCmd
                0x08001016       0xa8 ./Core/Src/fatfs_sd.o
 *fill*         0x080010be        0x2 
 .text.SD_disk_initialize
                0x080010c0      0x1cc ./Core/Src/fatfs_sd.o
                0x080010c0                SD_disk_initialize
 .text.SD_disk_status
                0x0800128c       0x2c ./Core/Src/fatfs_sd.o
                0x0800128c                SD_disk_status
 .text.SD_disk_read
                0x080012b8       0xd4 ./Core/Src/fatfs_sd.o
                0x080012b8                SD_disk_read
 .text.SD_disk_write
                0x0800138c      0x108 ./Core/Src/fatfs_sd.o
                0x0800138c                SD_disk_write
 .text.SD_disk_ioctl
                0x08001494      0x254 ./Core/Src/fatfs_sd.o
                0x08001494                SD_disk_ioctl
 .text.MX_FREERTOS_Init
                0x080016e8       0x24 ./Core/Src/freertos.o
                0x080016e8                MX_FREERTOS_Init
 .text.StartDefaultTask
                0x0800170c       0x9c ./Core/Src/freertos.o
                0x0800170c                StartDefaultTask
 .text.send_data
                0x080017a8      0x1d0 ./Core/Src/freertos.o
                0x080017a8                send_data
 .text.start_send_data_tasks
                0x08001978       0x60 ./Core/Src/freertos.o
 .text.MX_GPIO_Init
                0x080019d8       0xa0 ./Core/Src/gpio.o
                0x080019d8                MX_GPIO_Init
 .text.main     0x08001a78       0x30 ./Core/Src/main.o
                0x08001a78                main
 .text.SystemClock_Config
                0x08001aa8       0xe0 ./Core/Src/main.o
                0x08001aa8                SystemClock_Config
 .text.HAL_TIM_PeriodElapsedCallback
                0x08001b88       0x24 ./Core/Src/main.o
                0x08001b88                HAL_TIM_PeriodElapsedCallback
 .text.Error_Handler
                0x08001bac        0xc ./Core/Src/main.o
                0x08001bac                Error_Handler
 .text.MX_RTC_Init
                0x08001bb8       0xb4 ./Core/Src/rtc.o
                0x08001bb8                MX_RTC_Init
 .text.HAL_RTC_MspInit
                0x08001c6c       0x58 ./Core/Src/rtc.o
                0x08001c6c                HAL_RTC_MspInit
 .text.MX_SPI1_Init
                0x08001cc4       0x6c ./Core/Src/spi.o
                0x08001cc4                MX_SPI1_Init
 .text.HAL_SPI_MspInit
                0x08001d30       0x90 ./Core/Src/spi.o
                0x08001d30                HAL_SPI_MspInit
 .text.HAL_MspInit
                0x08001dc0       0x58 ./Core/Src/stm32f4xx_hal_msp.o
                0x08001dc0                HAL_MspInit
 .text.HAL_InitTick
                0x08001e18       0xe4 ./Core/Src/stm32f4xx_hal_timebase_tim.o
                0x08001e18                HAL_InitTick
 .text.NMI_Handler
                0x08001efc        0x8 ./Core/Src/stm32f4xx_it.o
                0x08001efc                NMI_Handler
 .text.HardFault_Handler
                0x08001f04        0x8 ./Core/Src/stm32f4xx_it.o
                0x08001f04                HardFault_Handler
 .text.MemManage_Handler
                0x08001f0c        0x8 ./Core/Src/stm32f4xx_it.o
                0x08001f0c                MemManage_Handler
 .text.BusFault_Handler
                0x08001f14        0x8 ./Core/Src/stm32f4xx_it.o
                0x08001f14                BusFault_Handler
 .text.UsageFault_Handler
                0x08001f1c        0x8 ./Core/Src/stm32f4xx_it.o
                0x08001f1c                UsageFault_Handler
 .text.DebugMon_Handler
                0x08001f24        0xe ./Core/Src/stm32f4xx_it.o
                0x08001f24                DebugMon_Handler
 *fill*         0x08001f32        0x2 
 .text.TIM1_UP_TIM10_IRQHandler
                0x08001f34       0x44 ./Core/Src/stm32f4xx_it.o
                0x08001f34                TIM1_UP_TIM10_IRQHandler
 .text.OTG_FS_IRQHandler
                0x08001f78       0x14 ./Core/Src/stm32f4xx_it.o
                0x08001f78                OTG_FS_IRQHandler
 .text._getpid  0x08001f8c       0x10 ./Core/Src/syscalls.o
                0x08001f8c                _getpid
 .text._kill    0x08001f9c       0x20 ./Core/Src/syscalls.o
                0x08001f9c                _kill
 .text._exit    0x08001fbc       0x16 ./Core/Src/syscalls.o
                0x08001fbc                _exit
 .text._read    0x08001fd2       0x3a ./Core/Src/syscalls.o
                0x08001fd2                _read
 .text._write   0x0800200c       0x38 ./Core/Src/syscalls.o
                0x0800200c                _write
 .text._close   0x08002044       0x18 ./Core/Src/syscalls.o
                0x08002044                _close
 .text._fstat   0x0800205c       0x20 ./Core/Src/syscalls.o
                0x0800205c                _fstat
 .text._isatty  0x0800207c       0x16 ./Core/Src/syscalls.o
                0x0800207c                _isatty
 .text._lseek   0x08002092       0x1a ./Core/Src/syscalls.o
                0x08002092                _lseek
 .text._sbrk    0x080020ac       0x6c ./Core/Src/sysmem.o
                0x080020ac                _sbrk
 .text.SystemInit
                0x08002118       0x24 ./Core/Src/system_stm32f4xx.o
                0x08002118                SystemInit
 .text.MX_TIM2_Init
                0x0800213c       0x98 ./Core/Src/tim.o
                0x0800213c                MX_TIM2_Init
 .text.HAL_TIM_Base_MspInit
                0x080021d4       0x40 ./Core/Src/tim.o
                0x080021d4                HAL_TIM_Base_MspInit
 .text.Reset_Handler
                0x08002214       0x50 ./Core/Startup/startup_stm32f411ceux.o
                0x08002214                Reset_Handler
 .text.Default_Handler
                0x08002264        0x2 ./Core/Startup/startup_stm32f411ceux.o
                0x08002264                RTC_Alarm_IRQHandler
                0x08002264                EXTI2_IRQHandler
                0x08002264                SPI4_IRQHandler
                0x08002264                TIM1_CC_IRQHandler
                0x08002264                DMA2_Stream5_IRQHandler
                0x08002264                DMA1_Stream5_IRQHandler
                0x08002264                PVD_IRQHandler
                0x08002264                SDIO_IRQHandler
                0x08002264                TAMP_STAMP_IRQHandler
                0x08002264                EXTI3_IRQHandler
                0x08002264                I2C3_ER_IRQHandler
                0x08002264                EXTI0_IRQHandler
                0x08002264                I2C2_EV_IRQHandler
                0x08002264                DMA1_Stream2_IRQHandler
                0x08002264                FPU_IRQHandler
                0x08002264                DMA2_Stream2_IRQHandler
                0x08002264                SPI1_IRQHandler
                0x08002264                TIM1_BRK_TIM9_IRQHandler
                0x08002264                DMA2_Stream3_IRQHandler
                0x08002264                USART6_IRQHandler
                0x08002264                DMA2_Stream0_IRQHandler
                0x08002264                TIM4_IRQHandler
                0x08002264                I2C1_EV_IRQHandler
                0x08002264                DMA1_Stream6_IRQHandler
                0x08002264                DMA1_Stream1_IRQHandler
                0x08002264                TIM3_IRQHandler
                0x08002264                RCC_IRQHandler
                0x08002264                Default_Handler
                0x08002264                EXTI15_10_IRQHandler
                0x08002264                ADC_IRQHandler
                0x08002264                DMA1_Stream7_IRQHandler
                0x08002264                SPI5_IRQHandler
                0x08002264                TIM5_IRQHandler
                0x08002264                DMA2_Stream7_IRQHandler
                0x08002264                I2C3_EV_IRQHandler
                0x08002264                EXTI9_5_IRQHandler
                0x08002264                RTC_WKUP_IRQHandler
                0x08002264                SPI2_IRQHandler
                0x08002264                DMA1_Stream0_IRQHandler
                0x08002264                EXTI4_IRQHandler
                0x08002264                WWDG_IRQHandler
                0x08002264                TIM2_IRQHandler
                0x08002264                OTG_FS_WKUP_IRQHandler
                0x08002264                TIM1_TRG_COM_TIM11_IRQHandler
                0x08002264                EXTI1_IRQHandler
                0x08002264                USART2_IRQHandler
                0x08002264                I2C2_ER_IRQHandler
                0x08002264                DMA2_Stream1_IRQHandler
                0x08002264                FLASH_IRQHandler
                0x08002264                DMA2_Stream4_IRQHandler
                0x08002264                USART1_IRQHandler
                0x08002264                SPI3_IRQHandler
                0x08002264                DMA1_Stream4_IRQHandler
                0x08002264                I2C1_ER_IRQHandler
                0x08002264                DMA2_Stream6_IRQHandler
                0x08002264                DMA1_Stream3_IRQHandler
 *fill*         0x08002266        0x2 
 .text.HAL_Init
                0x08002268       0x44 ./Drivers/STM32F4xx_HAL_Driver/Src/stm32f4xx_hal.o
                0x08002268                HAL_Init
 .text.HAL_IncTick
                0x080022ac       0x28 ./Drivers/STM32F4xx_HAL_Driver/Src/stm32f4xx_hal.o
                0x080022ac                HAL_IncTick
 .text.HAL_GetTick
                0x080022d4       0x18 ./Drivers/STM32F4xx_HAL_Driver/Src/stm32f4xx_hal.o
                0x080022d4                HAL_GetTick
 .text.HAL_Delay
                0x080022ec       0x48 ./Drivers/STM32F4xx_HAL_Driver/Src/stm32f4xx_hal.o
                0x080022ec                HAL_Delay
 .text.__NVIC_SetPriorityGrouping
                0x08002334       0x48 ./Drivers/STM32F4xx_HAL_Driver/Src/stm32f4xx_hal_cortex.o
 .text.__NVIC_GetPriorityGrouping
                0x0800237c       0x1c ./Drivers/STM32F4xx_HAL_Driver/Src/stm32f4xx_hal_cortex.o
 .text.__NVIC_EnableIRQ
                0x08002398       0x3c ./Drivers/STM32F4xx_HAL_Driver/Src/stm32f4xx_hal_cortex.o
 .text.__NVIC_SetPriority
                0x080023d4       0x54 ./Drivers/STM32F4xx_HAL_Driver/Src/stm32f4xx_hal_cortex.o
 .text.NVIC_EncodePriority
                0x08002428       0x66 ./Drivers/STM32F4xx_HAL_Driver/Src/stm32f4xx_hal_cortex.o
 .text.HAL_NVIC_SetPriorityGrouping
                0x0800248e       0x16 ./Drivers/STM32F4xx_HAL_Driver/Src/stm32f4xx_hal_cortex.o
                0x0800248e                HAL_NVIC_SetPriorityGrouping
 .text.HAL_NVIC_SetPriority
                0x080024a4       0x38 ./Drivers/STM32F4xx_HAL_Driver/Src/stm32f4xx_hal_cortex.o
                0x080024a4                HAL_NVIC_SetPriority
 .text.HAL_NVIC_EnableIRQ
                0x080024dc       0x1c ./Drivers/STM32F4xx_HAL_Driver/Src/stm32f4xx_hal_cortex.o
                0x080024dc                HAL_NVIC_EnableIRQ
 .text.HAL_GPIO_Init
                0x080024f8      0x308 ./Drivers/STM32F4xx_HAL_Driver/Src/stm32f4xx_hal_gpio.o
                0x080024f8                HAL_GPIO_Init
 .text.HAL_GPIO_WritePin
                0x08002800       0x32 ./Drivers/STM32F4xx_HAL_Driver/Src/stm32f4xx_hal_gpio.o
                0x08002800                HAL_GPIO_WritePin
 .text.HAL_PCD_Init
                0x08002832      0x21e ./Drivers/STM32F4xx_HAL_Driver/Src/stm32f4xx_hal_pcd.o
                0x08002832                HAL_PCD_Init
 .text.HAL_PCD_Start
                0x08002a50       0x6a ./Drivers/STM32F4xx_HAL_Driver/Src/stm32f4xx_hal_pcd.o
                0x08002a50                HAL_PCD_Start
 .text.HAL_PCD_IRQHandler
                0x08002aba      0x942 ./Drivers/STM32F4xx_HAL_Driver/Src/stm32f4xx_hal_pcd.o
                0x08002aba                HAL_PCD_IRQHandler
 .text.HAL_PCD_SetAddress
                0x080033fc       0x48 ./Drivers/STM32F4xx_HAL_Driver/Src/stm32f4xx_hal_pcd.o
                0x080033fc                HAL_PCD_SetAddress
 .text.HAL_PCD_EP_Open
                0x08003444       0xd0 ./Drivers/STM32F4xx_HAL_Driver/Src/stm32f4xx_hal_pcd.o
                0x08003444                HAL_PCD_EP_Open
 .text.HAL_PCD_EP_Close
                0x08003514       0x94 ./Drivers/STM32F4xx_HAL_Driver/Src/stm32f4xx_hal_pcd.o
                0x08003514                HAL_PCD_EP_Close
 .text.HAL_PCD_EP_Receive
                0x080035a8       0x76 ./Drivers/STM32F4xx_HAL_Driver/Src/stm32f4xx_hal_pcd.o
                0x080035a8                HAL_PCD_EP_Receive
 .text.HAL_PCD_EP_GetRxCount
                0x0800361e       0x30 ./Drivers/STM32F4xx_HAL_Driver/Src/stm32f4xx_hal_pcd.o
                0x0800361e                HAL_PCD_EP_GetRxCount
 .text.HAL_PCD_EP_Transmit
                0x0800364e       0x74 ./Drivers/STM32F4xx_HAL_Driver/Src/stm32f4xx_hal_pcd.o
                0x0800364e                HAL_PCD_EP_Transmit
 .text.HAL_PCD_EP_SetStall
                0x080036c2       0xc6 ./Drivers/STM32F4xx_HAL_Driver/Src/stm32f4xx_hal_pcd.o
                0x080036c2                HAL_PCD_EP_SetStall
 .text.HAL_PCD_EP_ClrStall
                0x08003788       0xac ./Drivers/STM32F4xx_HAL_Driver/Src/stm32f4xx_hal_pcd.o
                0x08003788                HAL_PCD_EP_ClrStall
 .text.HAL_PCD_EP_Abort
                0x08003834       0x62 ./Drivers/STM32F4xx_HAL_Driver/Src/stm32f4xx_hal_pcd.o
                0x08003834                HAL_PCD_EP_Abort
 .text.PCD_WriteEmptyTxFifo
                0x08003896      0x118 ./Drivers/STM32F4xx_HAL_Driver/Src/stm32f4xx_hal_pcd.o
 *fill*         0x080039ae        0x2 
 .text.PCD_EP_OutXfrComplete_int
                0x080039b0      0x1d0 ./Drivers/STM32F4xx_HAL_Driver/Src/stm32f4xx_hal_pcd.o
 .text.PCD_EP_OutSetupPacket_int
                0x08003b80       0x8c ./Drivers/STM32F4xx_HAL_Driver/Src/stm32f4xx_hal_pcd.o
 .text.HAL_PCDEx_SetTxFiFo
                0x08003c0c       0x8e ./Drivers/STM32F4xx_HAL_Driver/Src/stm32f4xx_hal_pcd_ex.o
                0x08003c0c                HAL_PCDEx_SetTxFiFo
 .text.HAL_PCDEx_SetRxFiFo
                0x08003c9a       0x22 ./Drivers/STM32F4xx_HAL_Driver/Src/stm32f4xx_hal_pcd_ex.o
                0x08003c9a                HAL_PCDEx_SetRxFiFo
 .text.HAL_PCDEx_LPM_Callback
                0x08003cbc       0x18 ./Drivers/STM32F4xx_HAL_Driver/Src/stm32f4xx_hal_pcd_ex.o
                0x08003cbc                HAL_PCDEx_LPM_Callback
 .text.HAL_RCC_OscConfig
                0x08003cd4      0x4f0 ./Drivers/STM32F4xx_HAL_Driver/Src/stm32f4xx_hal_rcc.o
                0x08003cd4                HAL_RCC_OscConfig
 .text.HAL_RCC_ClockConfig
                0x080041c4      0x1cc ./Drivers/STM32F4xx_HAL_Driver/Src/stm32f4xx_hal_rcc.o
                0x080041c4                HAL_RCC_ClockConfig
 .text.HAL_RCC_GetSysClockFreq
                0x08004390      0x18c ./Drivers/STM32F4xx_HAL_Driver/Src/stm32f4xx_hal_rcc.o
                0x08004390                HAL_RCC_GetSysClockFreq
 .text.HAL_RCC_GetHCLKFreq
                0x0800451c       0x18 ./Drivers/STM32F4xx_HAL_Driver/Src/stm32f4xx_hal_rcc.o
                0x0800451c                HAL_RCC_GetHCLKFreq
 .text.HAL_RCC_GetPCLK2Freq
                0x08004534       0x28 ./Drivers/STM32F4xx_HAL_Driver/Src/stm32f4xx_hal_rcc.o
                0x08004534                HAL_RCC_GetPCLK2Freq
 .text.HAL_RCC_GetClockConfig
                0x0800455c       0x64 ./Drivers/STM32F4xx_HAL_Driver/Src/stm32f4xx_hal_rcc.o
                0x0800455c                HAL_RCC_GetClockConfig
 .text.HAL_RCCEx_PeriphCLKConfig
                0x080045c0      0x1e0 ./Drivers/STM32F4xx_HAL_Driver/Src/stm32f4xx_hal_rcc_ex.o
                0x080045c0                HAL_RCCEx_PeriphCLKConfig
 .text.HAL_RTC_Init
                0x080047a0      0x106 ./Drivers/STM32F4xx_HAL_Driver/Src/stm32f4xx_hal_rtc.o
                0x080047a0                HAL_RTC_Init
 .text.HAL_RTC_SetTime
                0x080048a6      0x134 ./Drivers/STM32F4xx_HAL_Driver/Src/stm32f4xx_hal_rtc.o
                0x080048a6                HAL_RTC_SetTime
 .text.HAL_RTC_SetDate
                0x080049da      0x108 ./Drivers/STM32F4xx_HAL_Driver/Src/stm32f4xx_hal_rtc.o
                0x080049da                HAL_RTC_SetDate
 *fill*         0x08004ae2        0x2 
 .text.HAL_RTC_WaitForSynchro
                0x08004ae4       0x4c ./Drivers/STM32F4xx_HAL_Driver/Src/stm32f4xx_hal_rtc.o
                0x08004ae4                HAL_RTC_WaitForSynchro
 .text.RTC_EnterInitMode
                0x08004b30       0x6e ./Drivers/STM32F4xx_HAL_Driver/Src/stm32f4xx_hal_rtc.o
                0x08004b30                RTC_EnterInitMode
 .text.RTC_ExitInitMode
                0x08004b9e       0x4a ./Drivers/STM32F4xx_HAL_Driver/Src/stm32f4xx_hal_rtc.o
                0x08004b9e                RTC_ExitInitMode
 .text.RTC_ByteToBcd2
                0x08004be8       0x3c ./Drivers/STM32F4xx_HAL_Driver/Src/stm32f4xx_hal_rtc.o
                0x08004be8                RTC_ByteToBcd2
 .text.HAL_SPI_Init
                0x08004c24      0x112 ./Drivers/STM32F4xx_HAL_Driver/Src/stm32f4xx_hal_spi.o
                0x08004c24                HAL_SPI_Init
 .text.HAL_SPI_Transmit
                0x08004d36      0x286 ./Drivers/STM32F4xx_HAL_Driver/Src/stm32f4xx_hal_spi.o
                0x08004d36                HAL_SPI_Transmit
 .text.HAL_SPI_TransmitReceive
                0x08004fbc      0x360 ./Drivers/STM32F4xx_HAL_Driver/Src/stm32f4xx_hal_spi.o
                0x08004fbc                HAL_SPI_TransmitReceive
 .text.SPI_WaitFlagStateUntilTimeout
                0x0800531c      0x110 ./Drivers/STM32F4xx_HAL_Driver/Src/stm32f4xx_hal_spi.o
 .text.SPI_EndRxTxTransaction
                0x0800542c       0xa8 ./Drivers/STM32F4xx_HAL_Driver/Src/stm32f4xx_hal_spi.o
 .text.HAL_TIM_Base_Init
                0x080054d4       0x9e ./Drivers/STM32F4xx_HAL_Driver/Src/stm32f4xx_hal_tim.o
                0x080054d4                HAL_TIM_Base_Init
 *fill*         0x08005572        0x2 
 .text.HAL_TIM_Base_Start_IT
                0x08005574       0xc4 ./Drivers/STM32F4xx_HAL_Driver/Src/stm32f4xx_hal_tim.o
                0x08005574                HAL_TIM_Base_Start_IT
 .text.HAL_TIM_IRQHandler
                0x08005638      0x1e0 ./Drivers/STM32F4xx_HAL_Driver/Src/stm32f4xx_hal_tim.o
                0x08005638                HAL_TIM_IRQHandler
 .text.HAL_TIM_ConfigClockSource
                0x08005818      0x18e ./Drivers/STM32F4xx_HAL_Driver/Src/stm32f4xx_hal_tim.o
                0x08005818                HAL_TIM_ConfigClockSource
 .text.HAL_TIM_OC_DelayElapsedCallback
                0x080059a6       0x14 ./Drivers/STM32F4xx_HAL_Driver/Src/stm32f4xx_hal_tim.o
                0x080059a6                HAL_TIM_OC_DelayElapsedCallback
 .text.HAL_TIM_IC_CaptureCallback
                0x080059ba       0x14 ./Drivers/STM32F4xx_HAL_Driver/Src/stm32f4xx_hal_tim.o
                0x080059ba                HAL_TIM_IC_CaptureCallback
 .text.HAL_TIM_PWM_PulseFinishedCallback
                0x080059ce       0x14 ./Drivers/STM32F4xx_HAL_Driver/Src/stm32f4xx_hal_tim.o
                0x080059ce                HAL_TIM_PWM_PulseFinishedCallback
 .text.HAL_TIM_TriggerCallback
                0x080059e2       0x14 ./Drivers/STM32F4xx_HAL_Driver/Src/stm32f4xx_hal_tim.o
                0x080059e2                HAL_TIM_TriggerCallback
 *fill*         0x080059f6        0x2 
 .text.TIM_Base_SetConfig
                0x080059f8      0x118 ./Drivers/STM32F4xx_HAL_Driver/Src/stm32f4xx_hal_tim.o
                0x080059f8                TIM_Base_SetConfig
 .text.TIM_TI1_ConfigInputStage
                0x08005b10       0x5e ./Drivers/STM32F4xx_HAL_Driver/Src/stm32f4xx_hal_tim.o
 .text.TIM_TI2_ConfigInputStage
                0x08005b6e       0x60 ./Drivers/STM32F4xx_HAL_Driver/Src/stm32f4xx_hal_tim.o
 .text.TIM_ITRx_SetConfig
                0x08005bce       0x36 ./Drivers/STM32F4xx_HAL_Driver/Src/stm32f4xx_hal_tim.o
 .text.TIM_ETR_SetConfig
                0x08005c04       0x40 ./Drivers/STM32F4xx_HAL_Driver/Src/stm32f4xx_hal_tim.o
                0x08005c04                TIM_ETR_SetConfig
 .text.HAL_TIMEx_MasterConfigSynchronization
                0x08005c44       0xdc ./Drivers/STM32F4xx_HAL_Driver/Src/stm32f4xx_hal_tim_ex.o
                0x08005c44                HAL_TIMEx_MasterConfigSynchronization
 .text.HAL_TIMEx_CommutCallback
                0x08005d20       0x14 ./Drivers/STM32F4xx_HAL_Driver/Src/stm32f4xx_hal_tim_ex.o
                0x08005d20                HAL_TIMEx_CommutCallback
 .text.HAL_TIMEx_BreakCallback
                0x08005d34       0x14 ./Drivers/STM32F4xx_HAL_Driver/Src/stm32f4xx_hal_tim_ex.o
                0x08005d34                HAL_TIMEx_BreakCallback
 .text.USB_CoreInit
                0x08005d48       0xc8 ./Drivers/STM32F4xx_HAL_Driver/Src/stm32f4xx_ll_usb.o
                0x08005d48                USB_CoreInit
 .text.USB_SetTurnaroundTime
                0x08005e10      0x144 ./Drivers/STM32F4xx_HAL_Driver/Src/stm32f4xx_ll_usb.o
                0x08005e10                USB_SetTurnaroundTime
 .text.USB_EnableGlobalInt
                0x08005f54       0x22 ./Drivers/STM32F4xx_HAL_Driver/Src/stm32f4xx_ll_usb.o
                0x08005f54                USB_EnableGlobalInt
 .text.USB_DisableGlobalInt
                0x08005f76       0x22 ./Drivers/STM32F4xx_HAL_Driver/Src/stm32f4xx_ll_usb.o
                0x08005f76                USB_DisableGlobalInt
 .text.USB_SetCurrentMode
                0x08005f98       0x98 ./Drivers/STM32F4xx_HAL_Driver/Src/stm32f4xx_ll_usb.o
                0x08005f98                USB_SetCurrentMode
 .text.USB_DevInit
                0x08006030      0x2c8 ./Drivers/STM32F4xx_HAL_Driver/Src/stm32f4xx_ll_usb.o
                0x08006030                USB_DevInit
 .text.USB_FlushTxFifo
                0x080062f8       0x64 ./Drivers/STM32F4xx_HAL_Driver/Src/stm32f4xx_ll_usb.o
                0x080062f8                USB_FlushTxFifo
 .text.USB_FlushRxFifo
                0x0800635c       0x5c ./Drivers/STM32F4xx_HAL_Driver/Src/stm32f4xx_ll_usb.o
                0x0800635c                USB_FlushRxFifo
 .text.USB_SetDevSpeed
                0x080063b8       0x32 ./Drivers/STM32F4xx_HAL_Driver/Src/stm32f4xx_ll_usb.o
                0x080063b8                USB_SetDevSpeed
 .text.USB_GetDevSpeed
                0x080063ea       0x4a ./Drivers/STM32F4xx_HAL_Driver/Src/stm32f4xx_ll_usb.o
                0x080063ea                USB_GetDevSpeed
 .text.USB_ActivateEndpoint
                0x08006434      0x10e ./Drivers/STM32F4xx_HAL_Driver/Src/stm32f4xx_ll_usb.o
                0x08006434                USB_ActivateEndpoint
 *fill*         0x08006542        0x2 
 .text.USB_DeactivateEndpoint
                0x08006544      0x1b8 ./Drivers/STM32F4xx_HAL_Driver/Src/stm32f4xx_ll_usb.o
                0x08006544                USB_DeactivateEndpoint
 .text.USB_EPStartXfer
                0x080066fc      0x530 ./Drivers/STM32F4xx_HAL_Driver/Src/stm32f4xx_ll_usb.o
                0x080066fc                USB_EPStartXfer
 .text.USB_EPStopXfer
                0x08006c2c      0x154 ./Drivers/STM32F4xx_HAL_Driver/Src/stm32f4xx_ll_usb.o
                0x08006c2c                USB_EPStopXfer
 .text.USB_WritePacket
                0x08006d80       0x7c ./Drivers/STM32F4xx_HAL_Driver/Src/stm32f4xx_ll_usb.o
                0x08006d80                USB_WritePacket
 .text.USB_ReadPacket
                0x08006dfc       0xb0 ./Drivers/STM32F4xx_HAL_Driver/Src/stm32f4xx_ll_usb.o
                0x08006dfc                USB_ReadPacket
 .text.USB_EPSetStall
                0x08006eac       0xdc ./Drivers/STM32F4xx_HAL_Driver/Src/stm32f4xx_ll_usb.o
                0x08006eac                USB_EPSetStall
 .text.USB_EPClearStall
                0x08006f88       0xcc ./Drivers/STM32F4xx_HAL_Driver/Src/stm32f4xx_ll_usb.o
                0x08006f88                USB_EPClearStall
 .text.USB_SetDevAddress
                0x08007054       0x4c ./Drivers/STM32F4xx_HAL_Driver/Src/stm32f4xx_ll_usb.o
                0x08007054                USB_SetDevAddress
 .text.USB_DevConnect
                0x080070a0       0x42 ./Drivers/STM32F4xx_HAL_Driver/Src/stm32f4xx_ll_usb.o
                0x080070a0                USB_DevConnect
 .text.USB_DevDisconnect
                0x080070e2       0x42 ./Drivers/STM32F4xx_HAL_Driver/Src/stm32f4xx_ll_usb.o
                0x080070e2                USB_DevDisconnect
 .text.USB_ReadInterrupts
                0x08007124       0x26 ./Drivers/STM32F4xx_HAL_Driver/Src/stm32f4xx_ll_usb.o
                0x08007124                USB_ReadInterrupts
 .text.USB_ReadDevAllOutEpInterrupt
                0x0800714a       0x34 ./Drivers/STM32F4xx_HAL_Driver/Src/stm32f4xx_ll_usb.o
                0x0800714a                USB_ReadDevAllOutEpInterrupt
 .text.USB_ReadDevAllInEpInterrupt
                0x0800717e       0x34 ./Drivers/STM32F4xx_HAL_Driver/Src/stm32f4xx_ll_usb.o
                0x0800717e                USB_ReadDevAllInEpInterrupt
 .text.USB_ReadDevOutEPInterrupt
                0x080071b2       0x3c ./Drivers/STM32F4xx_HAL_Driver/Src/stm32f4xx_ll_usb.o
                0x080071b2                USB_ReadDevOutEPInterrupt
 .text.USB_ReadDevInEPInterrupt
                0x080071ee       0x5c ./Drivers/STM32F4xx_HAL_Driver/Src/stm32f4xx_ll_usb.o
                0x080071ee                USB_ReadDevInEPInterrupt
 .text.USB_GetMode
                0x0800724a       0x1c ./Drivers/STM32F4xx_HAL_Driver/Src/stm32f4xx_ll_usb.o
                0x0800724a                USB_GetMode
 .text.USB_ActivateSetup
                0x08007266       0x46 ./Drivers/STM32F4xx_HAL_Driver/Src/stm32f4xx_ll_usb.o
                0x08007266                USB_ActivateSetup
 .text.USB_EP0_OutStart
                0x080072ac       0xbc ./Drivers/STM32F4xx_HAL_Driver/Src/stm32f4xx_ll_usb.o
                0x080072ac                USB_EP0_OutStart
 .text.USB_CoreReset
                0x08007368       0x62 ./Drivers/STM32F4xx_HAL_Driver/Src/stm32f4xx_ll_usb.o
 *fill*         0x080073ca        0x2 
 .text.MX_FATFS_Init
                0x080073cc       0x24 ./FATFS/App/fatfs.o
                0x080073cc                MX_FATFS_Init
 .text.get_fattime
                0x080073f0       0x10 ./FATFS/App/fatfs.o
                0x080073f0                get_fattime
 .text.USER_initialize
                0x08007400       0x1e ./FATFS/Target/user_diskio.o
                0x08007400                USER_initialize
 .text.USER_status
                0x0800741e       0x1e ./FATFS/Target/user_diskio.o
                0x0800741e                USER_status
 .text.USER_read
                0x0800743c       0x28 ./FATFS/Target/user_diskio.o
                0x0800743c                USER_read
 .text.USER_write
                0x08007464       0x28 ./FATFS/Target/user_diskio.o
                0x08007464                USER_write
 .text.USER_ioctl
                0x0800748c       0x28 ./FATFS/Target/user_diskio.o
                0x0800748c                USER_ioctl
 .text.USBD_CDC_Init
                0x080074b4      0x1f0 ./Middlewares/ST/STM32_USB_Device_Library/Class/CDC/Src/usbd_cdc.o
 .text.USBD_CDC_DeInit
                0x080076a4      0x104 ./Middlewares/ST/STM32_USB_Device_Library/Class/CDC/Src/usbd_cdc.o
 .text.USBD_CDC_Setup
                0x080077a8      0x1b8 ./Middlewares/ST/STM32_USB_Device_Library/Class/CDC/Src/usbd_cdc.o
 .text.USBD_CDC_DataIn
                0x08007960       0xfe ./Middlewares/ST/STM32_USB_Device_Library/Class/CDC/Src/usbd_cdc.o
 .text.USBD_CDC_DataOut
                0x08007a5e       0x70 ./Middlewares/ST/STM32_USB_Device_Library/Class/CDC/Src/usbd_cdc.o
 .text.USBD_CDC_EP0_RxReady
                0x08007ace       0x74 ./Middlewares/ST/STM32_USB_Device_Library/Class/CDC/Src/usbd_cdc.o
 *fill*         0x08007b42        0x2 
 .text.USBD_CDC_GetFSCfgDesc
                0x08007b44       0x70 ./Middlewares/ST/STM32_USB_Device_Library/Class/CDC/Src/usbd_cdc.o
 .text.USBD_CDC_GetHSCfgDesc
                0x08007bb4       0x70 ./Middlewares/ST/STM32_USB_Device_Library/Class/CDC/Src/usbd_cdc.o
 .text.USBD_CDC_GetOtherSpeedCfgDesc
                0x08007c24       0x70 ./Middlewares/ST/STM32_USB_Device_Library/Class/CDC/Src/usbd_cdc.o
 .text.USBD_CDC_GetDeviceQualifierDescriptor
                0x08007c94       0x20 ./Middlewares/ST/STM32_USB_Device_Library/Class/CDC/Src/usbd_cdc.o
                0x08007c94                USBD_CDC_GetDeviceQualifierDescriptor
 .text.USBD_CDC_RegisterInterface
                0x08007cb4       0x34 ./Middlewares/ST/STM32_USB_Device_Library/Class/CDC/Src/usbd_cdc.o
                0x08007cb4                USBD_CDC_RegisterInterface
 .text.USBD_CDC_SetTxBuffer
                0x08007ce8       0x44 ./Middlewares/ST/STM32_USB_Device_Library/Class/CDC/Src/usbd_cdc.o
                0x08007ce8                USBD_CDC_SetTxBuffer
 .text.USBD_CDC_SetRxBuffer
                0x08007d2c       0x3a ./Middlewares/ST/STM32_USB_Device_Library/Class/CDC/Src/usbd_cdc.o
                0x08007d2c                USBD_CDC_SetRxBuffer
 *fill*         0x08007d66        0x2 
 .text.USBD_CDC_TransmitPacket
                0x08007d68       0x80 ./Middlewares/ST/STM32_USB_Device_Library/Class/CDC/Src/usbd_cdc.o
                0x08007d68                USBD_CDC_TransmitPacket
 .text.USBD_CDC_ReceivePacket
                0x08007de8       0x6c ./Middlewares/ST/STM32_USB_Device_Library/Class/CDC/Src/usbd_cdc.o
                0x08007de8                USBD_CDC_ReceivePacket
 .text.USBD_Init
                0x08007e54       0x60 ./Middlewares/ST/STM32_USB_Device_Library/Core/Src/usbd_core.o
                0x08007e54                USBD_Init
 .text.USBD_RegisterClass
                0x08007eb4       0x6c ./Middlewares/ST/STM32_USB_Device_Library/Core/Src/usbd_core.o
                0x08007eb4                USBD_RegisterClass
 .text.USBD_Start
                0x08007f20       0x18 ./Middlewares/ST/STM32_USB_Device_Library/Core/Src/usbd_core.o
                0x08007f20                USBD_Start
 .text.USBD_RunTestMode
                0x08007f38       0x16 ./Middlewares/ST/STM32_USB_Device_Library/Core/Src/usbd_core.o
                0x08007f38                USBD_RunTestMode
 .text.USBD_SetClassConfig
                0x08007f4e       0x38 ./Middlewares/ST/STM32_USB_Device_Library/Core/Src/usbd_core.o
                0x08007f4e                USBD_SetClassConfig
 .text.USBD_ClrClassConfig
                0x08007f86       0x34 ./Middlewares/ST/STM32_USB_Device_Library/Core/Src/usbd_core.o
                0x08007f86                USBD_ClrClassConfig
 .text.USBD_LL_SetupStage
                0x08007fba       0xaa ./Middlewares/ST/STM32_USB_Device_Library/Core/Src/usbd_core.o
                0x08007fba                USBD_LL_SetupStage
 .text.USBD_LL_DataOutStage
                0x08008064      0x166 ./Middlewares/ST/STM32_USB_Device_Library/Core/Src/usbd_core.o
                0x08008064                USBD_LL_DataOutStage
 .text.USBD_LL_DataInStage
                0x080081ca      0x164 ./Middlewares/ST/STM32_USB_Device_Library/Core/Src/usbd_core.o
                0x080081ca                USBD_LL_DataInStage
 .text.USBD_LL_Reset
                0x0800832e       0xa4 ./Middlewares/ST/STM32_USB_Device_Library/Core/Src/usbd_core.o
                0x0800832e                USBD_LL_Reset
 .text.USBD_LL_SetSpeed
                0x080083d2       0x20 ./Middlewares/ST/STM32_USB_Device_Library/Core/Src/usbd_core.o
                0x080083d2                USBD_LL_SetSpeed
 .text.USBD_LL_Suspend
                0x080083f2       0x38 ./Middlewares/ST/STM32_USB_Device_Library/Core/Src/usbd_core.o
                0x080083f2                USBD_LL_Suspend
 .text.USBD_LL_Resume
                0x0800842a       0x30 ./Middlewares/ST/STM32_USB_Device_Library/Core/Src/usbd_core.o
                0x0800842a                USBD_LL_Resume
 .text.USBD_LL_SOF
                0x0800845a       0x40 ./Middlewares/ST/STM32_USB_Device_Library/Core/Src/usbd_core.o
                0x0800845a                USBD_LL_SOF
 .text.USBD_LL_IsoINIncomplete
                0x0800849a       0x64 ./Middlewares/ST/STM32_USB_Device_Library/Core/Src/usbd_core.o
                0x0800849a                USBD_LL_IsoINIncomplete
 .text.USBD_LL_IsoOUTIncomplete
                0x080084fe       0x64 ./Middlewares/ST/STM32_USB_Device_Library/Core/Src/usbd_core.o
                0x080084fe                USBD_LL_IsoOUTIncomplete
 .text.USBD_LL_DevConnected
                0x08008562       0x16 ./Middlewares/ST/STM32_USB_Device_Library/Core/Src/usbd_core.o
                0x08008562                USBD_LL_DevConnected
 .text.USBD_LL_DevDisconnected
                0x08008578       0x46 ./Middlewares/ST/STM32_USB_Device_Library/Core/Src/usbd_core.o
                0x08008578                USBD_LL_DevDisconnected
 .text.USBD_CoreFindIF
                0x080085be       0x1a ./Middlewares/ST/STM32_USB_Device_Library/Core/Src/usbd_core.o
                0x080085be                USBD_CoreFindIF
 .text.USBD_CoreFindEP
                0x080085d8       0x1a ./Middlewares/ST/STM32_USB_Device_Library/Core/Src/usbd_core.o
                0x080085d8                USBD_CoreFindEP
 .text.USBD_GetEpDesc
                0x080085f2       0x70 ./Middlewares/ST/STM32_USB_Device_Library/Core/Src/usbd_core.o
                0x080085f2                USBD_GetEpDesc
 .text.USBD_GetNextDesc
                0x08008662       0x38 ./Middlewares/ST/STM32_USB_Device_Library/Core/Src/usbd_core.o
                0x08008662                USBD_GetNextDesc
 .text.SWAPBYTE
                0x0800869a       0x3c ./Middlewares/ST/STM32_USB_Device_Library/Core/Src/usbd_ctlreq.o
 *fill*         0x080086d6        0x2 
 .text.USBD_StdDevReq
                0x080086d8       0xe4 ./Middlewares/ST/STM32_USB_Device_Library/Core/Src/usbd_ctlreq.o
                0x080086d8                USBD_StdDevReq
 .text.USBD_StdItfReq
                0x080087bc       0xd8 ./Middlewares/ST/STM32_USB_Device_Library/Core/Src/usbd_ctlreq.o
                0x080087bc                USBD_StdItfReq
 .text.USBD_StdEPReq
                0x08008894      0x33a ./Middlewares/ST/STM32_USB_Device_Library/Core/Src/usbd_ctlreq.o
                0x08008894                USBD_StdEPReq
 *fill*         0x08008bce        0x2 
 .text.USBD_GetDescriptor
                0x08008bd0      0x2d4 ./Middlewares/ST/STM32_USB_Device_Library/Core/Src/usbd_ctlreq.o
 .text.USBD_SetAddress
                0x08008ea4       0x88 ./Middlewares/ST/STM32_USB_Device_Library/Core/Src/usbd_ctlreq.o
 .text.USBD_SetConfig
                0x08008f2c      0x154 ./Middlewares/ST/STM32_USB_Device_Library/Core/Src/usbd_ctlreq.o
 .text.USBD_GetConfig
                0x08009080       0x6c ./Middlewares/ST/STM32_USB_Device_Library/Core/Src/usbd_ctlreq.o
 .text.USBD_GetStatus
                0x080090ec       0x68 ./Middlewares/ST/STM32_USB_Device_Library/Core/Src/usbd_ctlreq.o
 .text.USBD_SetFeature
                0x08009154       0x52 ./Middlewares/ST/STM32_USB_Device_Library/Core/Src/usbd_ctlreq.o
 .text.USBD_ClrFeature
                0x080091a6       0x44 ./Middlewares/ST/STM32_USB_Device_Library/Core/Src/usbd_ctlreq.o
 .text.USBD_ParseSetupRequest
                0x080091ea       0x74 ./Middlewares/ST/STM32_USB_Device_Library/Core/Src/usbd_ctlreq.o
                0x080091ea                USBD_ParseSetupRequest
 .text.USBD_CtlError
                0x0800925e       0x22 ./Middlewares/ST/STM32_USB_Device_Library/Core/Src/usbd_ctlreq.o
                0x0800925e                USBD_CtlError
 .text.USBD_GetString
                0x08009280       0x8c ./Middlewares/ST/STM32_USB_Device_Library/Core/Src/usbd_ctlreq.o
                0x08009280                USBD_GetString
 .text.USBD_GetLen
                0x0800930c       0x34 ./Middlewares/ST/STM32_USB_Device_Library/Core/Src/usbd_ctlreq.o
 .text.USBD_CtlSendData
                0x08009340       0x36 ./Middlewares/ST/STM32_USB_Device_Library/Core/Src/usbd_ioreq.o
                0x08009340                USBD_CtlSendData
 .text.USBD_CtlContinueSendData
                0x08009376       0x22 ./Middlewares/ST/STM32_USB_Device_Library/Core/Src/usbd_ioreq.o
                0x08009376                USBD_CtlContinueSendData
 .text.USBD_CtlPrepareRx
                0x08009398       0x3a ./Middlewares/ST/STM32_USB_Device_Library/Core/Src/usbd_ioreq.o
                0x08009398                USBD_CtlPrepareRx
 .text.USBD_CtlContinueRx
                0x080093d2       0x22 ./Middlewares/ST/STM32_USB_Device_Library/Core/Src/usbd_ioreq.o
                0x080093d2                USBD_CtlContinueRx
 .text.USBD_CtlSendStatus
                0x080093f4       0x26 ./Middlewares/ST/STM32_USB_Device_Library/Core/Src/usbd_ioreq.o
                0x080093f4                USBD_CtlSendStatus
 .text.USBD_CtlReceiveStatus
                0x0800941a       0x26 ./Middlewares/ST/STM32_USB_Device_Library/Core/Src/usbd_ioreq.o
                0x0800941a                USBD_CtlReceiveStatus
 .text.disk_status
                0x08009440       0x34 ./Middlewares/Third_Party/FatFs/src/diskio.o
                0x08009440                disk_status
 .text.disk_initialize
                0x08009474       0x50 ./Middlewares/Third_Party/FatFs/src/diskio.o
                0x08009474                disk_initialize
 .text.disk_read
                0x080094c4       0x40 ./Middlewares/Third_Party/FatFs/src/diskio.o
                0x080094c4                disk_read
 .text.disk_write
                0x08009504       0x40 ./Middlewares/Third_Party/FatFs/src/diskio.o
                0x08009504                disk_write
 .text.disk_ioctl
                0x08009544       0x3c ./Middlewares/Third_Party/FatFs/src/diskio.o
                0x08009544                disk_ioctl
 .text.ld_word  0x08009580       0x30 ./Middlewares/Third_Party/FatFs/src/ff.o
 .text.ld_dword
                0x080095b0       0x46 ./Middlewares/Third_Party/FatFs/src/ff.o
 .text.st_word  0x080095f6       0x36 ./Middlewares/Third_Party/FatFs/src/ff.o
 .text.st_dword
                0x0800962c       0x58 ./Middlewares/Third_Party/FatFs/src/ff.o
 .text.mem_cpy  0x08009684       0x42 ./Middlewares/Third_Party/FatFs/src/ff.o
 .text.mem_set  0x080096c6       0x36 ./Middlewares/Third_Party/FatFs/src/ff.o
 .text.mem_cmp  0x080096fc       0x4e ./Middlewares/Third_Party/FatFs/src/ff.o
 .text.chk_chr  0x0800974a       0x36 ./Middlewares/Third_Party/FatFs/src/ff.o
 .text.chk_lock
                0x08009780       0xb8 ./Middlewares/Third_Party/FatFs/src/ff.o
 .text.enq_lock
                0x08009838       0x44 ./Middlewares/Third_Party/FatFs/src/ff.o
 .text.inc_lock
                0x0800987c      0x11c ./Middlewares/Third_Party/FatFs/src/ff.o
 .text.dec_lock
                0x08009998       0x78 ./Middlewares/Third_Party/FatFs/src/ff.o
 .text.clear_lock
                0x08009a10       0x48 ./Middlewares/Third_Party/FatFs/src/ff.o
 .text.sync_window
                0x08009a58       0x88 ./Middlewares/Third_Party/FatFs/src/ff.o
 .text.move_window
                0x08009ae0       0x5a ./Middlewares/Third_Party/FatFs/src/ff.o
 *fill*         0x08009b3a        0x2 
 .text.sync_fs  0x08009b3c       0xe0 ./Middlewares/Third_Party/FatFs/src/ff.o
 .text.clust2sect
                0x08009c1c       0x3e ./Middlewares/Third_Party/FatFs/src/ff.o
 .text.get_fat  0x08009c5a      0x1a6 ./Middlewares/Third_Party/FatFs/src/ff.o
 .text.put_fat  0x08009e00      0x234 ./Middlewares/Third_Party/FatFs/src/ff.o
 .text.remove_chain
                0x0800a034       0xca ./Middlewares/Third_Party/FatFs/src/ff.o
 .text.create_chain
                0x0800a0fe      0x130 ./Middlewares/Third_Party/FatFs/src/ff.o
 .text.clmt_clust
                0x0800a22e       0x70 ./Middlewares/Third_Party/FatFs/src/ff.o
 .text.dir_sdi  0x0800a29e      0x112 ./Middlewares/Third_Party/FatFs/src/ff.o
 .text.dir_next
                0x0800a3b0      0x1ac ./Middlewares/Third_Party/FatFs/src/ff.o
 .text.dir_alloc
                0x0800a55c       0x8e ./Middlewares/Third_Party/FatFs/src/ff.o
 .text.ld_clust
                0x0800a5ea       0x3e ./Middlewares/Third_Party/FatFs/src/ff.o
 .text.st_clust
                0x0800a628       0x40 ./Middlewares/Third_Party/FatFs/src/ff.o
 .text.cmp_lfn  0x0800a668       0xe0 ./Middlewares/Third_Party/FatFs/src/ff.o
 .text.pick_lfn
                0x0800a748       0xc8 ./Middlewares/Third_Party/FatFs/src/ff.o
 .text.put_lfn  0x0800a810       0xd0 ./Middlewares/Third_Party/FatFs/src/ff.o
 .text.gen_numname
                0x0800a8e0      0x11c ./Middlewares/Third_Party/FatFs/src/ff.o
 .text.sum_sfn  0x0800a9fc       0x42 ./Middlewares/Third_Party/FatFs/src/ff.o
 .text.dir_read
                0x0800aa3e      0x14e ./Middlewares/Third_Party/FatFs/src/ff.o
 .text.dir_find
                0x0800ab8c      0x180 ./Middlewares/Third_Party/FatFs/src/ff.o
 .text.dir_register
                0x0800ad0c      0x1f0 ./Middlewares/Third_Party/FatFs/src/ff.o
 .text.dir_remove
                0x0800aefc       0x94 ./Middlewares/Third_Party/FatFs/src/ff.o
 .text.get_fileinfo
                0x0800af90      0x1bc ./Middlewares/Third_Party/FatFs/src/ff.o
 .text.create_name
                0x0800b14c      0x370 ./Middlewares/Third_Party/FatFs/src/ff.o
 .text.follow_path
                0x0800b4bc       0xec ./Middlewares/Third_Party/FatFs/src/ff.o
 .text.get_ldnumber
                0x0800b5a8       0x88 ./Middlewares/Third_Party/FatFs/src/ff.o
 .text.check_fs
                0x0800b630       0xac ./Middlewares/Third_Party/FatFs/src/ff.o
 .text.find_volume
                0x0800b6dc      0x50c ./Middlewares/Third_Party/FatFs/src/ff.o
 .text.validate
                0x0800bbe8       0x6a ./Middlewares/Third_Party/FatFs/src/ff.o
 *fill*         0x0800bc52        0x2 
 .text.f_mount  0x0800bc54       0x8c ./Middlewares/Third_Party/FatFs/src/ff.o
                0x0800bc54                f_mount
 .text.f_open   0x0800bce0      0x390 ./Middlewares/Third_Party/FatFs/src/ff.o
                0x0800bce0                f_open
 .text.f_read   0x0800c070      0x2be ./Middlewares/Third_Party/FatFs/src/ff.o
                0x0800c070                f_read
 .text.f_write  0x0800c32e      0x328 ./Middlewares/Third_Party/FatFs/src/ff.o
                0x0800c32e                f_write
 .text.f_sync   0x0800c656       0xfc ./Middlewares/Third_Party/FatFs/src/ff.o
                0x0800c656                f_sync
 .text.f_close  0x0800c752       0x54 ./Middlewares/Third_Party/FatFs/src/ff.o
                0x0800c752                f_close
 .text.f_lseek  0x0800c7a6      0x448 ./Middlewares/Third_Party/FatFs/src/ff.o
                0x0800c7a6                f_lseek
 .text.f_stat   0x0800cbee       0x72 ./Middlewares/Third_Party/FatFs/src/ff.o
                0x0800cbee                f_stat
 .text.f_unlink
                0x0800cc60      0x156 ./Middlewares/Third_Party/FatFs/src/ff.o
                0x0800cc60                f_unlink
 .text.f_gets   0x0800cdb6       0x7c ./Middlewares/Third_Party/FatFs/src/ff.o
                0x0800cdb6                f_gets
 .text.putc_bfd
                0x0800ce32       0x7a ./Middlewares/Third_Party/FatFs/src/ff.o
 .text.putc_flush
                0x0800ceac       0x4a ./Middlewares/Third_Party/FatFs/src/ff.o
 .text.putc_init
                0x0800cef6       0x2a ./Middlewares/Third_Party/FatFs/src/ff.o
 .text.f_puts   0x0800cf20       0x48 ./Middlewares/Third_Party/FatFs/src/ff.o
                0x0800cf20                f_puts
 .text.f_printf
                0x0800cf68      0x43c ./Middlewares/Third_Party/FatFs/src/ff.o
                0x0800cf68                f_printf
 .text.FATFS_LinkDriverEx
                0x0800d3a4       0x98 ./Middlewares/Third_Party/FatFs/src/ff_gen_drv.o
                0x0800d3a4                FATFS_LinkDriverEx
 .text.FATFS_LinkDriver
                0x0800d43c       0x1e ./Middlewares/Third_Party/FatFs/src/ff_gen_drv.o
                0x0800d43c                FATFS_LinkDriver
 *fill*         0x0800d45a        0x2 
 .text.ff_convert
                0x0800d45c       0x78 ./Middlewares/Third_Party/FatFs/src/option/ccsbcs.o
                0x0800d45c                ff_convert
 .text.ff_wtoupper
                0x0800d4d4      0x114 ./Middlewares/Third_Party/FatFs/src/option/ccsbcs.o
                0x0800d4d4                ff_wtoupper
 .text.__NVIC_SetPriority
                0x0800d5e8       0x54 ./Middlewares/Third_Party/FreeRTOS/Source/CMSIS_RTOS_V2/cmsis_os2.o
 .text.SysTick_Handler
                0x0800d63c       0x20 ./Middlewares/Third_Party/FreeRTOS/Source/CMSIS_RTOS_V2/cmsis_os2.o
                0x0800d63c                SysTick_Handler
 .text.SVC_Setup
                0x0800d65c       0x12 ./Middlewares/Third_Party/FreeRTOS/Source/CMSIS_RTOS_V2/cmsis_os2.o
 *fill*         0x0800d66e        0x2 
 .text.osKernelInitialize
                0x0800d670       0x48 ./Middlewares/Third_Party/FreeRTOS/Source/CMSIS_RTOS_V2/cmsis_os2.o
                0x0800d670                osKernelInitialize
 .text.osKernelStart
                0x0800d6b8       0x4c ./Middlewares/Third_Party/FreeRTOS/Source/CMSIS_RTOS_V2/cmsis_os2.o
                0x0800d6b8                osKernelStart
 .text.osThreadNew
                0x0800d704      0x124 ./Middlewares/Third_Party/FreeRTOS/Source/CMSIS_RTOS_V2/cmsis_os2.o
                0x0800d704                osThreadNew
 .text.vApplicationGetIdleTaskMemory
                0x0800d828       0x34 ./Middlewares/Third_Party/FreeRTOS/Source/CMSIS_RTOS_V2/cmsis_os2.o
                0x0800d828                vApplicationGetIdleTaskMemory
 .text.vApplicationGetTimerTaskMemory
                0x0800d85c       0x34 ./Middlewares/Third_Party/FreeRTOS/Source/CMSIS_RTOS_V2/cmsis_os2.o
                0x0800d85c                vApplicationGetTimerTaskMemory
 .text.vListInitialise
                0x0800d890       0x40 ./Middlewares/Third_Party/FreeRTOS/Source/list.o
                0x0800d890                vListInitialise
 .text.vListInitialiseItem
                0x0800d8d0       0x1a ./Middlewares/Third_Party/FreeRTOS/Source/list.o
                0x0800d8d0                vListInitialiseItem
 .text.vListInsertEnd
                0x0800d8ea       0x48 ./Middlewares/Third_Party/FreeRTOS/Source/list.o
                0x0800d8ea                vListInsertEnd
 .text.vListInsert
                0x0800d932       0x72 ./Middlewares/Third_Party/FreeRTOS/Source/list.o
                0x0800d932                vListInsert
 .text.uxListRemove
                0x0800d9a4       0x54 ./Middlewares/Third_Party/FreeRTOS/Source/list.o
                0x0800d9a4                uxListRemove
 .text.xQueueGenericReset
                0x0800d9f8       0xd4 ./Middlewares/Third_Party/FreeRTOS/Source/queue.o
                0x0800d9f8                xQueueGenericReset
 .text.xQueueGenericCreateStatic
                0x0800dacc       0xfa ./Middlewares/Third_Party/FreeRTOS/Source/queue.o
                0x0800dacc                xQueueGenericCreateStatic
 .text.xQueueGenericCreate
                0x0800dbc6       0x76 ./Middlewares/Third_Party/FreeRTOS/Source/queue.o
                0x0800dbc6                xQueueGenericCreate
 .text.prvInitialiseNewQueue
                0x0800dc3c       0x46 ./Middlewares/Third_Party/FreeRTOS/Source/queue.o
 *fill*         0x0800dc82        0x2 
 .text.xQueueGenericSend
                0x0800dc84      0x204 ./Middlewares/Third_Party/FreeRTOS/Source/queue.o
                0x0800dc84                xQueueGenericSend
 .text.xQueueGenericSendFromISR
                0x0800de88      0x13c ./Middlewares/Third_Party/FreeRTOS/Source/queue.o
                0x0800de88                xQueueGenericSendFromISR
 .text.xQueueReceive
                0x0800dfc4      0x1c4 ./Middlewares/Third_Party/FreeRTOS/Source/queue.o
                0x0800dfc4                xQueueReceive
 .text.xQueueSemaphoreTake
                0x0800e188      0x220 ./Middlewares/Third_Party/FreeRTOS/Source/queue.o
                0x0800e188                xQueueSemaphoreTake
 .text.prvGetDisinheritPriorityAfterTimeout
                0x0800e3a8       0x30 ./Middlewares/Third_Party/FreeRTOS/Source/queue.o
 .text.prvCopyDataToQueue
                0x0800e3d8       0xd4 ./Middlewares/Third_Party/FreeRTOS/Source/queue.o
 .text.prvCopyDataFromQueue
                0x0800e4ac       0x4c ./Middlewares/Third_Party/FreeRTOS/Source/queue.o
 .text.prvUnlockQueue
                0x0800e4f8       0xa4 ./Middlewares/Third_Party/FreeRTOS/Source/queue.o
 .text.prvIsQueueEmpty
                0x0800e59c       0x2c ./Middlewares/Third_Party/FreeRTOS/Source/queue.o
 .text.prvIsQueueFull
                0x0800e5c8       0x30 ./Middlewares/Third_Party/FreeRTOS/Source/queue.o
 .text.vQueueAddToRegistry
                0x0800e5f8       0x54 ./Middlewares/Third_Party/FreeRTOS/Source/queue.o
                0x0800e5f8                vQueueAddToRegistry
 .text.vQueueWaitForMessageRestricted
                0x0800e64c       0x68 ./Middlewares/Third_Party/FreeRTOS/Source/queue.o
                0x0800e64c                vQueueWaitForMessageRestricted
 .text.xTaskCreateStatic
                0x0800e6b4       0xc0 ./Middlewares/Third_Party/FreeRTOS/Source/tasks.o
                0x0800e6b4                xTaskCreateStatic
 .text.xTaskCreate
                0x0800e774       0x8a ./Middlewares/Third_Party/FreeRTOS/Source/tasks.o
                0x0800e774                xTaskCreate
 *fill*         0x0800e7fe        0x2 
 .text.prvInitialiseNewTask
                0x0800e800      0x150 ./Middlewares/Third_Party/FreeRTOS/Source/tasks.o
 .text.prvAddNewTaskToReadyList
                0x0800e950       0xe0 ./Middlewares/Third_Party/FreeRTOS/Source/tasks.o
 .text.vTaskDelete
                0x0800ea30       0xe8 ./Middlewares/Third_Party/FreeRTOS/Source/tasks.o
                0x0800ea30                vTaskDelete
 .text.vTaskDelayUntil
                0x0800eb18      0x100 ./Middlewares/Third_Party/FreeRTOS/Source/tasks.o
                0x0800eb18                vTaskDelayUntil
 .text.vTaskDelay
                0x0800ec18       0x6c ./Middlewares/Third_Party/FreeRTOS/Source/tasks.o
                0x0800ec18                vTaskDelay
 .text.vTaskStartScheduler
                0x0800ec84       0xe0 ./Middlewares/Third_Party/FreeRTOS/Source/tasks.o
                0x0800ec84                vTaskStartScheduler
 .text.vTaskSuspendAll
                0x0800ed64       0x1c ./Middlewares/Third_Party/FreeRTOS/Source/tasks.o
                0x0800ed64                vTaskSuspendAll
 .text.xTaskResumeAll
                0x0800ed80      0x13c ./Middlewares/Third_Party/FreeRTOS/Source/tasks.o
                0x0800ed80                xTaskResumeAll
 .text.xTaskGetTickCount
                0x0800eebc       0x20 ./Middlewares/Third_Party/FreeRTOS/Source/tasks.o
                0x0800eebc                xTaskGetTickCount
 .text.xTaskIncrementTick
                0x0800eedc      0x174 ./Middlewares/Third_Party/FreeRTOS/Source/tasks.o
                0x0800eedc                xTaskIncrementTick
 .text.vTaskSwitchContext
                0x0800f050       0xcc ./Middlewares/Third_Party/FreeRTOS/Source/tasks.o
                0x0800f050                vTaskSwitchContext
 .text.vTaskPlaceOnEventList
                0x0800f11c       0x4c ./Middlewares/Third_Party/FreeRTOS/Source/tasks.o
                0x0800f11c                vTaskPlaceOnEventList
 .text.vTaskPlaceOnEventListRestricted
                0x0800f168       0x58 ./Middlewares/Third_Party/FreeRTOS/Source/tasks.o
                0x0800f168                vTaskPlaceOnEventListRestricted
 .text.xTaskRemoveFromEventList
                0x0800f1c0       0xc8 ./Middlewares/Third_Party/FreeRTOS/Source/tasks.o
                0x0800f1c0                xTaskRemoveFromEventList
 .text.vTaskInternalSetTimeOutState
                0x0800f288       0x2c ./Middlewares/Third_Party/FreeRTOS/Source/tasks.o
                0x0800f288                vTaskInternalSetTimeOutState
 .text.xTaskCheckForTimeOut
                0x0800f2b4       0xc8 ./Middlewares/Third_Party/FreeRTOS/Source/tasks.o
                0x0800f2b4                xTaskCheckForTimeOut
 .text.vTaskMissedYield
                0x0800f37c       0x18 ./Middlewares/Third_Party/FreeRTOS/Source/tasks.o
                0x0800f37c                vTaskMissedYield
 .text.prvIdleTask
                0x0800f394       0x30 ./Middlewares/Third_Party/FreeRTOS/Source/tasks.o
 .text.prvInitialiseTaskLists
                0x0800f3c4       0x80 ./Middlewares/Third_Party/FreeRTOS/Source/tasks.o
 .text.prvCheckTasksWaitingTermination
                0x0800f444       0x5c ./Middlewares/Third_Party/FreeRTOS/Source/tasks.o
 .text.prvDeleteTCB
                0x0800f4a0       0x6a ./Middlewares/Third_Party/FreeRTOS/Source/tasks.o
 *fill*         0x0800f50a        0x2 
 .text.prvResetNextTaskUnblockTime
                0x0800f50c       0x40 ./Middlewares/Third_Party/FreeRTOS/Source/tasks.o
 .text.xTaskGetSchedulerState
                0x0800f54c       0x3c ./Middlewares/Third_Party/FreeRTOS/Source/tasks.o
                0x0800f54c                xTaskGetSchedulerState
 .text.xTaskPriorityInherit
                0x0800f588       0xd0 ./Middlewares/Third_Party/FreeRTOS/Source/tasks.o
                0x0800f588                xTaskPriorityInherit
 .text.xTaskPriorityDisinherit
                0x0800f658       0xe0 ./Middlewares/Third_Party/FreeRTOS/Source/tasks.o
                0x0800f658                xTaskPriorityDisinherit
 .text.vTaskPriorityDisinheritAfterTimeout
                0x0800f738      0x108 ./Middlewares/Third_Party/FreeRTOS/Source/tasks.o
                0x0800f738                vTaskPriorityDisinheritAfterTimeout
 .text.pvTaskIncrementMutexHeldCount
                0x0800f840       0x28 ./Middlewares/Third_Party/FreeRTOS/Source/tasks.o
                0x0800f840                pvTaskIncrementMutexHeldCount
 .text.prvAddCurrentTaskToDelayedList
                0x0800f868       0xa8 ./Middlewares/Third_Party/FreeRTOS/Source/tasks.o
 .text.xTimerCreateTimerTask
                0x0800f910       0x94 ./Middlewares/Third_Party/FreeRTOS/Source/timers.o
                0x0800f910                xTimerCreateTimerTask
 .text.xTimerGenericCommand
                0x0800f9a4       0x9c ./Middlewares/Third_Party/FreeRTOS/Source/timers.o
                0x0800f9a4                xTimerGenericCommand
 .text.prvProcessExpiredTimer
                0x0800fa40       0x9c ./Middlewares/Third_Party/FreeRTOS/Source/timers.o
 .text.prvTimerTask
                0x0800fadc       0x26 ./Middlewares/Third_Party/FreeRTOS/Source/timers.o
 *fill*         0x0800fb02        0x2 
 .text.prvProcessTimerOrBlockTask
                0x0800fb04       0x9c ./Middlewares/Third_Party/FreeRTOS/Source/timers.o
 .text.prvGetNextExpireTime
                0x0800fba0       0x48 ./Middlewares/Third_Party/FreeRTOS/Source/timers.o
 .text.prvSampleTimeNow
                0x0800fbe8       0x40 ./Middlewares/Third_Party/FreeRTOS/Source/timers.o
 .text.prvInsertTimerInActiveList
                0x0800fc28       0x84 ./Middlewares/Third_Party/FreeRTOS/Source/timers.o
 .text.prvProcessReceivedCommands
                0x0800fcac      0x1cc ./Middlewares/Third_Party/FreeRTOS/Source/timers.o
 .text.prvSwitchTimerLists
                0x0800fe78       0xcc ./Middlewares/Third_Party/FreeRTOS/Source/timers.o
 .text.prvCheckForValidListAndQueue
                0x0800ff44       0x80 ./Middlewares/Third_Party/FreeRTOS/Source/timers.o
 .text.pxPortInitialiseStack
                0x0800ffc4       0x68 ./Middlewares/Third_Party/FreeRTOS/Source/portable/GCC/ARM_CM4F/port.o
                0x0800ffc4                pxPortInitialiseStack
 .text.prvTaskExitError
                0x0801002c       0x5c ./Middlewares/Third_Party/FreeRTOS/Source/portable/GCC/ARM_CM4F/port.o
 *fill*         0x08010088        0x8 
 .text.SVC_Handler
                0x08010090       0x28 ./Middlewares/Third_Party/FreeRTOS/Source/portable/GCC/ARM_CM4F/port.o
                0x08010090                SVC_Handler
 .text.prvPortStartFirstTask
                0x080100b8       0x28 ./Middlewares/Third_Party/FreeRTOS/Source/portable/GCC/ARM_CM4F/port.o
 .text.xPortStartScheduler
                0x080100e0      0x148 ./Middlewares/Third_Party/FreeRTOS/Source/portable/GCC/ARM_CM4F/port.o
                0x080100e0                xPortStartScheduler
 .text.vPortEnterCritical
                0x08010228       0x64 ./Middlewares/Third_Party/FreeRTOS/Source/portable/GCC/ARM_CM4F/port.o
                0x08010228                vPortEnterCritical
 .text.vPortExitCritical
                0x0801028c       0x54 ./Middlewares/Third_Party/FreeRTOS/Source/portable/GCC/ARM_CM4F/port.o
                0x0801028c                vPortExitCritical
 .text.PendSV_Handler
                0x080102e0       0x68 ./Middlewares/Third_Party/FreeRTOS/Source/portable/GCC/ARM_CM4F/port.o
                0x080102e0                PendSV_Handler
 .text.xPortSysTickHandler
                0x08010348       0x44 ./Middlewares/Third_Party/FreeRTOS/Source/portable/GCC/ARM_CM4F/port.o
                0x08010348                xPortSysTickHandler
 .text.vPortSetupTimerInterrupt
                0x0801038c       0x48 ./Middlewares/Third_Party/FreeRTOS/Source/portable/GCC/ARM_CM4F/port.o
                0x0801038c                vPortSetupTimerInterrupt
 .text.vPortEnableVFP
                0x080103d4       0x14 ./Middlewares/Third_Party/FreeRTOS/Source/portable/GCC/ARM_CM4F/port.o
 .text.vPortValidateInterruptPriority
                0x080103e8       0x84 ./Middlewares/Third_Party/FreeRTOS/Source/portable/GCC/ARM_CM4F/port.o
                0x080103e8                vPortValidateInterruptPriority
 .text.pvPortMalloc
                0x0801046c      0x19c ./Middlewares/Third_Party/FreeRTOS/Source/portable/MemMang/heap_4.o
                0x0801046c                pvPortMalloc
 .text.vPortFree
                0x08010608       0xc8 ./Middlewares/Third_Party/FreeRTOS/Source/portable/MemMang/heap_4.o
                0x08010608                vPortFree
 .text.prvHeapInit
                0x080106d0       0xc4 ./Middlewares/Third_Party/FreeRTOS/Source/portable/MemMang/heap_4.o
 .text.prvInsertBlockIntoFreeList
                0x08010794       0xb4 ./Middlewares/Third_Party/FreeRTOS/Source/portable/MemMang/heap_4.o
 .text.MX_USB_DEVICE_Init
                0x08010848       0x60 ./USB_DEVICE/App/usb_device.o
                0x08010848                MX_USB_DEVICE_Init
 .text.CDC_Init_FS
                0x080108a8       0x28 ./USB_DEVICE/App/usbd_cdc_if.o
 .text.CDC_DeInit_FS
                0x080108d0       0x10 ./USB_DEVICE/App/usbd_cdc_if.o
 .text.CDC_Control_FS
                0x080108e0       0xbc ./USB_DEVICE/App/usbd_cdc_if.o
 .text.CDC_Receive_FS
                0x0801099c       0x28 ./USB_DEVICE/App/usbd_cdc_if.o
 .text.CDC_Transmit_FS
                0x080109c4       0x4c ./USB_DEVICE/App/usbd_cdc_if.o
                0x080109c4                CDC_Transmit_FS
 .text.CDC_TransmitCplt_FS
                0x08010a10       0x22 ./USB_DEVICE/App/usbd_cdc_if.o
 *fill*         0x08010a32        0x2 
 .text.USBD_FS_DeviceDescriptor
                0x08010a34       0x24 ./USB_DEVICE/App/usbd_desc.o
                0x08010a34                USBD_FS_DeviceDescriptor
 .text.USBD_FS_LangIDStrDescriptor
                0x08010a58       0x24 ./USB_DEVICE/App/usbd_desc.o
                0x08010a58                USBD_FS_LangIDStrDescriptor
 .text.USBD_FS_ProductStrDescriptor
                0x08010a7c       0x3c ./USB_DEVICE/App/usbd_desc.o
                0x08010a7c                USBD_FS_ProductStrDescriptor
 .text.USBD_FS_ManufacturerStrDescriptor
                0x08010ab8       0x28 ./USB_DEVICE/App/usbd_desc.o
                0x08010ab8                USBD_FS_ManufacturerStrDescriptor
 .text.USBD_FS_SerialStrDescriptor
                0x08010ae0       0x24 ./USB_DEVICE/App/usbd_desc.o
                0x08010ae0                USBD_FS_SerialStrDescriptor
 .text.USBD_FS_ConfigStrDescriptor
                0x08010b04       0x3c ./USB_DEVICE/App/usbd_desc.o
                0x08010b04                USBD_FS_ConfigStrDescriptor
 .text.USBD_FS_InterfaceStrDescriptor
                0x08010b40       0x3c ./USB_DEVICE/App/usbd_desc.o
                0x08010b40                USBD_FS_InterfaceStrDescriptor
 .text.Get_SerialNum
                0x08010b7c       0x58 ./USB_DEVICE/App/usbd_desc.o
 .text.IntToUnicode
                0x08010bd4       0x7e ./USB_DEVICE/App/usbd_desc.o
 *fill*         0x08010c52        0x2 
 .text.HAL_PCD_MspInit
                0x08010c54       0xa8 ./USB_DEVICE/Target/usbd_conf.o
                0x08010c54                HAL_PCD_MspInit
 .text.HAL_PCD_SetupStageCallback
                0x08010cfc       0x24 ./USB_DEVICE/Target/usbd_conf.o
                0x08010cfc                HAL_PCD_SetupStageCallback
 .text.HAL_PCD_DataOutStageCallback
                0x08010d20       0x36 ./USB_DEVICE/Target/usbd_conf.o
                0x08010d20                HAL_PCD_DataOutStageCallback
 .text.HAL_PCD_DataInStageCallback
                0x08010d56       0x34 ./USB_DEVICE/Target/usbd_conf.o
                0x08010d56                HAL_PCD_DataInStageCallback
 .text.HAL_PCD_SOFCallback
                0x08010d8a       0x1c ./USB_DEVICE/Target/usbd_conf.o
                0x08010d8a                HAL_PCD_SOFCallback
 .text.HAL_PCD_ResetCallback
                0x08010da6       0x3c ./USB_DEVICE/Target/usbd_conf.o
                0x08010da6                HAL_PCD_ResetCallback
 *fill*         0x08010de2        0x2 
 .text.HAL_PCD_SuspendCallback
                0x08010de4       0x4c ./USB_DEVICE/Target/usbd_conf.o
                0x08010de4                HAL_PCD_SuspendCallback
 .text.HAL_PCD_ResumeCallback
                0x08010e30       0x1c ./USB_DEVICE/Target/usbd_conf.o
                0x08010e30                HAL_PCD_ResumeCallback
 .text.HAL_PCD_ISOOUTIncompleteCallback
                0x08010e4c       0x24 ./USB_DEVICE/Target/usbd_conf.o
                0x08010e4c                HAL_PCD_ISOOUTIncompleteCallback
 .text.HAL_PCD_ISOINIncompleteCallback
                0x08010e70       0x24 ./USB_DEVICE/Target/usbd_conf.o
                0x08010e70                HAL_PCD_ISOINIncompleteCallback
 .text.HAL_PCD_ConnectCallback
                0x08010e94       0x1c ./USB_DEVICE/Target/usbd_conf.o
                0x08010e94                HAL_PCD_ConnectCallback
 .text.HAL_PCD_DisconnectCallback
                0x08010eb0       0x1c ./USB_DEVICE/Target/usbd_conf.o
                0x08010eb0                HAL_PCD_DisconnectCallback
 .text.USBD_LL_Init
                0x08010ecc       0x98 ./USB_DEVICE/Target/usbd_conf.o
                0x08010ecc                USBD_LL_Init
 .text.USBD_LL_Start
                0x08010f64       0x36 ./USB_DEVICE/Target/usbd_conf.o
                0x08010f64                USBD_LL_Start
 .text.USBD_LL_OpenEP
                0x08010f9a       0x4c ./USB_DEVICE/Target/usbd_conf.o
                0x08010f9a                USBD_LL_OpenEP
 .text.USBD_LL_CloseEP
                0x08010fe6       0x3e ./USB_DEVICE/Target/usbd_conf.o
                0x08010fe6                USBD_LL_CloseEP
 .text.USBD_LL_StallEP
                0x08011024       0x3e ./USB_DEVICE/Target/usbd_conf.o
                0x08011024                USBD_LL_StallEP
 .text.USBD_LL_ClearStallEP
                0x08011062       0x3e ./USB_DEVICE/Target/usbd_conf.o
                0x08011062                USBD_LL_ClearStallEP
 .text.USBD_LL_IsStallEP
                0x080110a0       0x58 ./USB_DEVICE/Target/usbd_conf.o
                0x080110a0                USBD_LL_IsStallEP
 .text.USBD_LL_SetUSBAddress
                0x080110f8       0x3e ./USB_DEVICE/Target/usbd_conf.o
                0x080110f8                USBD_LL_SetUSBAddress
 .text.USBD_LL_Transmit
                0x08011136       0x42 ./USB_DEVICE/Target/usbd_conf.o
                0x08011136                USBD_LL_Transmit
 .text.USBD_LL_PrepareReceive
                0x08011178       0x42 ./USB_DEVICE/Target/usbd_conf.o
                0x08011178                USBD_LL_PrepareReceive
 .text.USBD_LL_GetRxDataSize
                0x080111ba       0x26 ./USB_DEVICE/Target/usbd_conf.o
                0x080111ba                USBD_LL_GetRxDataSize
 .text.USBD_static_malloc
                0x080111e0       0x1c ./USB_DEVICE/Target/usbd_conf.o
                0x080111e0                USBD_static_malloc
 .text.USBD_static_free
                0x080111fc       0x14 ./USB_DEVICE/Target/usbd_conf.o
                0x080111fc                USBD_static_free
 .text.USBD_Get_USB_Status
                0x08011210       0x58 ./USB_DEVICE/Target/usbd_conf.o
                0x08011210                USBD_Get_USB_Status
 .text.srand    0x08011268       0x5c C:/STM32/STM32CubeIDE_1.16.0/STM32CubeIDE/plugins/com.st.stm32cube.ide.mcu.externaltools.gnu-tools-for-stm32.12.3.rel1.win32_1.0.200.202406191623/tools/bin/../lib/gcc/arm-none-eabi/12.3.1/../../../../arm-none-eabi/lib/thumb/v7e-m+fp/hard\libc_nano.a(libc_a-rand.o)
                0x08011268                srand
 .text.rand     0x080112c4       0x7c C:/STM32/STM32CubeIDE_1.16.0/STM32CubeIDE/plugins/com.st.stm32cube.ide.mcu.externaltools.gnu-tools-for-stm32.12.3.rel1.win32_1.0.200.202406191623/tools/bin/../lib/gcc/arm-none-eabi/12.3.1/../../../../arm-none-eabi/lib/thumb/v7e-m+fp/hard\libc_nano.a(libc_a-rand.o)
                0x080112c4                rand
 .text.std      0x08011340       0x6c C:/STM32/STM32CubeIDE_1.16.0/STM32CubeIDE/plugins/com.st.stm32cube.ide.mcu.externaltools.gnu-tools-for-stm32.12.3.rel1.win32_1.0.200.202406191623/tools/bin/../lib/gcc/arm-none-eabi/12.3.1/../../../../arm-none-eabi/lib/thumb/v7e-m+fp/hard\libc_nano.a(libc_a-findfp.o)
 .text.stdio_exit_handler
                0x080113ac       0x18 C:/STM32/STM32CubeIDE_1.16.0/STM32CubeIDE/plugins/com.st.stm32cube.ide.mcu.externaltools.gnu-tools-for-stm32.12.3.rel1.win32_1.0.200.202406191623/tools/bin/../lib/gcc/arm-none-eabi/12.3.1/../../../../arm-none-eabi/lib/thumb/v7e-m+fp/hard\libc_nano.a(libc_a-findfp.o)
 .text.cleanup_stdio
                0x080113c4       0x40 C:/STM32/STM32CubeIDE_1.16.0/STM32CubeIDE/plugins/com.st.stm32cube.ide.mcu.externaltools.gnu-tools-for-stm32.12.3.rel1.win32_1.0.200.202406191623/tools/bin/../lib/gcc/arm-none-eabi/12.3.1/../../../../arm-none-eabi/lib/thumb/v7e-m+fp/hard\libc_nano.a(libc_a-findfp.o)
 .text.global_stdio_init.part.0
                0x08011404       0x3c C:/STM32/STM32CubeIDE_1.16.0/STM32CubeIDE/plugins/com.st.stm32cube.ide.mcu.externaltools.gnu-tools-for-stm32.12.3.rel1.win32_1.0.200.202406191623/tools/bin/../lib/gcc/arm-none-eabi/12.3.1/../../../../arm-none-eabi/lib/thumb/v7e-m+fp/hard\libc_nano.a(libc_a-findfp.o)
 .text.__sfp_lock_acquire
                0x08011440        0xc C:/STM32/STM32CubeIDE_1.16.0/STM32CubeIDE/plugins/com.st.stm32cube.ide.mcu.externaltools.gnu-tools-for-stm32.12.3.rel1.win32_1.0.200.202406191623/tools/bin/../lib/gcc/arm-none-eabi/12.3.1/../../../../arm-none-eabi/lib/thumb/v7e-m+fp/hard\libc_nano.a(libc_a-findfp.o)
                0x08011440                __sfp_lock_acquire
 .text.__sfp_lock_release
                0x0801144c        0xc C:/STM32/STM32CubeIDE_1.16.0/STM32CubeIDE/plugins/com.st.stm32cube.ide.mcu.externaltools.gnu-tools-for-stm32.12.3.rel1.win32_1.0.200.202406191623/tools/bin/../lib/gcc/arm-none-eabi/12.3.1/../../../../arm-none-eabi/lib/thumb/v7e-m+fp/hard\libc_nano.a(libc_a-findfp.o)
                0x0801144c                __sfp_lock_release
 .text.__sinit  0x08011458       0x30 C:/STM32/STM32CubeIDE_1.16.0/STM32CubeIDE/plugins/com.st.stm32cube.ide.mcu.externaltools.gnu-tools-for-stm32.12.3.rel1.win32_1.0.200.202406191623/tools/bin/../lib/gcc/arm-none-eabi/12.3.1/../../../../arm-none-eabi/lib/thumb/v7e-m+fp/hard\libc_nano.a(libc_a-findfp.o)
                0x08011458                __sinit
 .text._fwalk_sglue
                0x08011488       0x3c C:/STM32/STM32CubeIDE_1.16.0/STM32CubeIDE/plugins/com.st.stm32cube.ide.mcu.externaltools.gnu-tools-for-stm32.12.3.rel1.win32_1.0.200.202406191623/tools/bin/../lib/gcc/arm-none-eabi/12.3.1/../../../../arm-none-eabi/lib/thumb/v7e-m+fp/hard\libc_nano.a(libc_a-fwalk.o)
                0x08011488                _fwalk_sglue
 .text.sprintf  0x080114c4       0x40 C:/STM32/STM32CubeIDE_1.16.0/STM32CubeIDE/plugins/com.st.stm32cube.ide.mcu.externaltools.gnu-tools-for-stm32.12.3.rel1.win32_1.0.200.202406191623/tools/bin/../lib/gcc/arm-none-eabi/12.3.1/../../../../arm-none-eabi/lib/thumb/v7e-m+fp/hard\libc_nano.a(libc_a-sprintf.o)
                0x080114c4                siprintf
                0x080114c4                sprintf
 .text.__sread  0x08011504       0x22 C:/STM32/STM32CubeIDE_1.16.0/STM32CubeIDE/plugins/com.st.stm32cube.ide.mcu.externaltools.gnu-tools-for-stm32.12.3.rel1.win32_1.0.200.202406191623/tools/bin/../lib/gcc/arm-none-eabi/12.3.1/../../../../arm-none-eabi/lib/thumb/v7e-m+fp/hard\libc_nano.a(libc_a-stdio.o)
                0x08011504                __sread
 .text.__swrite
                0x08011526       0x38 C:/STM32/STM32CubeIDE_1.16.0/STM32CubeIDE/plugins/com.st.stm32cube.ide.mcu.externaltools.gnu-tools-for-stm32.12.3.rel1.win32_1.0.200.202406191623/tools/bin/../lib/gcc/arm-none-eabi/12.3.1/../../../../arm-none-eabi/lib/thumb/v7e-m+fp/hard\libc_nano.a(libc_a-stdio.o)
                0x08011526                __swrite
 .text.__sseek  0x0801155e       0x24 C:/STM32/STM32CubeIDE_1.16.0/STM32CubeIDE/plugins/com.st.stm32cube.ide.mcu.externaltools.gnu-tools-for-stm32.12.3.rel1.win32_1.0.200.202406191623/tools/bin/../lib/gcc/arm-none-eabi/12.3.1/../../../../arm-none-eabi/lib/thumb/v7e-m+fp/hard\libc_nano.a(libc_a-stdio.o)
                0x0801155e                __sseek
 .text.__sclose
                0x08011582        0x8 C:/STM32/STM32CubeIDE_1.16.0/STM32CubeIDE/plugins/com.st.stm32cube.ide.mcu.externaltools.gnu-tools-for-stm32.12.3.rel1.win32_1.0.200.202406191623/tools/bin/../lib/gcc/arm-none-eabi/12.3.1/../../../../arm-none-eabi/lib/thumb/v7e-m+fp/hard\libc_nano.a(libc_a-stdio.o)
                0x08011582                __sclose
 .text.memset   0x0801158a       0x10 C:/STM32/STM32CubeIDE_1.16.0/STM32CubeIDE/plugins/com.st.stm32cube.ide.mcu.externaltools.gnu-tools-for-stm32.12.3.rel1.win32_1.0.200.202406191623/tools/bin/../lib/gcc/arm-none-eabi/12.3.1/../../../../arm-none-eabi/lib/thumb/v7e-m+fp/hard\libc_nano.a(libc_a-memset.o)
                0x0801158a                memset
 *fill*         0x0801159a        0x2 
 .text._close_r
                0x0801159c       0x20 C:/STM32/STM32CubeIDE_1.16.0/STM32CubeIDE/plugins/com.st.stm32cube.ide.mcu.externaltools.gnu-tools-for-stm32.12.3.rel1.win32_1.0.200.202406191623/tools/bin/../lib/gcc/arm-none-eabi/12.3.1/../../../../arm-none-eabi/lib/thumb/v7e-m+fp/hard\libc_nano.a(libc_a-closer.o)
                0x0801159c                _close_r
 .text._reclaim_reent
                0x080115bc       0xac C:/STM32/STM32CubeIDE_1.16.0/STM32CubeIDE/plugins/com.st.stm32cube.ide.mcu.externaltools.gnu-tools-for-stm32.12.3.rel1.win32_1.0.200.202406191623/tools/bin/../lib/gcc/arm-none-eabi/12.3.1/../../../../arm-none-eabi/lib/thumb/v7e-m+fp/hard\libc_nano.a(libc_a-reent.o)
                0x080115bc                _reclaim_reent
 .text._lseek_r
                0x08011668       0x24 C:/STM32/STM32CubeIDE_1.16.0/STM32CubeIDE/plugins/com.st.stm32cube.ide.mcu.externaltools.gnu-tools-for-stm32.12.3.rel1.win32_1.0.200.202406191623/tools/bin/../lib/gcc/arm-none-eabi/12.3.1/../../../../arm-none-eabi/lib/thumb/v7e-m+fp/hard\libc_nano.a(libc_a-lseekr.o)
                0x08011668                _lseek_r
 .text._read_r  0x0801168c       0x24 C:/STM32/STM32CubeIDE_1.16.0/STM32CubeIDE/plugins/com.st.stm32cube.ide.mcu.externaltools.gnu-tools-for-stm32.12.3.rel1.win32_1.0.200.202406191623/tools/bin/../lib/gcc/arm-none-eabi/12.3.1/../../../../arm-none-eabi/lib/thumb/v7e-m+fp/hard\libc_nano.a(libc_a-readr.o)
                0x0801168c                _read_r
 .text._write_r
                0x080116b0       0x24 C:/STM32/STM32CubeIDE_1.16.0/STM32CubeIDE/plugins/com.st.stm32cube.ide.mcu.externaltools.gnu-tools-for-stm32.12.3.rel1.win32_1.0.200.202406191623/tools/bin/../lib/gcc/arm-none-eabi/12.3.1/../../../../arm-none-eabi/lib/thumb/v7e-m+fp/hard\libc_nano.a(libc_a-writer.o)
                0x080116b0                _write_r
 .text.__errno  0x080116d4        0xc C:/STM32/STM32CubeIDE_1.16.0/STM32CubeIDE/plugins/com.st.stm32cube.ide.mcu.externaltools.gnu-tools-for-stm32.12.3.rel1.win32_1.0.200.202406191623/tools/bin/../lib/gcc/arm-none-eabi/12.3.1/../../../../arm-none-eabi/lib/thumb/v7e-m+fp/hard\libc_nano.a(libc_a-errno.o)
                0x080116d4                __errno
 .text.__libc_init_array
                0x080116e0       0x48 C:/STM32/STM32CubeIDE_1.16.0/STM32CubeIDE/plugins/com.st.stm32cube.ide.mcu.externaltools.gnu-tools-for-stm32.12.3.rel1.win32_1.0.200.202406191623/tools/bin/../lib/gcc/arm-none-eabi/12.3.1/../../../../arm-none-eabi/lib/thumb/v7e-m+fp/hard\libc_nano.a(libc_a-init.o)
                0x080116e0                __libc_init_array
 .text.__retarget_lock_init_recursive
                0x08011728        0x2 C:/STM32/STM32CubeIDE_1.16.0/STM32CubeIDE/plugins/com.st.stm32cube.ide.mcu.externaltools.gnu-tools-for-stm32.12.3.rel1.win32_1.0.200.202406191623/tools/bin/../lib/gcc/arm-none-eabi/12.3.1/../../../../arm-none-eabi/lib/thumb/v7e-m+fp/hard\libc_nano.a(libc_a-lock.o)
                0x08011728                __retarget_lock_init_recursive
 .text.__retarget_lock_acquire_recursive
                0x0801172a        0x2 C:/STM32/STM32CubeIDE_1.16.0/STM32CubeIDE/plugins/com.st.stm32cube.ide.mcu.externaltools.gnu-tools-for-stm32.12.3.rel1.win32_1.0.200.202406191623/tools/bin/../lib/gcc/arm-none-eabi/12.3.1/../../../../arm-none-eabi/lib/thumb/v7e-m+fp/hard\libc_nano.a(libc_a-lock.o)
                0x0801172a                __retarget_lock_acquire_recursive
 .text.__retarget_lock_release_recursive
                0x0801172c        0x2 C:/STM32/STM32CubeIDE_1.16.0/STM32CubeIDE/plugins/com.st.stm32cube.ide.mcu.externaltools.gnu-tools-for-stm32.12.3.rel1.win32_1.0.200.202406191623/tools/bin/../lib/gcc/arm-none-eabi/12.3.1/../../../../arm-none-eabi/lib/thumb/v7e-m+fp/hard\libc_nano.a(libc_a-lock.o)
                0x0801172c                __retarget_lock_release_recursive
 .text.memcpy   0x0801172e       0x1c C:/STM32/STM32CubeIDE_1.16.0/STM32CubeIDE/plugins/com.st.stm32cube.ide.mcu.externaltools.gnu-tools-for-stm32.12.3.rel1.win32_1.0.200.202406191623/tools/bin/../lib/gcc/arm-none-eabi/12.3.1/../../../../arm-none-eabi/lib/thumb/v7e-m+fp/hard\libc_nano.a(libc_a-memcpy-stub.o)
                0x0801172e                memcpy
 *fill*         0x0801174a        0x2 
 .text.__assert_func
                0x0801174c       0x3c C:/STM32/STM32CubeIDE_1.16.0/STM32CubeIDE/plugins/com.st.stm32cube.ide.mcu.externaltools.gnu-tools-for-stm32.12.3.rel1.win32_1.0.200.202406191623/tools/bin/../lib/gcc/arm-none-eabi/12.3.1/../../../../arm-none-eabi/lib/thumb/v7e-m+fp/hard\libc_nano.a(libc_a-assert.o)
                0x0801174c                __assert_func
 .text._free_r  0x08011788       0x94 C:/STM32/STM32CubeIDE_1.16.0/STM32CubeIDE/plugins/com.st.stm32cube.ide.mcu.externaltools.gnu-tools-for-stm32.12.3.rel1.win32_1.0.200.202406191623/tools/bin/../lib/gcc/arm-none-eabi/12.3.1/../../../../arm-none-eabi/lib/thumb/v7e-m+fp/hard\libc_nano.a(libc_a-freer.o)
                0x08011788                _free_r
 .text.malloc   0x0801181c       0x10 C:/STM32/STM32CubeIDE_1.16.0/STM32CubeIDE/plugins/com.st.stm32cube.ide.mcu.externaltools.gnu-tools-for-stm32.12.3.rel1.win32_1.0.200.202406191623/tools/bin/../lib/gcc/arm-none-eabi/12.3.1/../../../../arm-none-eabi/lib/thumb/v7e-m+fp/hard\libc_nano.a(libc_a-malloc.o)
                0x0801181c                malloc
 .text.sbrk_aligned
                0x0801182c       0x44 C:/STM32/STM32CubeIDE_1.16.0/STM32CubeIDE/plugins/com.st.stm32cube.ide.mcu.externaltools.gnu-tools-for-stm32.12.3.rel1.win32_1.0.200.202406191623/tools/bin/../lib/gcc/arm-none-eabi/12.3.1/../../../../arm-none-eabi/lib/thumb/v7e-m+fp/hard\libc_nano.a(libc_a-mallocr.o)
 .text._malloc_r
                0x08011870      0x100 C:/STM32/STM32CubeIDE_1.16.0/STM32CubeIDE/plugins/com.st.stm32cube.ide.mcu.externaltools.gnu-tools-for-stm32.12.3.rel1.win32_1.0.200.202406191623/tools/bin/../lib/gcc/arm-none-eabi/12.3.1/../../../../arm-none-eabi/lib/thumb/v7e-m+fp/hard\libc_nano.a(libc_a-mallocr.o)
                0x08011870                _malloc_r
 .text.__malloc_lock
                0x08011970        0xc C:/STM32/STM32CubeIDE_1.16.0/STM32CubeIDE/plugins/com.st.stm32cube.ide.mcu.externaltools.gnu-tools-for-stm32.12.3.rel1.win32_1.0.200.202406191623/tools/bin/../lib/gcc/arm-none-eabi/12.3.1/../../../../arm-none-eabi/lib/thumb/v7e-m+fp/hard\libc_nano.a(libc_a-mlock.o)
                0x08011970                __malloc_lock
 .text.__malloc_unlock
                0x0801197c        0xc C:/STM32/STM32CubeIDE_1.16.0/STM32CubeIDE/plugins/com.st.stm32cube.ide.mcu.externaltools.gnu-tools-for-stm32.12.3.rel1.win32_1.0.200.202406191623/tools/bin/../lib/gcc/arm-none-eabi/12.3.1/../../../../arm-none-eabi/lib/thumb/v7e-m+fp/hard\libc_nano.a(libc_a-mlock.o)
                0x0801197c                __malloc_unlock
 .text.__ssputs_r
                0x08011988       0xb6 C:/STM32/STM32CubeIDE_1.16.0/STM32CubeIDE/plugins/com.st.stm32cube.ide.mcu.externaltools.gnu-tools-for-stm32.12.3.rel1.win32_1.0.200.202406191623/tools/bin/../lib/gcc/arm-none-eabi/12.3.1/../../../../arm-none-eabi/lib/thumb/v7e-m+fp/hard\libc_nano.a(libc_a-nano-svfprintf.o)
                0x08011988                __ssputs_r
 *fill*         0x08011a3e        0x2 
 .text._svfprintf_r
                0x08011a40      0x1f8 C:/STM32/STM32CubeIDE_1.16.0/STM32CubeIDE/plugins/com.st.stm32cube.ide.mcu.externaltools.gnu-tools-for-stm32.12.3.rel1.win32_1.0.200.202406191623/tools/bin/../lib/gcc/arm-none-eabi/12.3.1/../../../../arm-none-eabi/lib/thumb/v7e-m+fp/hard\libc_nano.a(libc_a-nano-svfprintf.o)
                0x08011a40                _svfiprintf_r
                0x08011a40                _svfprintf_r
 .text._printf_common
                0x08011c38       0xda C:/STM32/STM32CubeIDE_1.16.0/STM32CubeIDE/plugins/com.st.stm32cube.ide.mcu.externaltools.gnu-tools-for-stm32.12.3.rel1.win32_1.0.200.202406191623/tools/bin/../lib/gcc/arm-none-eabi/12.3.1/../../../../arm-none-eabi/lib/thumb/v7e-m+fp/hard\libc_nano.a(libc_a-nano-vfprintf_i.o)
                0x08011c38                _printf_common
 *fill*         0x08011d12        0x2 
 .text._printf_i
                0x08011d14      0x240 C:/STM32/STM32CubeIDE_1.16.0/STM32CubeIDE/plugins/com.st.stm32cube.ide.mcu.externaltools.gnu-tools-for-stm32.12.3.rel1.win32_1.0.200.202406191623/tools/bin/../lib/gcc/arm-none-eabi/12.3.1/../../../../arm-none-eabi/lib/thumb/v7e-m+fp/hard\libc_nano.a(libc_a-nano-vfprintf_i.o)
                0x08011d14                _printf_i
 .text.__sflush_r
                0x08011f54      0x108 C:/STM32/STM32CubeIDE_1.16.0/STM32CubeIDE/plugins/com.st.stm32cube.ide.mcu.externaltools.gnu-tools-for-stm32.12.3.rel1.win32_1.0.200.202406191623/tools/bin/../lib/gcc/arm-none-eabi/12.3.1/../../../../arm-none-eabi/lib/thumb/v7e-m+fp/hard\libc_nano.a(libc_a-fflush.o)
                0x08011f54                __sflush_r
 .text._fflush_r
                0x0801205c       0x50 C:/STM32/STM32CubeIDE_1.16.0/STM32CubeIDE/plugins/com.st.stm32cube.ide.mcu.externaltools.gnu-tools-for-stm32.12.3.rel1.win32_1.0.200.202406191623/tools/bin/../lib/gcc/arm-none-eabi/12.3.1/../../../../arm-none-eabi/lib/thumb/v7e-m+fp/hard\libc_nano.a(libc_a-fflush.o)
                0x0801205c                _fflush_r
 .text.fprintf  0x080120ac       0x24 C:/STM32/STM32CubeIDE_1.16.0/STM32CubeIDE/plugins/com.st.stm32cube.ide.mcu.externaltools.gnu-tools-for-stm32.12.3.rel1.win32_1.0.200.202406191623/tools/bin/../lib/gcc/arm-none-eabi/12.3.1/../../../../arm-none-eabi/lib/thumb/v7e-m+fp/hard\libc_nano.a(libc_a-fprintf.o)
                0x080120ac                fiprintf
                0x080120ac                fprintf
 .text.memmove  0x080120d0       0x34 C:/STM32/STM32CubeIDE_1.16.0/STM32CubeIDE/plugins/com.st.stm32cube.ide.mcu.externaltools.gnu-tools-for-stm32.12.3.rel1.win32_1.0.200.202406191623/tools/bin/../lib/gcc/arm-none-eabi/12.3.1/../../../../arm-none-eabi/lib/thumb/v7e-m+fp/hard\libc_nano.a(libc_a-memmove.o)
                0x080120d0                memmove
 .text._sbrk_r  0x08012104       0x20 C:/STM32/STM32CubeIDE_1.16.0/STM32CubeIDE/plugins/com.st.stm32cube.ide.mcu.externaltools.gnu-tools-for-stm32.12.3.rel1.win32_1.0.200.202406191623/tools/bin/../lib/gcc/arm-none-eabi/12.3.1/../../../../arm-none-eabi/lib/thumb/v7e-m+fp/hard\libc_nano.a(libc_a-sbrkr.o)
                0x08012104                _sbrk_r
 .text.abort    0x08012124        0xe C:/STM32/STM32CubeIDE_1.16.0/STM32CubeIDE/plugins/com.st.stm32cube.ide.mcu.externaltools.gnu-tools-for-stm32.12.3.rel1.win32_1.0.200.202406191623/tools/bin/../lib/gcc/arm-none-eabi/12.3.1/../../../../arm-none-eabi/lib/thumb/v7e-m+fp/hard\libc_nano.a(libc_a-abort.o)
                0x08012124                abort
 .text._realloc_r
                0x08012132       0x5c C:/STM32/STM32CubeIDE_1.16.0/STM32CubeIDE/plugins/com.st.stm32cube.ide.mcu.externaltools.gnu-tools-for-stm32.12.3.rel1.win32_1.0.200.202406191623/tools/bin/../lib/gcc/arm-none-eabi/12.3.1/../../../../arm-none-eabi/lib/thumb/v7e-m+fp/hard\libc_nano.a(libc_a-reallocr.o)
                0x08012132                _realloc_r
 .text.__sfputc_r
                0x0801218e       0x2e C:/STM32/STM32CubeIDE_1.16.0/STM32CubeIDE/plugins/com.st.stm32cube.ide.mcu.externaltools.gnu-tools-for-stm32.12.3.rel1.win32_1.0.200.202406191623/tools/bin/../lib/gcc/arm-none-eabi/12.3.1/../../../../arm-none-eabi/lib/thumb/v7e-m+fp/hard\libc_nano.a(libc_a-nano-vfprintf.o)
 .text.__sfputs_r
                0x080121bc       0x24 C:/STM32/STM32CubeIDE_1.16.0/STM32CubeIDE/plugins/com.st.stm32cube.ide.mcu.externaltools.gnu-tools-for-stm32.12.3.rel1.win32_1.0.200.202406191623/tools/bin/../lib/gcc/arm-none-eabi/12.3.1/../../../../arm-none-eabi/lib/thumb/v7e-m+fp/hard\libc_nano.a(libc_a-nano-vfprintf.o)
                0x080121bc                __sfputs_r
 .text._vfprintf_r
                0x080121e0      0x230 C:/STM32/STM32CubeIDE_1.16.0/STM32CubeIDE/plugins/com.st.stm32cube.ide.mcu.externaltools.gnu-tools-for-stm32.12.3.rel1.win32_1.0.200.202406191623/tools/bin/../lib/gcc/arm-none-eabi/12.3.1/../../../../arm-none-eabi/lib/thumb/v7e-m+fp/hard\libc_nano.a(libc_a-nano-vfprintf.o)
                0x080121e0                _vfprintf_r
                0x080121e0                _vfiprintf_r
 .text.__swbuf_r
                0x08012410       0x7c C:/STM32/STM32CubeIDE_1.16.0/STM32CubeIDE/plugins/com.st.stm32cube.ide.mcu.externaltools.gnu-tools-for-stm32.12.3.rel1.win32_1.0.200.202406191623/tools/bin/../lib/gcc/arm-none-eabi/12.3.1/../../../../arm-none-eabi/lib/thumb/v7e-m+fp/hard\libc_nano.a(libc_a-wbuf.o)
                0x08012410                __swbuf_r
 .text.__swsetup_r
                0x0801248c       0xac C:/STM32/STM32CubeIDE_1.16.0/STM32CubeIDE/plugins/com.st.stm32cube.ide.mcu.externaltools.gnu-tools-for-stm32.12.3.rel1.win32_1.0.200.202406191623/tools/bin/../lib/gcc/arm-none-eabi/12.3.1/../../../../arm-none-eabi/lib/thumb/v7e-m+fp/hard\libc_nano.a(libc_a-wsetup.o)