Archive member included to satisfy reference by file (symbol)

C:/ST/STM32CubeIDE_1.16.0/STM32CubeIDE/plugins/com.st.stm32cube.ide.mcu.externaltools.gnu-tools-for-stm32.12.3.rel1.win32_1.0.200.202406191623/tools/bin/../lib/gcc/arm-none-eabi/12.3.1/../../../../arm-none-eabi/lib/thumb/v7e-m+fp/hard\libc_nano.a(libc_a-exit.o)
                              C:/ST/STM32CubeIDE_1.16.0/STM32CubeIDE/plugins/com.st.stm32cube.ide.mcu.externaltools.gnu-tools-for-stm32.12.3.rel1.win32_1.0.200.202406191623/tools/bin/../lib/gcc/arm-none-eabi/12.3.1/../../../../arm-none-eabi/lib/thumb/v7e-m+fp/hard/crt0.o (exit)
C:/ST/STM32CubeIDE_1.16.0/STM32CubeIDE/plugins/com.st.stm32cube.ide.mcu.externaltools.gnu-tools-for-stm32.12.3.rel1.win32_1.0.200.202406191623/tools/bin/../lib/gcc/arm-none-eabi/12.3.1/../../../../arm-none-eabi/lib/thumb/v7e-m+fp/hard\libc_nano.a(libc_a-rand.o)
                              ./Core/Src/freertos.o (srand)
C:/ST/STM32CubeIDE_1.16.0/STM32CubeIDE/plugins/com.st.stm32cube.ide.mcu.externaltools.gnu-tools-for-stm32.12.3.rel1.win32_1.0.200.202406191623/tools/bin/../lib/gcc/arm-none-eabi/12.3.1/../../../../arm-none-eabi/lib/thumb/v7e-m+fp/hard\libc_nano.a(libc_a-findfp.o)
                              ./Middlewares/Third_Party/FreeRTOS/Source/tasks.o (__sf)
C:/ST/STM32CubeIDE_1.16.0/STM32CubeIDE/plugins/com.st.stm32cube.ide.mcu.externaltools.gnu-tools-for-stm32.12.3.rel1.win32_1.0.200.202406191623/tools/bin/../lib/gcc/arm-none-eabi/12.3.1/../../../../arm-none-eabi/lib/thumb/v7e-m+fp/hard\libc_nano.a(libc_a-fwalk.o)
                              C:/ST/STM32CubeIDE_1.16.0/STM32CubeIDE/plugins/com.st.stm32cube.ide.mcu.externaltools.gnu-tools-for-stm32.12.3.rel1.win32_1.0.200.202406191623/tools/bin/../lib/gcc/arm-none-eabi/12.3.1/../../../../arm-none-eabi/lib/thumb/v7e-m+fp/hard\libc_nano.a(libc_a-findfp.o) (_fwalk_sglue)
C:/ST/STM32CubeIDE_1.16.0/STM32CubeIDE/plugins/com.st.stm32cube.ide.mcu.externaltools.gnu-tools-for-stm32.12.3.rel1.win32_1.0.200.202406191623/tools/bin/../lib/gcc/arm-none-eabi/12.3.1/../../../../arm-none-eabi/lib/thumb/v7e-m+fp/hard\libc_nano.a(libc_a-sprintf.o)
                              ./Core/Src/SDcard.o (sprintf)
C:/ST/STM32CubeIDE_1.16.0/STM32CubeIDE/plugins/com.st.stm32cube.ide.mcu.externaltools.gnu-tools-for-stm32.12.3.rel1.win32_1.0.200.202406191623/tools/bin/../lib/gcc/arm-none-eabi/12.3.1/../../../../arm-none-eabi/lib/thumb/v7e-m+fp/hard\libc_nano.a(libc_a-stdio.o)
                              C:/ST/STM32CubeIDE_1.16.0/STM32CubeIDE/plugins/com.st.stm32cube.ide.mcu.externaltools.gnu-tools-for-stm32.12.3.rel1.win32_1.0.200.202406191623/tools/bin/../lib/gcc/arm-none-eabi/12.3.1/../../../../arm-none-eabi/lib/thumb/v7e-m+fp/hard\libc_nano.a(libc_a-findfp.o) (__sread)
C:/ST/STM32CubeIDE_1.16.0/STM32CubeIDE/plugins/com.st.stm32cube.ide.mcu.externaltools.gnu-tools-for-stm32.12.3.rel1.win32_1.0.200.202406191623/tools/bin/../lib/gcc/arm-none-eabi/12.3.1/../../../../arm-none-eabi/lib/thumb/v7e-m+fp/hard\libc_nano.a(libc_a-memset.o)
                              C:/ST/STM32CubeIDE_1.16.0/STM32CubeIDE/plugins/com.st.stm32cube.ide.mcu.externaltools.gnu-tools-for-stm32.12.3.rel1.win32_1.0.200.202406191623/tools/bin/../lib/gcc/arm-none-eabi/12.3.1/../../../../arm-none-eabi/lib/thumb/v7e-m+fp/hard/crt0.o (memset)
C:/ST/STM32CubeIDE_1.16.0/STM32CubeIDE/plugins/com.st.stm32cube.ide.mcu.externaltools.gnu-tools-for-stm32.12.3.rel1.win32_1.0.200.202406191623/tools/bin/../lib/gcc/arm-none-eabi/12.3.1/../../../../arm-none-eabi/lib/thumb/v7e-m+fp/hard\libc_nano.a(libc_a-closer.o)
                              C:/ST/STM32CubeIDE_1.16.0/STM32CubeIDE/plugins/com.st.stm32cube.ide.mcu.externaltools.gnu-tools-for-stm32.12.3.rel1.win32_1.0.200.202406191623/tools/bin/../lib/gcc/arm-none-eabi/12.3.1/../../../../arm-none-eabi/lib/thumb/v7e-m+fp/hard\libc_nano.a(libc_a-stdio.o) (_close_r)
C:/ST/STM32CubeIDE_1.16.0/STM32CubeIDE/plugins/com.st.stm32cube.ide.mcu.externaltools.gnu-tools-for-stm32.12.3.rel1.win32_1.0.200.202406191623/tools/bin/../lib/gcc/arm-none-eabi/12.3.1/../../../../arm-none-eabi/lib/thumb/v7e-m+fp/hard\libc_nano.a(libc_a-reent.o)
                              ./Middlewares/Third_Party/FreeRTOS/Source/tasks.o (_reclaim_reent)
C:/ST/STM32CubeIDE_1.16.0/STM32CubeIDE/plugins/com.st.stm32cube.ide.mcu.externaltools.gnu-tools-for-stm32.12.3.rel1.win32_1.0.200.202406191623/tools/bin/../lib/gcc/arm-none-eabi/12.3.1/../../../../arm-none-eabi/lib/thumb/v7e-m+fp/hard\libc_nano.a(libc_a-impure.o)
                              ./Middlewares/Third_Party/FreeRTOS/Source/tasks.o (_impure_ptr)
C:/ST/STM32CubeIDE_1.16.0/STM32CubeIDE/plugins/com.st.stm32cube.ide.mcu.externaltools.gnu-tools-for-stm32.12.3.rel1.win32_1.0.200.202406191623/tools/bin/../lib/gcc/arm-none-eabi/12.3.1/../../../../arm-none-eabi/lib/thumb/v7e-m+fp/hard\libc_nano.a(libc_a-lseekr.o)
[...]
Memory Configuration

Name             Origin             Length             Attributes
RAM              0x20000000         0x00020000         xrw
FLASH            0x08000000         0x00080000         xr
*default*        0x00000000         0xffffffff

Linker script and memory map

LOAD C:/ST/STM32CubeIDE_1.16.0/STM32CubeIDE/plugins/com.st.stm32cube.ide.mcu.externaltools.gnu-tools-for-stm32.12.3.rel1.win32_1.0.200.202406191623/tools/bin/../lib/gcc/arm-none-eabi/12.3.1/thumb/v7e-m+fp/hard/crti.o
LOAD C:/ST/STM32CubeIDE_1.16.0/STM32CubeIDE/plugins/com.st.stm32cube.ide.mcu.externaltools.gnu-tools-for-stm32.12.3.rel1.win32_1.0.200.202406191623/tools/bin/../lib/gcc/arm-none-eabi/12.3.1/thumb/v7e-m+fp/hard/crtbegin.o
LOAD C:/ST/STM32CubeIDE_1.16.0/STM32CubeIDE/plugins/com.st.stm32cube.ide.mcu.externaltools.gnu-tools-for-stm32.12.3.rel1.win32_1.0.200.202406191623/tools/bin/../lib/gcc/arm-none-eabi/12.3.1/../../../../arm-none-eabi/lib/thumb/v7e-m+fp/hard/crt0.o
LOAD ./Core/Src/SDcard.o
LOAD ./Core/Src/fatfs_sd.o
LOAD ./Core/Src/freertos.o
LOAD ./Core/Src/gpio.o
LOAD ./Core/Src/main.o
LOAD ./Core/Src/rtc.o
LOAD ./Core/Src/spi.o
LOAD ./Core/Src/stm32f4xx_hal_msp.o
LOAD ./Core/Src/stm32f4xx_hal_timebase_tim.o
LOAD ./Core/Src/stm32f4xx_it.o
LOAD ./Core/Src/syscalls.o
LOAD ./Core/Src/sysmem.o
LOAD ./Core/Src/system_stm32f4xx.o
LOAD ./Core/Src/tim.o
LOAD ./Core/Startup/startup_stm32f411ceux.o
LOAD ./Drivers/STM32F4xx_HAL_Driver/Src/stm32f4xx_hal.o
LOAD ./Drivers/STM32F4xx_HAL_Driver/Src/stm32f4xx_hal_cortex.o
LOAD ./Drivers/STM32F4xx_HAL_Driver/Src/stm32f4xx_hal_dma.o
LOAD ./Drivers/STM32F4xx_HAL_Driver/Src/stm32f4xx_hal_dma_ex.o
LOAD ./Drivers/STM32F4xx_HAL_Driver/Src/stm32f4xx_hal_exti.o
LOAD ./Drivers/STM32F4xx_HAL_Driver/Src/stm32f4xx_hal_flash.o
LOAD ./Drivers/STM32F4xx_HAL_Driver/Src/stm32f4xx_hal_flash_ex.o
LOAD ./Drivers/STM32F4xx_HAL_Driver/Src/stm32f4xx_hal_flash_ramfunc.o
LOAD ./Drivers/STM32F4xx_HAL_Driver/Src/stm32f4xx_hal_gpio.o
LOAD ./Drivers/STM32F4xx_HAL_Driver/Src/stm32f4xx_hal_pcd.o
LOAD ./Drivers/STM32F4xx_HAL_Driver/Src/stm32f4xx_hal_pcd_ex.o
LOAD ./Drivers/STM32F4xx_HAL_Driver/Src/stm32f4xx_hal_pwr.o
LOAD ./Drivers/STM32F4xx_HAL_Driver/Src/stm32f4xx_hal_pwr_ex.o
LOAD ./Drivers/STM32F4xx_HAL_Driver/Src/stm32f4xx_hal_rcc.o
LOAD ./Drivers/STM32F4xx_HAL_Driver/Src/stm32f4xx_hal_rcc_ex.o
LOAD ./Drivers/STM32F4xx_HAL_Driver/Src/stm32f4xx_hal_rtc.o
LOAD ./Drivers/STM32F4xx_HAL_Driver/Src/stm32f4xx_hal_rtc_ex.o
LOAD ./Drivers/STM32F4xx_HAL_Driver/Src/stm32f4xx_hal_spi.o
LOAD ./Drivers/STM32F4xx_HAL_Driver/Src/stm32f4xx_hal_tim.o
LOAD ./Drivers/STM32F4xx_HAL_Driver/Src/stm32f4xx_hal_tim_ex.o
LOAD ./Drivers/STM32F4xx_HAL_Driver/Src/stm32f4xx_ll_usb.o
LOAD ./FATFS/App/fatfs.o
LOAD ./FATFS/Target/user_diskio.o
LOAD ./Middlewares/ST/STM32_USB_Device_Library/Class/CDC/Src/usbd_cdc.o
LOAD ./Middlewares/ST/STM32_USB_Device_Library/Core/Src/usbd_core.o
LOAD ./Middlewares/ST/STM32_USB_Device_Library/Core/Src/usbd_ctlreq.o
LOAD ./Middlewares/ST/STM32_USB_Device_Library/Core/Src/usbd_ioreq.o
LOAD ./Middlewares/Third_Party/FatFs/src/diskio.o
LOAD ./Middlewares/Third_Party/FatFs/src/ff.o
LOAD ./Middlewares/Third_Party/FatFs/src/ff_gen_drv.o
LOAD ./Middlewares/Third_Party/FatFs/src/option/ccsbcs.o
LOAD ./Middlewares/Third_Party/FatFs/src/option/syscall.o
LOAD ./Middlewares/Third_Party/FreeRTOS/Source/CMSIS_RTOS_V2/cmsis_os2.o
LOAD ./Middlewares/Third_Party/FreeRTOS/Source/croutine.o
LOAD ./Middlewares/Third_Party/FreeRTOS/Source/event_groups.o
LOAD ./Middlewares/Third_Party/FreeRTOS/Source/list.o
LOAD ./Middlewares/Third_Party/FreeRTOS/Source/queue.o
LOAD ./Middlewares/Third_Party/FreeRTOS/Source/stream_buffer.o
LOAD ./Middlewares/Third_Party/FreeRTOS/Source/tasks.o
LOAD ./Middlewares/Third_Party/FreeRTOS/Source/timers.o
LOAD ./Middlewares/Third_Party/FreeRTOS/Source/portable/GCC/ARM_CM4F/port.o
LOAD ./Middlewares/Third_Party/FreeRTOS/Source/portable/MemMang/heap_4.o
LOAD ./USB_DEVICE/App/usb_device.o
LOAD ./USB_DEVICE/App/usbd_cdc_if.o
LOAD ./USB_DEVICE/App/usbd_desc.o
LOAD ./USB_DEVICE/Target/usbd_conf.o
START GROUP
LOAD C:/ST/STM32CubeIDE_1.16.0/STM32CubeIDE/plugins/com.st.stm32cube.ide.mcu.externaltools.gnu-tools-for-stm32.12.3.rel1.win32_1.0.200.202406191623/tools/bin/../lib/gcc/arm-none-eabi/12.3.1/../../../../arm-none-eabi/lib/thumb/v7e-m+fp/hard\libc_nano.a
LOAD C:/ST/STM32CubeIDE_1.16.0/STM32CubeIDE/plugins/com.st.stm32cube.ide.mcu.externaltools.gnu-tools-for-stm32.12.3.rel1.win32_1.0.200.202406191623/tools/bin/../lib/gcc/arm-none-eabi/12.3.1/../../../../arm-none-eabi/lib/thumb/v7e-m+fp/hard\libm.a
END GROUP
START GROUP
LOAD C:/ST/STM32CubeIDE_1.16.0/STM32CubeIDE/plugins/com.st.stm32cube.ide.mcu.externaltools.gnu-tools-for-stm32.12.3.rel1.win32_1.0.200.202406191623/tools/bin/../lib/gcc/arm-none-eabi/12.3.1/thumb/v7e-m+fp/hard\libgcc.a
LOAD C:/ST/STM32CubeIDE_1.16.0/STM32CubeIDE/plugins/com.st.stm32cube.ide.mcu.externaltools.gnu-tools-for-stm32.12.3.rel1.win32_1.0.200.202406191623/tools/bin/../lib/gcc/arm-none-eabi/12.3.1/../../../../arm-none-eabi/lib/thumb/v7e-m+fp/hard\libc_nano.a
END GROUP
START GROUP
LOAD C:/ST/STM32CubeIDE_1.16.0/STM32CubeIDE/plugins/com.st.stm32cube.ide.mcu.externaltools.gnu-tools-for-stm32.12.3.rel1.win32_1.0.200.202406191623/tools/bin/../lib/gcc/arm-none-eabi/12.3.1/thumb/v7e-m+fp/hard\libgcc.a
LOAD C:/ST/STM32CubeIDE_1.16.0/STM32CubeIDE/plugins/com.st.stm32cube.ide.mcu.externaltools.gnu-tools-for-stm32.12.3.rel1.win32_1.0.200.202406191623/tools/bin/../lib/gcc/arm-none-eabi/12.3.1/../../../../arm-none-eabi/lib/thumb/v7e-m+fp/hard\libc_nano.a
LOAD C:/ST/STM32CubeIDE_1.16.0/STM32CubeIDE/plugins/com.st.stm32cube.ide.mcu.externaltools.gnu-tools-for-stm32.12.3.rel1.win32_1.0.200.202406191623/tools/bin/../lib/gcc/arm-none-eabi/12.3.1/../../../../arm-none-eabi/lib/thumb/v7e-m+fp/hard\libnosys.a
END GROUP
START GROUP
LOAD C:/ST/STM32CubeIDE_1.16.0/STM32CubeIDE/plugins/com.st.stm32cube.ide.mcu.externaltools.gnu-tools-for-stm32.12.3.rel1.win32_1.0.200.202406191623/tools/bin/../lib/gcc/arm-none-eabi/12.3.1/thumb/v7e-m+fp/hard\libgcc.a
LOAD C:/ST/STM32CubeIDE_1.16.0/STM32CubeIDE/plugins/com.st.stm32cube.ide.mcu.externaltools.gnu-tools-for-stm32.12.3.rel1.win32_1.0.200.202406191623/tools/bin/../lib/gcc/arm-none-eabi/12.3.1/../../../../arm-none-eabi/lib/thumb/v7e-m+fp/hard\libc_nano.a
LOAD C:/ST/STM32CubeIDE_1.16.0/STM32CubeIDE/plugins/com.st.stm32cube.ide.mcu.externaltools.gnu-tools-for-stm32.12.3.rel1.win32_1.0.200.202406191623/tools/bin/../lib/gcc/arm-none-eabi/12.3.1/../../../../arm-none-eabi/lib/thumb/v7e-m+fp/hard\libnosys.a
END GROUP
LOAD C:/ST/STM32CubeIDE_1.16.0/STM32CubeIDE/plugins/com.st.stm32cube.ide.mcu.externaltools.gnu-tools-for-stm32.12.3.rel1.win32_1.0.200.202406191623/tools/bin/../lib/gcc/arm-none-eabi/12.3.1/thumb/v7e-m+fp/hard/crtend.o
LOAD C:/ST/STM32CubeIDE_1.16.0/STM32CubeIDE/plugins/com.st.stm32cube.ide.mcu.externaltools.gnu-tools-for-stm32.12.3.rel1.win32_1.0.200.202406191623/tools/bin/../lib/gcc/arm-none-eabi/12.3.1/thumb/v7e-m+fp/hard/crtn.o
                0x20020000                        _estack = (ORIGIN (RAM) + LENGTH (RAM))
                0x00000200                        _Min_Heap_Size = 0x200
                0x00000400                        _Min_Stack_Size = 0x400

.isr_vector     0x08000000      0x198
                0x08000000                        . = ALIGN (0x4)
 *(.isr_vector)
 .isr_vector    0x08000000      0x198 ./Core/Startup/startup_stm32f411ceux.o
                0x08000000                g_pfnVectors
                0x08000198                        . = ALIGN (0x4)

.text           0x080001a0    0x12770
                0x080001a0                        . = ALIGN (0x4)
 *(.text)
 .text          0x080001a0       0x40 C:/ST/STM32CubeIDE_1.16.0/STM32CubeIDE/plugins/com.st.stm32cube.ide.mcu.externaltools.gnu-tools-for-stm32.12.3.rel1.win32_1.0.200.202406191623/tools/bin/../lib/gcc/arm-none-eabi/12.3.1/thumb/v7e-m+fp/hard/crtbegin.o
 .text          0x080001e0       0x10 C:/ST/STM32CubeIDE_1.16.0/STM32CubeIDE/plugins/com.st.stm32cube.ide.mcu.externaltools.gnu-tools-for-stm32.12.3.rel1.win32_1.0.200.202406191623/tools/bin/../lib/gcc/arm-none-eabi/12.3.1/../../../../arm-none-eabi/lib/thumb/v7e-m+fp/hard\libc_nano.a(libc_a-strlen.o)
                0x080001e0                strlen
 .text          0x080001f0       0xa0 C:/ST/STM32CubeIDE_1.16.0/STM32CubeIDE/plugins/com.st.stm32cube.ide.mcu.externaltools.gnu-tools-for-stm32.12.3.rel1.win32_1.0.200.202406191623/tools/bin/../lib/gcc/arm-none-eabi/12.3.1/../../../../arm-none-eabi/lib/thumb/v7e-m+fp/hard\libc_nano.a(libc_a-memchr.o)
                0x080001f0                memchr
 .text          0x08000290       0x30 C:/ST/STM32CubeIDE_1.16.0/STM32CubeIDE/plugins/com.st.stm32cube.ide.mcu.externaltools.gnu-tools-for-stm32.12.3.rel1.win32_1.0.200.202406191623/tools/bin/../lib/gcc/arm-none-eabi/12.3.1/thumb/v7e-m+fp/hard\libgcc.a(_aeabi_uldivmod.o)
                0x08000290                __aeabi_uldivmod
 .text          0x080002c0      0x2bc C:/ST/STM32CubeIDE_1.16.0/STM32CubeIDE/plugins/com.st.stm32cube.ide.mcu.externaltools.gnu-tools-for-stm32.12.3.rel1.win32_1.0.200.202406191623/tools/bin/../lib/gcc/arm-none-eabi/12.3.1/thumb/v7e-m+fp/hard\libgcc.a(_udivmoddi4.o)
                0x080002c0                __udivmoddi4
 .text          0x0800057c        0x4 C:/ST/STM32CubeIDE_1.16.0/STM32CubeIDE/plugins/com.st.stm32cube.ide.mcu.externaltools.gnu-tools-for-stm32.12.3.rel1.win32_1.0.200.202406191623/tools/bin/../lib/gcc/arm-none-eabi/12.3.1/thumb/v7e-m+fp/hard\libgcc.a(_dvmd_tls.o)
                0x0800057c                __aeabi_idiv0
                0x0800057c                __aeabi_ldiv0
 *(.text*)
 .text.SDcard_get_queue_handle
                0x08000580       0x18 ./Core/Src/SDcard.o
                0x08000580                SDcard_get_queue_handle
 .text.path_select
                0x08000598      0x2ac ./Core/Src/SDcard.o
 .text.reset_files
                0x08000844      0x158 ./Core/Src/SDcard.o
 .text.SDcard_task
                0x0800099c      0x2d4 ./Core/Src/SDcard.o
 .text.SDcard_start
                0x08000c70       0xe8 ./Core/Src/SDcard.o
                0x08000c70                SDcard_start
 .text.SELECT   0x08000d58       0x1c ./Core/Src/fatfs_sd.o
 .text.DESELECT
                0x08000d74       0x1c ./Core/Src/fatfs_sd.o
 .text.SPI_TxByte
                0x08000d90       0x34 ./Core/Src/fatfs_sd.o
 .text.SPI_TxBuffer
                0x08000dc4       0x34 ./Core/Src/fatfs_sd.o
 .text.SPI_RxByte
                0x08000df8       0x38 ./Core/Src/fatfs_sd.o
 .text.SPI_RxBytePtr
                0x08000e30       0x1c ./Core/Src/fatfs_sd.o
 .text.SD_ReadyWait
                0x08000e4c       0x34 ./Core/Src/fatfs_sd.o
 .text.SD_PowerOn
                0x08000e80       0x84 ./Core/Src/fatfs_sd.o
 .text.SD_PowerOff
                0x08000f04       0x18 ./Core/Src/fatfs_sd.o
 .text.SD_CheckPower
                0x08000f1c       0x18 ./Core/Src/fatfs_sd.o
 .text.SD_RxDataBlock
                0x08000f34       0x5c ./Core/Src/fatfs_sd.o
 .text.SD_TxDataBlock
                0x08000f90       0x86 ./Core/Src/fatfs_sd.o
 .text.SD_SendCmd
                0x08001016       0xa8 ./Core/Src/fatfs_sd.o
 *fill*         0x080010be        0x2 
 .text.SD_disk_initialize
                0x080010c0      0x1cc ./Core/Src/fatfs_sd.o
                0x080010c0                SD_disk_initialize
 .text.SD_disk_status
                0x0800128c       0x2c ./Core/Src/fatfs_sd.o
                0x0800128c                SD_disk_status
 .text.SD_disk_read
                0x080012b8       0xd4 ./Core/Src/fatfs_sd.o
                0x080012b8                SD_disk_read
 .text.SD_disk_write
                0x0800138c      0x108 ./Core/Src/fatfs_sd.o
                0x0800138c                SD_disk_write
 .text.SD_disk_ioctl
                0x08001494      0x254 ./Core/Src/fatfs_sd.o
                0x08001494                SD_disk_ioctl
 .text.MX_FREERTOS_Init
                0x080016e8       0x24 ./Core/Src/freertos.o
                0x080016e8                MX_FREERTOS_Init
 .text.StartDefaultTask
                0x0800170c       0x9c ./Core/Src/freertos.o
                0x0800170c                StartDefaultTask
 .text.send_data
                0x080017a8      0x180 ./Core/Src/freertos.o
                0x080017a8                send_data
 .text.start_send_data_tasks
                0x08001928      0x2d8 ./Core/Src/freertos.o
 .text.MX_GPIO_Init
                0x08001c00       0xa0 ./Core/Src/gpio.o
                0x08001c00                MX_GPIO_Init
 .text.main     0x08001ca0       0x30 ./Core/Src/main.o
                0x08001ca0                main
 .text.SystemClock_Config
                0x08001cd0       0xe0 ./Core/Src/main.o
                0x08001cd0                SystemClock_Config
 .text.HAL_TIM_PeriodElapsedCallback
                0x08001db0       0x24 ./Core/Src/main.o
                0x08001db0                HAL_TIM_PeriodElapsedCallback
 .text.Error_Handler
                0x08001dd4        0xc ./Core/Src/main.o
                0x08001dd4                Error_Handler
 .text.MX_RTC_Init
                0x08001de0       0xb4 ./Core/Src/rtc.o
                0x08001de0                MX_RTC_Init
 .text.HAL_RTC_MspInit
                0x08001e94       0x58 ./Core/Src/rtc.o
                0x08001e94                HAL_RTC_MspInit
 .text.MX_SPI1_Init
                0x08001eec       0x6c ./Core/Src/spi.o
                0x08001eec                MX_SPI1_Init
 .text.HAL_SPI_MspInit
                0x08001f58       0x90 ./Core/Src/spi.o
                0x08001f58                HAL_SPI_MspInit
 .text.HAL_MspInit
                0x08001fe8       0x58 ./Core/Src/stm32f4xx_hal_msp.o
                0x08001fe8                HAL_MspInit
 .text.HAL_InitTick
                0x08002040       0xe4 ./Core/Src/stm32f4xx_hal_timebase_tim.o
                0x08002040                HAL_InitTick
 .text.NMI_Handler
                0x08002124        0x8 ./Core/Src/stm32f4xx_it.o
                0x08002124                NMI_Handler
 .text.HardFault_Handler
                0x0800212c        0x8 ./Core/Src/stm32f4xx_it.o
                0x0800212c                HardFault_Handler
 .text.MemManage_Handler
                0x08002134        0x8 ./Core/Src/stm32f4xx_it.o
                0x08002134                MemManage_Handler
 .text.BusFault_Handler
                0x0800213c        0x8 ./Core/Src/stm32f4xx_it.o
                0x0800213c                BusFault_Handler
 .text.UsageFault_Handler
                0x08002144        0x8 ./Core/Src/stm32f4xx_it.o
                0x08002144                UsageFault_Handler
 .text.DebugMon_Handler
                0x0800214c        0xe ./Core/Src/stm32f4xx_it.o
                0x0800214c                DebugMon_Handler
 *fill*         0x0800215a        0x2 
 .text.TIM1_UP_TIM10_IRQHandler
                0x0800215c       0x44 ./Core/Src/stm32f4xx_it.o
                0x0800215c                TIM1_UP_TIM10_IRQHandler
 .text.OTG_FS_IRQHandler
                0x080021a0       0x14 ./Core/Src/stm32f4xx_it.o
                0x080021a0                OTG_FS_IRQHandler
 .text._getpid  0x080021b4       0x10 ./Core/Src/syscalls.o
                0x080021b4                _getpid
 .text._kill    0x080021c4       0x20 ./Core/Src/syscalls.o
                0x080021c4                _kill
 .text._exit    0x080021e4       0x16 ./Core/Src/syscalls.o
                0x080021e4                _exit
 .text._read    0x080021fa       0x3a ./Core/Src/syscalls.o
                0x080021fa                _read
 .text._write   0x08002234       0x38 ./Core/Src/syscalls.o
                0x08002234                _write
 .text._close   0x0800226c       0x18 ./Core/Src/syscalls.o
                0x0800226c                _close
 .text._fstat   0x08002284       0x20 ./Core/Src/syscalls.o
                0x08002284                _fstat
 .text._isatty  0x080022a4       0x16 ./Core/Src/syscalls.o
                0x080022a4                _isatty
 .text._lseek   0x080022ba       0x1a ./Core/Src/syscalls.o
                0x080022ba                _lseek
 .text._sbrk    0x080022d4       0x6c ./Core/Src/sysmem.o
                0x080022d4                _sbrk
 .text.SystemInit
                0x08002340       0x24 ./Core/Src/system_stm32f4xx.o
                0x08002340                SystemInit
 .text.MX_TIM2_Init
                0x08002364       0x98 ./Core/Src/tim.o
                0x08002364                MX_TIM2_Init
 .text.HAL_TIM_Base_MspInit
                0x080023fc       0x40 ./Core/Src/tim.o
                0x080023fc                HAL_TIM_Base_MspInit
 .text.Reset_Handler
                0x0800243c       0x50 ./Core/Startup/startup_stm32f411ceux.o
                0x0800243c                Reset_Handler
 .text.Default_Handler
                0x0800248c        0x2 ./Core/Startup/startup_stm32f411ceux.o
                0x0800248c                RTC_Alarm_IRQHandler
                0x0800248c                EXTI2_IRQHandler
                0x0800248c                SPI4_IRQHandler
                0x0800248c                TIM1_CC_IRQHandler
                0x0800248c                DMA2_Stream5_IRQHandler
                0x0800248c                DMA1_Stream5_IRQHandler
                0x0800248c                PVD_IRQHandler
                0x0800248c                SDIO_IRQHandler
                0x0800248c                TAMP_STAMP_IRQHandler
                0x0800248c                EXTI3_IRQHandler
                0x0800248c                I2C3_ER_IRQHandler
                0x0800248c                EXTI0_IRQHandler
                0x0800248c                I2C2_EV_IRQHandler
                0x0800248c                DMA1_Stream2_IRQHandler
                0x0800248c                FPU_IRQHandler
                0x0800248c                DMA2_Stream2_IRQHandler
                0x0800248c                SPI1_IRQHandler
                0x0800248c                TIM1_BRK_TIM9_IRQHandler
                0x0800248c                DMA2_Stream3_IRQHandler
                0x0800248c                USART6_IRQHandler
                0x0800248c                DMA2_Stream0_IRQHandler
                0x0800248c                TIM4_IRQHandler
                0x0800248c                I2C1_EV_IRQHandler
                0x0800248c                DMA1_Stream6_IRQHandler
                0x0800248c                DMA1_Stream1_IRQHandler
                0x0800248c                TIM3_IRQHandler
                0x0800248c                RCC_IRQHandler
                0x0800248c                Default_Handler
                0x0800248c                EXTI15_10_IRQHandler
                0x0800248c                ADC_IRQHandler
                0x0800248c                DMA1_Stream7_IRQHandler
                0x0800248c                SPI5_IRQHandler
                0x0800248c                TIM5_IRQHandler
                0x0800248c                DMA2_Stream7_IRQHandler
                0x0800248c                I2C3_EV_IRQHandler
                0x0800248c                EXTI9_5_IRQHandler
                0x0800248c                RTC_WKUP_IRQHandler
                0x0800248c                SPI2_IRQHandler
                0x0800248c                DMA1_Stream0_IRQHandler
                0x0800248c                EXTI4_IRQHandler
                0x0800248c                WWDG_IRQHandler
                0x0800248c                TIM2_IRQHandler
                0x0800248c                OTG_FS_WKUP_IRQHandler
                0x0800248c                TIM1_TRG_COM_TIM11_IRQHandler
                0x0800248c                EXTI1_IRQHandler
                0x0800248c                USART2_IRQHandler
                0x0800248c                I2C2_ER_IRQHandler
                0x0800248c                DMA2_Stream1_IRQHandler
                0x0800248c                FLASH_IRQHandler
                0x0800248c                DMA2_Stream4_IRQHandler
                0x0800248c                USART1_IRQHandler
                0x0800248c                SPI3_IRQHandler
                0x0800248c                DMA1_Stream4_IRQHandler
                0x0800248c                I2C1_ER_IRQHandler
                0x0800248c                DMA2_Stream6_IRQHandler
                0x0800248c                DMA1_Stream3_IRQHandler
 *fill*         0x0800248e        0x2 
 .text.HAL_Init
                0x08002490       0x44 ./Drivers/STM32F4xx_HAL_Driver/Src/stm32f4xx_hal.o
                0x08002490                HAL_Init
 .text.HAL_IncTick
                0x080024d4       0x28 ./Drivers/STM32F4xx_HAL_Driver/Src/stm32f4xx_hal.o
                0x080024d4                HAL_IncTick
 .text.HAL_GetTick
                0x080024fc       0x18 ./Drivers/STM32F4xx_HAL_Driver/Src/stm32f4xx_hal.o
                0x080024fc                HAL_GetTick
 .text.HAL_Delay
                0x08002514       0x48 ./Drivers/STM32F4xx_HAL_Driver/Src/stm32f4xx_hal.o
                0x08002514                HAL_Delay
 .text.__NVIC_SetPriorityGrouping
                0x0800255c       0x48 ./Drivers/STM32F4xx_HAL_Driver/Src/stm32f4xx_hal_cortex.o
 .text.__NVIC_GetPriorityGrouping
                0x080025a4       0x1c ./Drivers/STM32F4xx_HAL_Driver/Src/stm32f4xx_hal_cortex.o
 .text.__NVIC_EnableIRQ
                0x080025c0       0x3c ./Drivers/STM32F4xx_HAL_Driver/Src/stm32f4xx_hal_cortex.o
 .text.__NVIC_SetPriority
                0x080025fc       0x54 ./Drivers/STM32F4xx_HAL_Driver/Src/stm32f4xx_hal_cortex.o
 .text.NVIC_EncodePriority
                0x08002650       0x66 ./Drivers/STM32F4xx_HAL_Driver/Src/stm32f4xx_hal_cortex.o
 .text.HAL_NVIC_SetPriorityGrouping
                0x080026b6       0x16 ./Drivers/STM32F4xx_HAL_Driver/Src/stm32f4xx_hal_cortex.o
                0x080026b6                HAL_NVIC_SetPriorityGrouping
 .text.HAL_NVIC_SetPriority
                0x080026cc       0x38 ./Drivers/STM32F4xx_HAL_Driver/Src/stm32f4xx_hal_cortex.o
                0x080026cc                HAL_NVIC_SetPriority
 .text.HAL_NVIC_EnableIRQ
                0x08002704       0x1c ./Drivers/STM32F4xx_HAL_Driver/Src/stm32f4xx_hal_cortex.o
                0x08002704                HAL_NVIC_EnableIRQ
 .text.HAL_GPIO_Init
                0x08002720      0x308 ./Drivers/STM32F4xx_HAL_Driver/Src/stm32f4xx_hal_gpio.o
                0x08002720                HAL_GPIO_Init
 .text.HAL_GPIO_WritePin
                0x08002a28       0x32 ./Drivers/STM32F4xx_HAL_Driver/Src/stm32f4xx_hal_gpio.o
                0x08002a28                HAL_GPIO_WritePin
 .text.HAL_PCD_Init
                0x08002a5a      0x21e ./Drivers/STM32F4xx_HAL_Driver/Src/stm32f4xx_hal_pcd.o
                0x08002a5a                HAL_PCD_Init
 .text.HAL_PCD_Start
                0x08002c78       0x6a ./Drivers/STM32F4xx_HAL_Driver/Src/stm32f4xx_hal_pcd.o
                0x08002c78                HAL_PCD_Start
 .text.HAL_PCD_IRQHandler
                0x08002ce2      0x942 ./Drivers/STM32F4xx_HAL_Driver/Src/stm32f4xx_hal_pcd.o
                0x08002ce2                HAL_PCD_IRQHandler
 .text.HAL_PCD_SetAddress
                0x08003624       0x48 ./Drivers/STM32F4xx_HAL_Driver/Src/stm32f4xx_hal_pcd.o
                0x08003624                HAL_PCD_SetAddress
 .text.HAL_PCD_EP_Open
                0x0800366c       0xd0 ./Drivers/STM32F4xx_HAL_Driver/Src/stm32f4xx_hal_pcd.o
                0x0800366c                HAL_PCD_EP_Open
 .text.HAL_PCD_EP_Close
                0x0800373c       0x94 ./Drivers/STM32F4xx_HAL_Driver/Src/stm32f4xx_hal_pcd.o
                0x0800373c                HAL_PCD_EP_Close
 .text.HAL_PCD_EP_Receive
                0x080037d0       0x76 ./Drivers/STM32F4xx_HAL_Driver/Src/stm32f4xx_hal_pcd.o
                0x080037d0                HAL_PCD_EP_Receive
 .text.HAL_PCD_EP_GetRxCount
                0x08003846       0x30 ./Drivers/STM32F4xx_HAL_Driver/Src/stm32f4xx_hal_pcd.o
                0x08003846                HAL_PCD_EP_GetRxCount
 .text.HAL_PCD_EP_Transmit
                0x08003876       0x74 ./Drivers/STM32F4xx_HAL_Driver/Src/stm32f4xx_hal_pcd.o
                0x08003876                HAL_PCD_EP_Transmit
 .text.HAL_PCD_EP_SetStall
                0x080038ea       0xc6 ./Drivers/STM32F4xx_HAL_Driver/Src/stm32f4xx_hal_pcd.o
                0x080038ea                HAL_PCD_EP_SetStall
 .text.HAL_PCD_EP_ClrStall
                0x080039b0       0xac ./Drivers/STM32F4xx_HAL_Driver/Src/stm32f4xx_hal_pcd.o
                0x080039b0                HAL_PCD_EP_ClrStall
 .text.HAL_PCD_EP_Abort
                0x08003a5c       0x62 ./Drivers/STM32F4xx_HAL_Driver/Src/stm32f4xx_hal_pcd.o
                0x08003a5c                HAL_PCD_EP_Abort
 .text.PCD_WriteEmptyTxFifo
                0x08003abe      0x118 ./Drivers/STM32F4xx_HAL_Driver/Src/stm32f4xx_hal_pcd.o
 *fill*         0x08003bd6        0x2 
 .text.PCD_EP_OutXfrComplete_int
                0x08003bd8      0x1d0 ./Drivers/STM32F4xx_HAL_Driver/Src/stm32f4xx_hal_pcd.o
 .text.PCD_EP_OutSetupPacket_int
                0x08003da8       0x8c ./Drivers/STM32F4xx_HAL_Driver/Src/stm32f4xx_hal_pcd.o
 .text.HAL_PCDEx_SetTxFiFo
                0x08003e34       0x8e ./Drivers/STM32F4xx_HAL_Driver/Src/stm32f4xx_hal_pcd_ex.o
                0x08003e34                HAL_PCDEx_SetTxFiFo
 .text.HAL_PCDEx_SetRxFiFo
                0x08003ec2       0x22 ./Drivers/STM32F4xx_HAL_Driver/Src/stm32f4xx_hal_pcd_ex.o
                0x08003ec2                HAL_PCDEx_SetRxFiFo
 .text.HAL_PCDEx_LPM_Callback
                0x08003ee4       0x18 ./Drivers/STM32F4xx_HAL_Driver/Src/stm32f4xx_hal_pcd_ex.o
                0x08003ee4                HAL_PCDEx_LPM_Callback
 .text.HAL_RCC_OscConfig
                0x08003efc      0x4f0 ./Drivers/STM32F4xx_HAL_Driver/Src/stm32f4xx_hal_rcc.o
                0x08003efc                HAL_RCC_OscConfig
 .text.HAL_RCC_ClockConfig
                0x080043ec      0x1cc ./Drivers/STM32F4xx_HAL_Driver/Src/stm32f4xx_hal_rcc.o
                0x080043ec                HAL_RCC_ClockConfig
 .text.HAL_RCC_GetSysClockFreq
                0x080045b8      0x18c ./Drivers/STM32F4xx_HAL_Driver/Src/stm32f4xx_hal_rcc.o
                0x080045b8                HAL_RCC_GetSysClockFreq
 .text.HAL_RCC_GetHCLKFreq
                0x08004744       0x18 ./Drivers/STM32F4xx_HAL_Driver/Src/stm32f4xx_hal_rcc.o
                0x08004744                HAL_RCC_GetHCLKFreq
 .text.HAL_RCC_GetPCLK2Freq
                0x0800475c       0x28 ./Drivers/STM32F4xx_HAL_Driver/Src/stm32f4xx_hal_rcc.o
                0x0800475c                HAL_RCC_GetPCLK2Freq
 .text.HAL_RCC_GetClockConfig
                0x08004784       0x64 ./Drivers/STM32F4xx_HAL_Driver/Src/stm32f4xx_hal_rcc.o
                0x08004784                HAL_RCC_GetClockConfig
 .text.HAL_RCCEx_PeriphCLKConfig
                0x080047e8      0x1e0 ./Drivers/STM32F4xx_HAL_Driver/Src/stm32f4xx_hal_rcc_ex.o
                0x080047e8                HAL_RCCEx_PeriphCLKConfig
 .text.HAL_RTC_Init
                0x080049c8      0x106 ./Drivers/STM32F4xx_HAL_Driver/Src/stm32f4xx_hal_rtc.o
                0x080049c8                HAL_RTC_Init
 .text.HAL_RTC_SetTime
                0x08004ace      0x134 ./Drivers/STM32F4xx_HAL_Driver/Src/stm32f4xx_hal_rtc.o
                0x08004ace                HAL_RTC_SetTime
 .text.HAL_RTC_SetDate
                0x08004c02      0x108 ./Drivers/STM32F4xx_HAL_Driver/Src/stm32f4xx_hal_rtc.o
                0x08004c02                HAL_RTC_SetDate
 *fill*         0x08004d0a        0x2 
 .text.HAL_RTC_WaitForSynchro
                0x08004d0c       0x4c ./Drivers/STM32F4xx_HAL_Driver/Src/stm32f4xx_hal_rtc.o
                0x08004d0c                HAL_RTC_WaitForSynchro
 .text.RTC_EnterInitMode
                0x08004d58       0x6e ./Drivers/STM32F4xx_HAL_Driver/Src/stm32f4xx_hal_rtc.o
                0x08004d58                RTC_EnterInitMode
 .text.RTC_ExitInitMode
                0x08004dc6       0x4a ./Drivers/STM32F4xx_HAL_Driver/Src/stm32f4xx_hal_rtc.o
                0x08004dc6                RTC_ExitInitMode
 .text.RTC_ByteToBcd2
                0x08004e10       0x3c ./Drivers/STM32F4xx_HAL_Driver/Src/stm32f4xx_hal_rtc.o
                0x08004e10                RTC_ByteToBcd2
 .text.HAL_SPI_Init
                0x08004e4c      0x112 ./Drivers/STM32F4xx_HAL_Driver/Src/stm32f4xx_hal_spi.o
                0x08004e4c                HAL_SPI_Init
 .text.HAL_SPI_Transmit
                0x08004f5e      0x286 ./Drivers/STM32F4xx_HAL_Driver/Src/stm32f4xx_hal_spi.o
                0x08004f5e                HAL_SPI_Transmit
 .text.HAL_SPI_TransmitReceive
                0x080051e4      0x360 ./Drivers/STM32F4xx_HAL_Driver/Src/stm32f4xx_hal_spi.o
                0x080051e4                HAL_SPI_TransmitReceive
 .text.SPI_WaitFlagStateUntilTimeout
                0x08005544      0x110 ./Drivers/STM32F4xx_HAL_Driver/Src/stm32f4xx_hal_spi.o
 .text.SPI_EndRxTxTransaction
                0x08005654       0xa8 ./Drivers/STM32F4xx_HAL_Driver/Src/stm32f4xx_hal_spi.o
 .text.HAL_TIM_Base_Init
                0x080056fc       0x9e ./Drivers/STM32F4xx_HAL_Driver/Src/stm32f4xx_hal_tim.o
                0x080056fc                HAL_TIM_Base_Init
 *fill*         0x0800579a        0x2 
 .text.HAL_TIM_Base_Start_IT
                0x0800579c       0xc4 ./Drivers/STM32F4xx_HAL_Driver/Src/stm32f4xx_hal_tim.o
                0x0800579c                HAL_TIM_Base_Start_IT
 .text.HAL_TIM_IRQHandler
                0x08005860      0x1e0 ./Drivers/STM32F4xx_HAL_Driver/Src/stm32f4xx_hal_tim.o
                0x08005860                HAL_TIM_IRQHandler
 .text.HAL_TIM_ConfigClockSource
                0x08005a40      0x18e ./Drivers/STM32F4xx_HAL_Driver/Src/stm32f4xx_hal_tim.o
                0x08005a40                HAL_TIM_ConfigClockSource
 .text.HAL_TIM_OC_DelayElapsedCallback
                0x08005bce       0x14 ./Drivers/STM32F4xx_HAL_Driver/Src/stm32f4xx_hal_tim.o
                0x08005bce                HAL_TIM_OC_DelayElapsedCallback
 .text.HAL_TIM_IC_CaptureCallback
                0x08005be2       0x14 ./Drivers/STM32F4xx_HAL_Driver/Src/stm32f4xx_hal_tim.o
                0x08005be2                HAL_TIM_IC_CaptureCallback
 .text.HAL_TIM_PWM_PulseFinishedCallback
                0x08005bf6       0x14 ./Drivers/STM32F4xx_HAL_Driver/Src/stm32f4xx_hal_tim.o
                0x08005bf6                HAL_TIM_PWM_PulseFinishedCallback
 .text.HAL_TIM_TriggerCallback
                0x08005c0a       0x14 ./Drivers/STM32F4xx_HAL_Driver/Src/stm32f4xx_hal_tim.o
                0x08005c0a                HAL_TIM_TriggerCallback
 *fill*         0x08005c1e        0x2 
 .text.TIM_Base_SetConfig
                0x08005c20      0x118 ./Drivers/STM32F4xx_HAL_Driver/Src/stm32f4xx_hal_tim.o
                0x08005c20                TIM_Base_SetConfig
 .text.TIM_TI1_ConfigInputStage
                0x08005d38       0x5e ./Drivers/STM32F4xx_HAL_Driver/Src/stm32f4xx_hal_tim.o
 .text.TIM_TI2_ConfigInputStage
                0x08005d96       0x60 ./Drivers/STM32F4xx_HAL_Driver/Src/stm32f4xx_hal_tim.o
 .text.TIM_ITRx_SetConfig
                0x08005df6       0x36 ./Drivers/STM32F4xx_HAL_Driver/Src/stm32f4xx_hal_tim.o
 .text.TIM_ETR_SetConfig
                0x08005e2c       0x40 ./Drivers/STM32F4xx_HAL_Driver/Src/stm32f4xx_hal_tim.o
                0x08005e2c                TIM_ETR_SetConfig
 .text.HAL_TIMEx_MasterConfigSynchronization
                0x08005e6c       0xdc ./Drivers/STM32F4xx_HAL_Driver/Src/stm32f4xx_hal_tim_ex.o
                0x08005e6c                HAL_TIMEx_MasterConfigSynchronization
 .text.HAL_TIMEx_CommutCallback
                0x08005f48       0x14 ./Drivers/STM32F4xx_HAL_Driver/Src/stm32f4xx_hal_tim_ex.o
                0x08005f48                HAL_TIMEx_CommutCallback
 .text.HAL_TIMEx_BreakCallback
                0x08005f5c       0x14 ./Drivers/STM32F4xx_HAL_Driver/Src/stm32f4xx_hal_tim_ex.o
                0x08005f5c                HAL_TIMEx_BreakCallback
 .text.USB_CoreInit
                0x08005f70       0xc8 ./Drivers/STM32F4xx_HAL_Driver/Src/stm32f4xx_ll_usb.o
                0x08005f70                USB_CoreInit
 .text.USB_SetTurnaroundTime
                0x08006038      0x144 ./Drivers/STM32F4xx_HAL_Driver/Src/stm32f4xx_ll_usb.o
                0x08006038                USB_SetTurnaroundTime
 .text.USB_EnableGlobalInt
                0x0800617c       0x22 ./Drivers/STM32F4xx_HAL_Driver/Src/stm32f4xx_ll_usb.o
                0x0800617c                USB_EnableGlobalInt
 .text.USB_DisableGlobalInt
                0x0800619e       0x22 ./Drivers/STM32F4xx_HAL_Driver/Src/stm32f4xx_ll_usb.o
                0x0800619e                USB_DisableGlobalInt
 .text.USB_SetCurrentMode
                0x080061c0       0x98 ./Drivers/STM32F4xx_HAL_Driver/Src/stm32f4xx_ll_usb.o
                0x080061c0                USB_SetCurrentMode
 .text.USB_DevInit
                0x08006258      0x2c8 ./Drivers/STM32F4xx_HAL_Driver/Src/stm32f4xx_ll_usb.o
                0x08006258                USB_DevInit
 .text.USB_FlushTxFifo
                0x08006520       0x64 ./Drivers/STM32F4xx_HAL_Driver/Src/stm32f4xx_ll_usb.o
                0x08006520                USB_FlushTxFifo
 .text.USB_FlushRxFifo
                0x08006584       0x5c ./Drivers/STM32F4xx_HAL_Driver/Src/stm32f4xx_ll_usb.o
                0x08006584                USB_FlushRxFifo
 .text.USB_SetDevSpeed
                0x080065e0       0x32 ./Drivers/STM32F4xx_HAL_Driver/Src/stm32f4xx_ll_usb.o
                0x080065e0                USB_SetDevSpeed
 .text.USB_GetDevSpeed
                0x08006612       0x4a ./Drivers/STM32F4xx_HAL_Driver/Src/stm32f4xx_ll_usb.o
                0x08006612                USB_GetDevSpeed
 .text.USB_ActivateEndpoint
                0x0800665c      0x10e ./Drivers/STM32F4xx_HAL_Driver/Src/stm32f4xx_ll_usb.o
                0x0800665c                USB_ActivateEndpoint
 *fill*         0x0800676a        0x2 
 .text.USB_DeactivateEndpoint
                0x0800676c      0x1b8 ./Drivers/STM32F4xx_HAL_Driver/Src/stm32f4xx_ll_usb.o
                0x0800676c                USB_DeactivateEndpoint
 .text.USB_EPStartXfer
                0x08006924      0x530 ./Drivers/STM32F4xx_HAL_Driver/Src/stm32f4xx_ll_usb.o
                0x08006924                USB_EPStartXfer
 .text.USB_EPStopXfer
                0x08006e54      0x154 ./Drivers/STM32F4xx_HAL_Driver/Src/stm32f4xx_ll_usb.o
                0x08006e54                USB_EPStopXfer
 .text.USB_WritePacket
                0x08006fa8       0x7c ./Drivers/STM32F4xx_HAL_Driver/Src/stm32f4xx_ll_usb.o
                0x08006fa8                USB_WritePacket
 .text.USB_ReadPacket
                0x08007024       0xb0 ./Drivers/STM32F4xx_HAL_Driver/Src/stm32f4xx_ll_usb.o
                0x08007024                USB_ReadPacket
 .text.USB_EPSetStall
                0x080070d4       0xdc ./Drivers/STM32F4xx_HAL_Driver/Src/stm32f4xx_ll_usb.o
                0x080070d4                USB_EPSetStall
 .text.USB_EPClearStall
                0x080071b0       0xcc ./Drivers/STM32F4xx_HAL_Driver/Src/stm32f4xx_ll_usb.o
                0x080071b0                USB_EPClearStall
 .text.USB_SetDevAddress
                0x0800727c       0x4c ./Drivers/STM32F4xx_HAL_Driver/Src/stm32f4xx_ll_usb.o
                0x0800727c                USB_SetDevAddress
 .text.USB_DevConnect
                0x080072c8       0x42 ./Drivers/STM32F4xx_HAL_Driver/Src/stm32f4xx_ll_usb.o
                0x080072c8                USB_DevConnect
 .text.USB_DevDisconnect
                0x0800730a       0x42 ./Drivers/STM32F4xx_HAL_Driver/Src/stm32f4xx_ll_usb.o
                0x0800730a                USB_DevDisconnect
 .text.USB_ReadInterrupts
                0x0800734c       0x26 ./Drivers/STM32F4xx_HAL_Driver/Src/stm32f4xx_ll_usb.o
                0x0800734c                USB_ReadInterrupts
 .text.USB_ReadDevAllOutEpInterrupt
                0x08007372       0x34 ./Drivers/STM32F4xx_HAL_Driver/Src/stm32f4xx_ll_usb.o
                0x08007372                USB_ReadDevAllOutEpInterrupt
 .text.USB_ReadDevAllInEpInterrupt
                0x080073a6       0x34 ./Drivers/STM32F4xx_HAL_Driver/Src/stm32f4xx_ll_usb.o
                0x080073a6                USB_ReadDevAllInEpInterrupt
 .text.USB_ReadDevOutEPInterrupt
                0x080073da       0x3c ./Drivers/STM32F4xx_HAL_Driver/Src/stm32f4xx_ll_usb.o
                0x080073da                USB_ReadDevOutEPInterrupt
 .text.USB_ReadDevInEPInterrupt
                0x08007416       0x5c ./Drivers/STM32F4xx_HAL_Driver/Src/stm32f4xx_ll_usb.o
                0x08007416                USB_ReadDevInEPInterrupt
 .text.USB_GetMode
                0x08007472       0x1c ./Drivers/STM32F4xx_HAL_Driver/Src/stm32f4xx_ll_usb.o
                0x08007472                USB_GetMode
 .text.USB_ActivateSetup
                0x0800748e       0x46 ./Drivers/STM32F4xx_HAL_Driver/Src/stm32f4xx_ll_usb.o
                0x0800748e                USB_ActivateSetup
 .text.USB_EP0_OutStart
                0x080074d4       0xbc ./Drivers/STM32F4xx_HAL_Driver/Src/stm32f4xx_ll_usb.o
                0x080074d4                USB_EP0_OutStart
 .text.USB_CoreReset
                0x08007590       0x62 ./Drivers/STM32F4xx_HAL_Driver/Src/stm32f4xx_ll_usb.o
 *fill*         0x080075f2        0x2 
 .text.MX_FATFS_Init
                0x080075f4       0x24 ./FATFS/App/fatfs.o
                0x080075f4                MX_FATFS_Init
 .text.get_fattime
                0x08007618       0x10 ./FATFS/App/fatfs.o
                0x08007618                get_fattime
 .text.USER_initialize
                0x08007628       0x1e ./FATFS/Target/user_diskio.o
                0x08007628                USER_initialize
 .text.USER_status
                0x08007646       0x1e ./FATFS/Target/user_diskio.o
                0x08007646                USER_status
 .text.USER_read
                0x08007664       0x28 ./FATFS/Target/user_diskio.o
                0x08007664                USER_read
 .text.USER_write
                0x0800768c       0x28 ./FATFS/Target/user_diskio.o
                0x0800768c                USER_write
 .text.USER_ioctl
                0x080076b4       0x28 ./FATFS/Target/user_diskio.o
                0x080076b4                USER_ioctl
 .text.USBD_CDC_Init
                0x080076dc      0x1f0 ./Middlewares/ST/STM32_USB_Device_Library/Class/CDC/Src/usbd_cdc.o
 .text.USBD_CDC_DeInit
                0x080078cc      0x104 ./Middlewares/ST/STM32_USB_Device_Library/Class/CDC/Src/usbd_cdc.o
 .text.USBD_CDC_Setup
                0x080079d0      0x1b8 ./Middlewares/ST/STM32_USB_Device_Library/Class/CDC/Src/usbd_cdc.o
 .text.USBD_CDC_DataIn
                0x08007b88       0xfe ./Middlewares/ST/STM32_USB_Device_Library/Class/CDC/Src/usbd_cdc.o
 .text.USBD_CDC_DataOut
                0x08007c86       0x70 ./Middlewares/ST/STM32_USB_Device_Library/Class/CDC/Src/usbd_cdc.o
 .text.USBD_CDC_EP0_RxReady
                0x08007cf6       0x74 ./Middlewares/ST/STM32_USB_Device_Library/Class/CDC/Src/usbd_cdc.o
 *fill*         0x08007d6a        0x2 
 .text.USBD_CDC_GetFSCfgDesc
                0x08007d6c       0x70 ./Middlewares/ST/STM32_USB_Device_Library/Class/CDC/Src/usbd_cdc.o
 .text.USBD_CDC_GetHSCfgDesc
                0x08007ddc       0x70 ./Middlewares/ST/STM32_USB_Device_Library/Class/CDC/Src/usbd_cdc.o
 .text.USBD_CDC_GetOtherSpeedCfgDesc
                0x08007e4c       0x70 ./Middlewares/ST/STM32_USB_Device_Library/Class/CDC/Src/usbd_cdc.o
 .text.USBD_CDC_GetDeviceQualifierDescriptor
                0x08007ebc       0x20 ./Middlewares/ST/STM32_USB_Device_Library/Class/CDC/Src/usbd_cdc.o
                0x08007ebc                USBD_CDC_GetDeviceQualifierDescriptor
 .text.USBD_CDC_RegisterInterface
                0x08007edc       0x34 ./Middlewares/ST/STM32_USB_Device_Library/Class/CDC/Src/usbd_cdc.o
                0x08007edc                USBD_CDC_RegisterInterface
 .text.USBD_CDC_SetTxBuffer
                0x08007f10       0x44 ./Middlewares/ST/STM32_USB_Device_Library/Class/CDC/Src/usbd_cdc.o
                0x08007f10                USBD_CDC_SetTxBuffer
 .text.USBD_CDC_SetRxBuffer
                0x08007f54       0x3a ./Middlewares/ST/STM32_USB_Device_Library/Class/CDC/Src/usbd_cdc.o
                0x08007f54                USBD_CDC_SetRxBuffer
 *fill*         0x08007f8e        0x2 
 .text.USBD_CDC_TransmitPacket
                0x08007f90       0x80 ./Middlewares/ST/STM32_USB_Device_Library/Class/CDC/Src/usbd_cdc.o
                0x08007f90                USBD_CDC_TransmitPacket
 .text.USBD_CDC_ReceivePacket
                0x08008010       0x6c ./Middlewares/ST/STM32_USB_Device_Library/Class/CDC/Src/usbd_cdc.o
                0x08008010                USBD_CDC_ReceivePacket
 .text.USBD_Init
                0x0800807c       0x60 ./Middlewares/ST/STM32_USB_Device_Library/Core/Src/usbd_core.o
                0x0800807c                USBD_Init
 .text.USBD_RegisterClass
                0x080080dc       0x6c ./Middlewares/ST/STM32_USB_Device_Library/Core/Src/usbd_core.o
                0x080080dc                USBD_RegisterClass
 .text.USBD_Start
                0x08008148       0x18 ./Middlewares/ST/STM32_USB_Device_Library/Core/Src/usbd_core.o
                0x08008148                USBD_Start
 .text.USBD_RunTestMode
                0x08008160       0x16 ./Middlewares/ST/STM32_USB_Device_Library/Core/Src/usbd_core.o
                0x08008160                USBD_RunTestMode
 .text.USBD_SetClassConfig
                0x08008176       0x38 ./Middlewares/ST/STM32_USB_Device_Library/Core/Src/usbd_core.o
                0x08008176                USBD_SetClassConfig
 .text.USBD_ClrClassConfig
                0x080081ae       0x34 ./Middlewares/ST/STM32_USB_Device_Library/Core/Src/usbd_core.o
                0x080081ae                USBD_ClrClassConfig
 .text.USBD_LL_SetupStage
                0x080081e2       0xaa ./Middlewares/ST/STM32_USB_Device_Library/Core/Src/usbd_core.o
                0x080081e2                USBD_LL_SetupStage
 .text.USBD_LL_DataOutStage
                0x0800828c      0x166 ./Middlewares/ST/STM32_USB_Device_Library/Core/Src/usbd_core.o
                0x0800828c                USBD_LL_DataOutStage
 .text.USBD_LL_DataInStage
                0x080083f2      0x164 ./Middlewares/ST/STM32_USB_Device_Library/Core/Src/usbd_core.o
                0x080083f2                USBD_LL_DataInStage
 .text.USBD_LL_Reset
                0x08008556       0xa4 ./Middlewares/ST/STM32_USB_Device_Library/Core/Src/usbd_core.o
                0x08008556                USBD_LL_Reset
 .text.USBD_LL_SetSpeed
                0x080085fa       0x20 ./Middlewares/ST/STM32_USB_Device_Library/Core/Src/usbd_core.o
                0x080085fa                USBD_LL_SetSpeed
 .text.USBD_LL_Suspend
                0x0800861a       0x38 ./Middlewares/ST/STM32_USB_Device_Library/Core/Src/usbd_core.o
                0x0800861a                USBD_LL_Suspend
 .text.USBD_LL_Resume
                0x08008652       0x30 ./Middlewares/ST/STM32_USB_Device_Library/Core/Src/usbd_core.o
                0x08008652                USBD_LL_Resume
 .text.USBD_LL_SOF
                0x08008682       0x40 ./Middlewares/ST/STM32_USB_Device_Library/Core/Src/usbd_core.o
                0x08008682                USBD_LL_SOF
 .text.USBD_LL_IsoINIncomplete
                0x080086c2       0x64 ./Middlewares/ST/STM32_USB_Device_Library/Core/Src/usbd_core.o
                0x080086c2                USBD_LL_IsoINIncomplete
 .text.USBD_LL_IsoOUTIncomplete
                0x08008726       0x64 ./Middlewares/ST/STM32_USB_Device_Library/Core/Src/usbd_core.o
                0x08008726                USBD_LL_IsoOUTIncomplete
 .text.USBD_LL_DevConnected
                0x0800878a       0x16 ./Middlewares/ST/STM32_USB_Device_Library/Core/Src/usbd_core.o
                0x0800878a                USBD_LL_DevConnected
 .text.USBD_LL_DevDisconnected
                0x080087a0       0x46 ./Middlewares/ST/STM32_USB_Device_Library/Core/Src/usbd_core.o
                0x080087a0                USBD_LL_DevDisconnected
 .text.USBD_CoreFindIF
                0x080087e6       0x1a ./Middlewares/ST/STM32_USB_Device_Library/Core/Src/usbd_core.o
                0x080087e6                USBD_CoreFindIF
 .text.USBD_CoreFindEP
                0x08008800       0x1a ./Middlewares/ST/STM32_USB_Device_Library/Core/Src/usbd_core.o
                0x08008800                USBD_CoreFindEP
 .text.USBD_GetEpDesc
                0x0800881a       0x70 ./Middlewares/ST/STM32_USB_Device_Library/Core/Src/usbd_core.o
                0x0800881a                USBD_GetEpDesc
 .text.USBD_GetNextDesc
                0x0800888a       0x38 ./Middlewares/ST/STM32_USB_Device_Library/Core/Src/usbd_core.o
                0x0800888a                USBD_GetNextDesc
 .text.SWAPBYTE
                0x080088c2       0x3c ./Middlewares/ST/STM32_USB_Device_Library/Core/Src/usbd_ctlreq.o
 *fill*         0x080088fe        0x2 
 .text.USBD_StdDevReq
                0x08008900       0xe4 ./Middlewares/ST/STM32_USB_Device_Library/Core/Src/usbd_ctlreq.o
                0x08008900                USBD_StdDevReq
 .text.USBD_StdItfReq
                0x080089e4       0xd8 ./Middlewares/ST/STM32_USB_Device_Library/Core/Src/usbd_ctlreq.o
                0x080089e4                USBD_StdItfReq
 .text.USBD_StdEPReq
                0x08008abc      0x33a ./Middlewares/ST/STM32_USB_Device_Library/Core/Src/usbd_ctlreq.o
                0x08008abc                USBD_StdEPReq
 *fill*         0x08008df6        0x2 
 .text.USBD_GetDescriptor
                0x08008df8      0x2d4 ./Middlewares/ST/STM32_USB_Device_Library/Core/Src/usbd_ctlreq.o
 .text.USBD_SetAddress
                0x080090cc       0x88 ./Middlewares/ST/STM32_USB_Device_Library/Core/Src/usbd_ctlreq.o
 .text.USBD_SetConfig
                0x08009154      0x154 ./Middlewares/ST/STM32_USB_Device_Library/Core/Src/usbd_ctlreq.o
 .text.USBD_GetConfig
                0x080092a8       0x6c ./Middlewares/ST/STM32_USB_Device_Library/Core/Src/usbd_ctlreq.o
 .text.USBD_GetStatus
                0x08009314       0x68 ./Middlewares/ST/STM32_USB_Device_Library/Core/Src/usbd_ctlreq.o
 .text.USBD_SetFeature
                0x0800937c       0x52 ./Middlewares/ST/STM32_USB_Device_Library/Core/Src/usbd_ctlreq.o
 .text.USBD_ClrFeature
                0x080093ce       0x44 ./Middlewares/ST/STM32_USB_Device_Library/Core/Src/usbd_ctlreq.o
 .text.USBD_ParseSetupRequest
                0x08009412       0x74 ./Middlewares/ST/STM32_USB_Device_Library/Core/Src/usbd_ctlreq.o
                0x08009412                USBD_ParseSetupRequest
 .text.USBD_CtlError
                0x08009486       0x22 ./Middlewares/ST/STM32_USB_Device_Library/Core/Src/usbd_ctlreq.o
                0x08009486                USBD_CtlError
 .text.USBD_GetString
                0x080094a8       0x8c ./Middlewares/ST/STM32_USB_Device_Library/Core/Src/usbd_ctlreq.o
                0x080094a8                USBD_GetString
 .text.USBD_GetLen
                0x08009534       0x34 ./Middlewares/ST/STM32_USB_Device_Library/Core/Src/usbd_ctlreq.o
 .text.USBD_CtlSendData
                0x08009568       0x36 ./Middlewares/ST/STM32_USB_Device_Library/Core/Src/usbd_ioreq.o
                0x08009568                USBD_CtlSendData
 .text.USBD_CtlContinueSendData
                0x0800959e       0x22 ./Middlewares/ST/STM32_USB_Device_Library/Core/Src/usbd_ioreq.o
                0x0800959e                USBD_CtlContinueSendData
 .text.USBD_CtlPrepareRx
                0x080095c0       0x3a ./Middlewares/ST/STM32_USB_Device_Library/Core/Src/usbd_ioreq.o
                0x080095c0                USBD_CtlPrepareRx
 .text.USBD_CtlContinueRx
                0x080095fa       0x22 ./Middlewares/ST/STM32_USB_Device_Library/Core/Src/usbd_ioreq.o
                0x080095fa                USBD_CtlContinueRx
 .text.USBD_CtlSendStatus
                0x0800961c       0x26 ./Middlewares/ST/STM32_USB_Device_Library/Core/Src/usbd_ioreq.o
                0x0800961c                USBD_CtlSendStatus
 .text.USBD_CtlReceiveStatus
                0x08009642       0x26 ./Middlewares/ST/STM32_USB_Device_Library/Core/Src/usbd_ioreq.o
                0x08009642                USBD_CtlReceiveStatus
 .text.disk_status
                0x08009668       0x34 ./Middlewares/Third_Party/FatFs/src/diskio.o
                0x08009668                disk_status
 .text.disk_initialize
                0x0800969c       0x50 ./Middlewares/Third_Party/FatFs/src/diskio.o
                0x0800969c                disk_initialize
 .text.disk_read
                0x080096ec       0x40 ./Middlewares/Third_Party/FatFs/src/diskio.o
                0x080096ec                disk_read
 .text.disk_write
                0x0800972c       0x40 ./Middlewares/Third_Party/FatFs/src/diskio.o
                0x0800972c                disk_write
 .text.disk_ioctl
                0x0800976c       0x3c ./Middlewares/Third_Party/FatFs/src/diskio.o
                0x0800976c                disk_ioctl
 .text.ld_word  0x080097a8       0x30 ./Middlewares/Third_Party/FatFs/src/ff.o
 .text.ld_dword
                0x080097d8       0x46 ./Middlewares/Third_Party/FatFs/src/ff.o
 .text.st_word  0x0800981e       0x36 ./Middlewares/Third_Party/FatFs/src/ff.o
 .text.st_dword
                0x08009854       0x58 ./Middlewares/Third_Party/FatFs/src/ff.o
 .text.mem_cpy  0x080098ac       0x42 ./Middlewares/Third_Party/FatFs/src/ff.o
 .text.mem_set  0x080098ee       0x36 ./Middlewares/Third_Party/FatFs/src/ff.o
 .text.mem_cmp  0x08009924       0x4e ./Middlewares/Third_Party/FatFs/src/ff.o
 .text.chk_chr  0x08009972       0x36 ./Middlewares/Third_Party/FatFs/src/ff.o
 .text.chk_lock
                0x080099a8       0xb8 ./Middlewares/Third_Party/FatFs/src/ff.o
 .text.enq_lock
                0x08009a60       0x44 ./Middlewares/Third_Party/FatFs/src/ff.o
 .text.inc_lock
                0x08009aa4      0x11c ./Middlewares/Third_Party/FatFs/src/ff.o
 .text.dec_lock
                0x08009bc0       0x78 ./Middlewares/Third_Party/FatFs/src/ff.o
 .text.clear_lock
                0x08009c38       0x48 ./Middlewares/Third_Party/FatFs/src/ff.o
 .text.sync_window
                0x08009c80       0x88 ./Middlewares/Third_Party/FatFs/src/ff.o
 .text.move_window
                0x08009d08       0x5a ./Middlewares/Third_Party/FatFs/src/ff.o
 *fill*         0x08009d62        0x2 
 .text.sync_fs  0x08009d64       0xe0 ./Middlewares/Third_Party/FatFs/src/ff.o
 .text.clust2sect
                0x08009e44       0x3e ./Middlewares/Third_Party/FatFs/src/ff.o
 .text.get_fat  0x08009e82      0x1a6 ./Middlewares/Third_Party/FatFs/src/ff.o
 .text.put_fat  0x0800a028      0x234 ./Middlewares/Third_Party/FatFs/src/ff.o
 .text.remove_chain
                0x0800a25c       0xca ./Middlewares/Third_Party/FatFs/src/ff.o
 .text.create_chain
                0x0800a326      0x130 ./Middlewares/Third_Party/FatFs/src/ff.o
 .text.clmt_clust
                0x0800a456       0x70 ./Middlewares/Third_Party/FatFs/src/ff.o
 .text.dir_sdi  0x0800a4c6      0x112 ./Middlewares/Third_Party/FatFs/src/ff.o
 .text.dir_next
                0x0800a5d8      0x1ac ./Middlewares/Third_Party/FatFs/src/ff.o
 .text.dir_alloc
                0x0800a784       0x8e ./Middlewares/Third_Party/FatFs/src/ff.o
 .text.ld_clust
                0x0800a812       0x3e ./Middlewares/Third_Party/FatFs/src/ff.o
 .text.st_clust
                0x0800a850       0x40 ./Middlewares/Third_Party/FatFs/src/ff.o
 .text.cmp_lfn  0x0800a890       0xe0 ./Middlewares/Third_Party/FatFs/src/ff.o
 .text.pick_lfn
                0x0800a970       0xc8 ./Middlewares/Third_Party/FatFs/src/ff.o
 .text.put_lfn  0x0800aa38       0xd0 ./Middlewares/Third_Party/FatFs/src/ff.o
 .text.gen_numname
                0x0800ab08      0x11c ./Middlewares/Third_Party/FatFs/src/ff.o
 .text.sum_sfn  0x0800ac24       0x42 ./Middlewares/Third_Party/FatFs/src/ff.o
 .text.dir_read
                0x0800ac66      0x14e ./Middlewares/Third_Party/FatFs/src/ff.o
 .text.dir_find
                0x0800adb4      0x180 ./Middlewares/Third_Party/FatFs/src/ff.o
 .text.dir_register
                0x0800af34      0x1f0 ./Middlewares/Third_Party/FatFs/src/ff.o
 .text.dir_remove
                0x0800b124       0x94 ./Middlewares/Third_Party/FatFs/src/ff.o
 .text.get_fileinfo
                0x0800b1b8      0x1bc ./Middlewares/Third_Party/FatFs/src/ff.o
 .text.create_name
                0x0800b374      0x370 ./Middlewares/Third_Party/FatFs/src/ff.o
 .text.follow_path
                0x0800b6e4       0xec ./Middlewares/Third_Party/FatFs/src/ff.o
 .text.get_ldnumber
                0x0800b7d0       0x88 ./Middlewares/Third_Party/FatFs/src/ff.o
 .text.check_fs
                0x0800b858       0xac ./Middlewares/Third_Party/FatFs/src/ff.o
 .text.find_volume
                0x0800b904      0x50c ./Middlewares/Third_Party/FatFs/src/ff.o
 .text.validate
                0x0800be10       0x6a ./Middlewares/Third_Party/FatFs/src/ff.o
 *fill*         0x0800be7a        0x2 
 .text.f_mount  0x0800be7c       0x8c ./Middlewares/Third_Party/FatFs/src/ff.o
                0x0800be7c                f_mount
 .text.f_open   0x0800bf08      0x390 ./Middlewares/Third_Party/FatFs/src/ff.o
                0x0800bf08                f_open
 .text.f_read   0x0800c298      0x2be ./Middlewares/Third_Party/FatFs/src/ff.o
                0x0800c298                f_read
 .text.f_write  0x0800c556      0x328 ./Middlewares/Third_Party/FatFs/src/ff.o
                0x0800c556                f_write
 .text.f_sync   0x0800c87e       0xfc ./Middlewares/Third_Party/FatFs/src/ff.o
                0x0800c87e                f_sync
 .text.f_close  0x0800c97a       0x54 ./Middlewares/Third_Party/FatFs/src/ff.o
                0x0800c97a                f_close
 .text.f_lseek  0x0800c9ce      0x448 ./Middlewares/Third_Party/FatFs/src/ff.o
                0x0800c9ce                f_lseek
 .text.f_stat   0x0800ce16       0x72 ./Middlewares/Third_Party/FatFs/src/ff.o
                0x0800ce16                f_stat
 .text.f_unlink
                0x0800ce88      0x156 ./Middlewares/Third_Party/FatFs/src/ff.o
                0x0800ce88                f_unlink
 .text.f_gets   0x0800cfde       0x7c ./Middlewares/Third_Party/FatFs/src/ff.o
                0x0800cfde                f_gets
 .text.putc_bfd
                0x0800d05a       0x7a ./Middlewares/Third_Party/FatFs/src/ff.o
 .text.putc_flush
                0x0800d0d4       0x4a ./Middlewares/Third_Party/FatFs/src/ff.o
 .text.putc_init
                0x0800d11e       0x2a ./Middlewares/Third_Party/FatFs/src/ff.o
 .text.f_puts   0x0800d148       0x48 ./Middlewares/Third_Party/FatFs/src/ff.o
                0x0800d148                f_puts
 .text.f_printf
                0x0800d190      0x43c ./Middlewares/Third_Party/FatFs/src/ff.o
                0x0800d190                f_printf
 .text.FATFS_LinkDriverEx
                0x0800d5cc       0x98 ./Middlewares/Third_Party/FatFs/src/ff_gen_drv.o
                0x0800d5cc                FATFS_LinkDriverEx
 .text.FATFS_LinkDriver
                0x0800d664       0x1e ./Middlewares/Third_Party/FatFs/src/ff_gen_drv.o
                0x0800d664                FATFS_LinkDriver
 *fill*         0x0800d682        0x2 
 .text.ff_convert
                0x0800d684       0x78 ./Middlewares/Third_Party/FatFs/src/option/ccsbcs.o
                0x0800d684                ff_convert
 .text.ff_wtoupper
                0x0800d6fc      0x114 ./Middlewares/Third_Party/FatFs/src/option/ccsbcs.o
                0x0800d6fc                ff_wtoupper
 .text.__NVIC_SetPriority
                0x0800d810       0x54 ./Middlewares/Third_Party/FreeRTOS/Source/CMSIS_RTOS_V2/cmsis_os2.o
 .text.SysTick_Handler
                0x0800d864       0x20 ./Middlewares/Third_Party/FreeRTOS/Source/CMSIS_RTOS_V2/cmsis_os2.o
                0x0800d864                SysTick_Handler
 .text.SVC_Setup
                0x0800d884       0x12 ./Middlewares/Third_Party/FreeRTOS/Source/CMSIS_RTOS_V2/cmsis_os2.o
 *fill*         0x0800d896        0x2 
 .text.osKernelInitialize
                0x0800d898       0x48 ./Middlewares/Third_Party/FreeRTOS/Source/CMSIS_RTOS_V2/cmsis_os2.o
                0x0800d898                osKernelInitialize
 .text.osKernelStart
                0x0800d8e0       0x4c ./Middlewares/Third_Party/FreeRTOS/Source/CMSIS_RTOS_V2/cmsis_os2.o
                0x0800d8e0                osKernelStart
 .text.osThreadNew
                0x0800d92c      0x124 ./Middlewares/Third_Party/FreeRTOS/Source/CMSIS_RTOS_V2/cmsis_os2.o
                0x0800d92c                osThreadNew
 .text.vApplicationGetIdleTaskMemory
                0x0800da50       0x34 ./Middlewares/Third_Party/FreeRTOS/Source/CMSIS_RTOS_V2/cmsis_os2.o
                0x0800da50                vApplicationGetIdleTaskMemory
 .text.vApplicationGetTimerTaskMemory
                0x0800da84       0x34 ./Middlewares/Third_Party/FreeRTOS/Source/CMSIS_RTOS_V2/cmsis_os2.o
                0x0800da84                vApplicationGetTimerTaskMemory
 .text.vListInitialise
                0x0800dab8       0x40 ./Middlewares/Third_Party/FreeRTOS/Source/list.o
                0x0800dab8                vListInitialise
 .text.vListInitialiseItem
                0x0800daf8       0x1a ./Middlewares/Third_Party/FreeRTOS/Source/list.o
                0x0800daf8                vListInitialiseItem
 .text.vListInsertEnd
                0x0800db12       0x48 ./Middlewares/Third_Party/FreeRTOS/Source/list.o
                0x0800db12                vListInsertEnd
 .text.vListInsert
                0x0800db5a       0x72 ./Middlewares/Third_Party/FreeRTOS/Source/list.o
                0x0800db5a                vListInsert
 .text.uxListRemove
                0x0800dbcc       0x54 ./Middlewares/Third_Party/FreeRTOS/Source/list.o
                0x0800dbcc                uxListRemove
 .text.xQueueGenericReset
                0x0800dc20       0xd4 ./Middlewares/Third_Party/FreeRTOS/Source/queue.o
                0x0800dc20                xQueueGenericReset
 .text.xQueueGenericCreateStatic
                0x0800dcf4       0xfa ./Middlewares/Third_Party/FreeRTOS/Source/queue.o
                0x0800dcf4                xQueueGenericCreateStatic
 .text.xQueueGenericCreate
                0x0800ddee       0x76 ./Middlewares/Third_Party/FreeRTOS/Source/queue.o
                0x0800ddee                xQueueGenericCreate
 .text.prvInitialiseNewQueue
                0x0800de64       0x46 ./Middlewares/Third_Party/FreeRTOS/Source/queue.o
 *fill*         0x0800deaa        0x2 
 .text.xQueueGenericSend
                0x0800deac      0x204 ./Middlewares/Third_Party/FreeRTOS/Source/queue.o
                0x0800deac                xQueueGenericSend
 .text.xQueueGenericSendFromISR
                0x0800e0b0      0x13c ./Middlewares/Third_Party/FreeRTOS/Source/queue.o
                0x0800e0b0                xQueueGenericSendFromISR
 .text.xQueueReceive
                0x0800e1ec      0x1c4 ./Middlewares/Third_Party/FreeRTOS/Source/queue.o
                0x0800e1ec                xQueueReceive
 .text.xQueueSemaphoreTake
                0x0800e3b0      0x220 ./Middlewares/Third_Party/FreeRTOS/Source/queue.o
                0x0800e3b0                xQueueSemaphoreTake
 .text.prvGetDisinheritPriorityAfterTimeout
                0x0800e5d0       0x30 ./Middlewares/Third_Party/FreeRTOS/Source/queue.o
 .text.prvCopyDataToQueue
                0x0800e600       0xd4 ./Middlewares/Third_Party/FreeRTOS/Source/queue.o
 .text.prvCopyDataFromQueue
                0x0800e6d4       0x4c ./Middlewares/Third_Party/FreeRTOS/Source/queue.o
 .text.prvUnlockQueue
                0x0800e720       0xa4 ./Middlewares/Third_Party/FreeRTOS/Source/queue.o
 .text.prvIsQueueEmpty
                0x0800e7c4       0x2c ./Middlewares/Third_Party/FreeRTOS/Source/queue.o
 .text.prvIsQueueFull
                0x0800e7f0       0x30 ./Middlewares/Third_Party/FreeRTOS/Source/queue.o
 .text.vQueueAddToRegistry
                0x0800e820       0x54 ./Middlewares/Third_Party/FreeRTOS/Source/queue.o
                0x0800e820                vQueueAddToRegistry
 .text.vQueueWaitForMessageRestricted
                0x0800e874       0x68 ./Middlewares/Third_Party/FreeRTOS/Source/queue.o
                0x0800e874                vQueueWaitForMessageRestricted
 .text.xTaskCreateStatic
                0x0800e8dc       0xc0 ./Middlewares/Third_Party/FreeRTOS/Source/tasks.o
                0x0800e8dc                xTaskCreateStatic
 .text.xTaskCreate
                0x0800e99c       0x8a ./Middlewares/Third_Party/FreeRTOS/Source/tasks.o
                0x0800e99c                xTaskCreate
 *fill*         0x0800ea26        0x2 
 .text.prvInitialiseNewTask
                0x0800ea28      0x150 ./Middlewares/Third_Party/FreeRTOS/Source/tasks.o
 .text.prvAddNewTaskToReadyList
                0x0800eb78       0xe0 ./Middlewares/Third_Party/FreeRTOS/Source/tasks.o
 .text.vTaskDelete
                0x0800ec58       0xe8 ./Middlewares/Third_Party/FreeRTOS/Source/tasks.o
                0x0800ec58                vTaskDelete
 .text.vTaskDelayUntil
                0x0800ed40      0x100 ./Middlewares/Third_Party/FreeRTOS/Source/tasks.o
                0x0800ed40                vTaskDelayUntil
 .text.vTaskDelay
                0x0800ee40       0x6c ./Middlewares/Third_Party/FreeRTOS/Source/tasks.o
                0x0800ee40                vTaskDelay
 .text.vTaskStartScheduler
                0x0800eeac       0xe0 ./Middlewares/Third_Party/FreeRTOS/Source/tasks.o
                0x0800eeac                vTaskStartScheduler
 .text.vTaskSuspendAll
                0x0800ef8c       0x1c ./Middlewares/Third_Party/FreeRTOS/Source/tasks.o
                0x0800ef8c                vTaskSuspendAll
 .text.xTaskResumeAll
                0x0800efa8      0x13c ./Middlewares/Third_Party/FreeRTOS/Source/tasks.o
                0x0800efa8                xTaskResumeAll
 .text.xTaskGetTickCount
                0x0800f0e4       0x20 ./Middlewares/Third_Party/FreeRTOS/Source/tasks.o
                0x0800f0e4                xTaskGetTickCount
 .text.xTaskIncrementTick
                0x0800f104      0x174 ./Middlewares/Third_Party/FreeRTOS/Source/tasks.o
                0x0800f104                xTaskIncrementTick
 .text.vTaskSwitchContext
                0x0800f278       0xcc ./Middlewares/Third_Party/FreeRTOS/Source/tasks.o
                0x0800f278                vTaskSwitchContext
 .text.vTaskPlaceOnEventList
                0x0800f344       0x4c ./Middlewares/Third_Party/FreeRTOS/Source/tasks.o
                0x0800f344                vTaskPlaceOnEventList
 .text.vTaskPlaceOnEventListRestricted
                0x0800f390       0x58 ./Middlewares/Third_Party/FreeRTOS/Source/tasks.o
                0x0800f390                vTaskPlaceOnEventListRestricted
 .text.xTaskRemoveFromEventList
                0x0800f3e8       0xc8 ./Middlewares/Third_Party/FreeRTOS/Source/tasks.o
                0x0800f3e8                xTaskRemoveFromEventList
 .text.vTaskInternalSetTimeOutState
                0x0800f4b0       0x2c ./Middlewares/Third_Party/FreeRTOS/Source/tasks.o
                0x0800f4b0                vTaskInternalSetTimeOutState
 .text.xTaskCheckForTimeOut
                0x0800f4dc       0xc8 ./Middlewares/Third_Party/FreeRTOS/Source/tasks.o
                0x0800f4dc                xTaskCheckForTimeOut
 .text.vTaskMissedYield
                0x0800f5a4       0x18 ./Middlewares/Third_Party/FreeRTOS/Source/tasks.o
                0x0800f5a4                vTaskMissedYield
 .text.prvIdleTask
                0x0800f5bc       0x30 ./Middlewares/Third_Party/FreeRTOS/Source/tasks.o
 .text.prvInitialiseTaskLists
                0x0800f5ec       0x80 ./Middlewares/Third_Party/FreeRTOS/Source/tasks.o
 .text.prvCheckTasksWaitingTermination
                0x0800f66c       0x5c ./Middlewares/Third_Party/FreeRTOS/Source/tasks.o
 .text.prvDeleteTCB
                0x0800f6c8       0x6a ./Middlewares/Third_Party/FreeRTOS/Source/tasks.o
 *fill*         0x0800f732        0x2 
 .text.prvResetNextTaskUnblockTime
                0x0800f734       0x40 ./Middlewares/Third_Party/FreeRTOS/Source/tasks.o
 .text.xTaskGetSchedulerState
                0x0800f774       0x3c ./Middlewares/Third_Party/FreeRTOS/Source/tasks.o
                0x0800f774                xTaskGetSchedulerState
 .text.xTaskPriorityInherit
                0x0800f7b0       0xd0 ./Middlewares/Third_Party/FreeRTOS/Source/tasks.o
                0x0800f7b0                xTaskPriorityInherit
 .text.xTaskPriorityDisinherit
                0x0800f880       0xe0 ./Middlewares/Third_Party/FreeRTOS/Source/tasks.o
                0x0800f880                xTaskPriorityDisinherit
 .text.vTaskPriorityDisinheritAfterTimeout
                0x0800f960      0x108 ./Middlewares/Third_Party/FreeRTOS/Source/tasks.o
                0x0800f960                vTaskPriorityDisinheritAfterTimeout
 .text.pvTaskIncrementMutexHeldCount
                0x0800fa68       0x28 ./Middlewares/Third_Party/FreeRTOS/Source/tasks.o
                0x0800fa68                pvTaskIncrementMutexHeldCount
 .text.prvAddCurrentTaskToDelayedList
                0x0800fa90       0xa8 ./Middlewares/Third_Party/FreeRTOS/Source/tasks.o
 .text.xTimerCreateTimerTask
                0x0800fb38       0x94 ./Middlewares/Third_Party/FreeRTOS/Source/timers.o
                0x0800fb38                xTimerCreateTimerTask
 .text.xTimerGenericCommand
                0x0800fbcc       0x9c ./Middlewares/Third_Party/FreeRTOS/Source/timers.o
                0x0800fbcc                xTimerGenericCommand
 .text.prvProcessExpiredTimer
                0x0800fc68       0x9c ./Middlewares/Third_Party/FreeRTOS/Source/timers.o
 .text.prvTimerTask
                0x0800fd04       0x26 ./Middlewares/Third_Party/FreeRTOS/Source/timers.o
 *fill*         0x0800fd2a        0x2 
 .text.prvProcessTimerOrBlockTask
                0x0800fd2c       0x9c ./Middlewares/Third_Party/FreeRTOS/Source/timers.o
 .text.prvGetNextExpireTime
                0x0800fdc8       0x48 ./Middlewares/Third_Party/FreeRTOS/Source/timers.o
 .text.prvSampleTimeNow
                0x0800fe10       0x40 ./Middlewares/Third_Party/FreeRTOS/Source/timers.o
 .text.prvInsertTimerInActiveList
                0x0800fe50       0x84 ./Middlewares/Third_Party/FreeRTOS/Source/timers.o
 .text.prvProcessReceivedCommands
                0x0800fed4      0x1cc ./Middlewares/Third_Party/FreeRTOS/Source/timers.o
 .text.prvSwitchTimerLists
                0x080100a0       0xcc ./Middlewares/Third_Party/FreeRTOS/Source/timers.o
 .text.prvCheckForValidListAndQueue
                0x0801016c       0x80 ./Middlewares/Third_Party/FreeRTOS/Source/timers.o
 .text.pxPortInitialiseStack
                0x080101ec       0x68 ./Middlewares/Third_Party/FreeRTOS/Source/portable/GCC/ARM_CM4F/port.o
                0x080101ec                pxPortInitialiseStack
 .text.prvTaskExitError
                0x08010254       0x5c ./Middlewares/Third_Party/FreeRTOS/Source/portable/GCC/ARM_CM4F/port.o
 .text.SVC_Handler
                0x080102b0       0x28 ./Middlewares/Third_Party/FreeRTOS/Source/portable/GCC/ARM_CM4F/port.o
                0x080102b0                SVC_Handler
 .text.prvPortStartFirstTask
                0x080102d8       0x28 ./Middlewares/Third_Party/FreeRTOS/Source/portable/GCC/ARM_CM4F/port.o
 .text.xPortStartScheduler
                0x08010300      0x148 ./Middlewares/Third_Party/FreeRTOS/Source/portable/GCC/ARM_CM4F/port.o
                0x08010300                xPortStartScheduler
 .text.vPortEnterCritical
                0x08010448       0x64 ./Middlewares/Third_Party/FreeRTOS/Source/portable/GCC/ARM_CM4F/port.o
                0x08010448                vPortEnterCritical
 .text.vPortExitCritical
                0x080104ac       0x54 ./Middlewares/Third_Party/FreeRTOS/Source/portable/GCC/ARM_CM4F/port.o
                0x080104ac                vPortExitCritical
 .text.PendSV_Handler
                0x08010500       0x68 ./Middlewares/Third_Party/FreeRTOS/Source/portable/GCC/ARM_CM4F/port.o
                0x08010500                PendSV_Handler
 .text.xPortSysTickHandler
                0x08010568       0x44 ./Middlewares/Third_Party/FreeRTOS/Source/portable/GCC/ARM_CM4F/port.o
                0x08010568                xPortSysTickHandler
 .text.vPortSetupTimerInterrupt
                0x080105ac       0x48 ./Middlewares/Third_Party/FreeRTOS/Source/portable/GCC/ARM_CM4F/port.o
                0x080105ac                vPortSetupTimerInterrupt
 .text.vPortEnableVFP
                0x080105f4       0x14 ./Middlewares/Third_Party/FreeRTOS/Source/portable/GCC/ARM_CM4F/port.o
 .text.vPortValidateInterruptPriority
                0x08010608       0x84 ./Middlewares/Third_Party/FreeRTOS/Source/portable/GCC/ARM_CM4F/port.o
                0x08010608                vPortValidateInterruptPriority
 .text.pvPortMalloc
                0x0801068c      0x19c ./Middlewares/Third_Party/FreeRTOS/Source/portable/MemMang/heap_4.o
                0x0801068c                pvPortMalloc
 .text.vPortFree
                0x08010828       0xc8 ./Middlewares/Third_Party/FreeRTOS/Source/portable/MemMang/heap_4.o
                0x08010828                vPortFree
 .text.prvHeapInit
                0x080108f0       0xc4 ./Middlewares/Third_Party/FreeRTOS/Source/portable/MemMang/heap_4.o
 .text.prvInsertBlockIntoFreeList
                0x080109b4       0xb4 ./Middlewares/Third_Party/FreeRTOS/Source/portable/MemMang/heap_4.o
 .text.MX_USB_DEVICE_Init
                0x08010a68       0x60 ./USB_DEVICE/App/usb_device.o
                0x08010a68                MX_USB_DEVICE_Init
 .text.CDC_Init_FS
                0x08010ac8       0x28 ./USB_DEVICE/App/usbd_cdc_if.o
 .text.CDC_DeInit_FS
                0x08010af0       0x10 ./USB_DEVICE/App/usbd_cdc_if.o
 .text.CDC_Control_FS
                0x08010b00       0xbc ./USB_DEVICE/App/usbd_cdc_if.o
 .text.CDC_Receive_FS
                0x08010bbc       0x28 ./USB_DEVICE/App/usbd_cdc_if.o
 .text.CDC_Transmit_FS
                0x08010be4       0x4c ./USB_DEVICE/App/usbd_cdc_if.o
                0x08010be4                CDC_Transmit_FS
 .text.CDC_TransmitCplt_FS
                0x08010c30       0x22 ./USB_DEVICE/App/usbd_cdc_if.o
 *fill*         0x08010c52        0x2 
 .text.USBD_FS_DeviceDescriptor
                0x08010c54       0x24 ./USB_DEVICE/App/usbd_desc.o
                0x08010c54                USBD_FS_DeviceDescriptor
 .text.USBD_FS_LangIDStrDescriptor
                0x08010c78       0x24 ./USB_DEVICE/App/usbd_desc.o
                0x08010c78                USBD_FS_LangIDStrDescriptor
 .text.USBD_FS_ProductStrDescriptor
                0x08010c9c       0x3c ./USB_DEVICE/App/usbd_desc.o
                0x08010c9c                USBD_FS_ProductStrDescriptor
 .text.USBD_FS_ManufacturerStrDescriptor
                0x08010cd8       0x28 ./USB_DEVICE/App/usbd_desc.o
                0x08010cd8                USBD_FS_ManufacturerStrDescriptor
 .text.USBD_FS_SerialStrDescriptor
                0x08010d00       0x24 ./USB_DEVICE/App/usbd_desc.o
                0x08010d00                USBD_FS_SerialStrDescriptor
 .text.USBD_FS_ConfigStrDescriptor
                0x08010d24       0x3c ./USB_DEVICE/App/usbd_desc.o
                0x08010d24                USBD_FS_ConfigStrDescriptor
 .text.USBD_FS_InterfaceStrDescriptor
                0x08010d60       0x3c ./USB_DEVICE/App/usbd_desc.o
                0x08010d60                USBD_FS_InterfaceStrDescriptor
 .text.Get_SerialNum
                0x08010d9c       0x58 ./USB_DEVICE/App/usbd_desc.o
 .text.IntToUnicode
                0x08010df4       0x7e ./USB_DEVICE/App/usbd_desc.o
 *fill*         0x08010e72        0x2 
 .text.HAL_PCD_MspInit
                0x08010e74       0xa8 ./USB_DEVICE/Target/usbd_conf.o
                0x08010e74                HAL_PCD_MspInit
 .text.HAL_PCD_SetupStageCallback
                0x08010f1c       0x24 ./USB_DEVICE/Target/usbd_conf.o
                0x08010f1c                HAL_PCD_SetupStageCallback
 .text.HAL_PCD_DataOutStageCallback
                0x08010f40       0x36 ./USB_DEVICE/Target/usbd_conf.o
                0x08010f40                HAL_PCD_DataOutStageCallback
 .text.HAL_PCD_DataInStageCallback
                0x08010f76       0x34 ./USB_DEVICE/Target/usbd_conf.o
                0x08010f76                HAL_PCD_DataInStageCallback
 .text.HAL_PCD_SOFCallback
                0x08010faa       0x1c ./USB_DEVICE/Target/usbd_conf.o
                0x08010faa                HAL_PCD_SOFCallback
 .text.HAL_PCD_ResetCallback
                0x08010fc6       0x3c ./USB_DEVICE/Target/usbd_conf.o
                0x08010fc6                HAL_PCD_ResetCallback
 *fill*         0x08011002        0x2 
 .text.HAL_PCD_SuspendCallback
                0x08011004       0x4c ./USB_DEVICE/Target/usbd_conf.o
                0x08011004                HAL_PCD_SuspendCallback
 .text.HAL_PCD_ResumeCallback
                0x08011050       0x1c ./USB_DEVICE/Target/usbd_conf.o
                0x08011050                HAL_PCD_ResumeCallback
 .text.HAL_PCD_ISOOUTIncompleteCallback
                0x0801106c       0x24 ./USB_DEVICE/Target/usbd_conf.o
                0x0801106c                HAL_PCD_ISOOUTIncompleteCallback
 .text.HAL_PCD_ISOINIncompleteCallback
                0x08011090       0x24 ./USB_DEVICE/Target/usbd_conf.o
                0x08011090                HAL_PCD_ISOINIncompleteCallback
 .text.HAL_PCD_ConnectCallback
                0x080110b4       0x1c ./USB_DEVICE/Target/usbd_conf.o
                0x080110b4                HAL_PCD_ConnectCallback
 .text.HAL_PCD_DisconnectCallback
                0x080110d0       0x1c ./USB_DEVICE/Target/usbd_conf.o
                0x080110d0                HAL_PCD_DisconnectCallback
 .text.USBD_LL_Init
                0x080110ec       0x98 ./USB_DEVICE/Target/usbd_conf.o
                0x080110ec                USBD_LL_Init
 .text.USBD_LL_Start
                0x08011184       0x36 ./USB_DEVICE/Target/usbd_conf.o
                0x08011184                USBD_LL_Start
 .text.USBD_LL_OpenEP
                0x080111ba       0x4c ./USB_DEVICE/Target/usbd_conf.o
                0x080111ba                USBD_LL_OpenEP
 .text.USBD_LL_CloseEP
                0x08011206       0x3e ./USB_DEVICE/Target/usbd_conf.o
                0x08011206                USBD_LL_CloseEP
 .text.USBD_LL_StallEP
                0x08011244       0x3e ./USB_DEVICE/Target/usbd_conf.o
                0x08011244                USBD_LL_StallEP
 .text.USBD_LL_ClearStallEP
                0x08011282       0x3e ./USB_DEVICE/Target/usbd_conf.o
                0x08011282                USBD_LL_ClearStallEP
 .text.USBD_LL_IsStallEP
                0x080112c0       0x58 ./USB_DEVICE/Target/usbd_conf.o
                0x080112c0                USBD_LL_IsStallEP
 .text.USBD_LL_SetUSBAddress
                0x08011318       0x3e ./USB_DEVICE/Target/usbd_conf.o
                0x08011318                USBD_LL_SetUSBAddress
 .text.USBD_LL_Transmit
                0x08011356       0x42 ./USB_DEVICE/Target/usbd_conf.o
                0x08011356                USBD_LL_Transmit
 .text.USBD_LL_PrepareReceive
                0x08011398       0x42 ./USB_DEVICE/Target/usbd_conf.o
                0x08011398                USBD_LL_PrepareReceive
 .text.USBD_LL_GetRxDataSize
                0x080113da       0x26 ./USB_DEVICE/Target/usbd_conf.o
                0x080113da                USBD_LL_GetRxDataSize
 .text.USBD_static_malloc
                0x08011400       0x1c ./USB_DEVICE/Target/usbd_conf.o
                0x08011400                USBD_static_malloc
 .text.USBD_static_free
                0x0801141c       0x14 ./USB_DEVICE/Target/usbd_conf.o
                0x0801141c                USBD_static_free
 .text.USBD_Get_USB_Status
                0x08011430       0x58 ./USB_DEVICE/Target/usbd_conf.o
                0x08011430                USBD_Get_USB_Status
 .text.srand    0x08011488       0x5c C:/ST/STM32CubeIDE_1.16.0/STM32CubeIDE/plugins/com.st.stm32cube.ide.mcu.externaltools.gnu-tools-for-stm32.12.3.rel1.win32_1.0.200.202406191623/tools/bin/../lib/gcc/arm-none-eabi/12.3.1/../../../../arm-none-eabi/lib/thumb/v7e-m+fp/hard\libc_nano.a(libc_a-rand.o)
                0x08011488                srand
 .text.rand     0x080114e4       0x7c C:/ST/STM32CubeIDE_1.16.0/STM32CubeIDE/plugins/com.st.stm32cube.ide.mcu.externaltools.gnu-tools-for-stm32.12.3.rel1.win32_1.0.200.202406191623/tools/bin/../lib/gcc/arm-none-eabi/12.3.1/../../../../arm-none-eabi/lib/thumb/v7e-m+fp/hard\libc_nano.a(libc_a-rand.o)
                0x080114e4                rand
 .text.std      0x08011560       0x6c C:/ST/STM32CubeIDE_1.16.0/STM32CubeIDE/plugins/com.st.stm32cube.ide.mcu.externaltools.gnu-tools-for-stm32.12.3.rel1.win32_1.0.200.202406191623/tools/bin/../lib/gcc/arm-none-eabi/12.3.1/../../../../arm-none-eabi/lib/thumb/v7e-m+fp/hard\libc_nano.a(libc_a-findfp.o)
 .text.stdio_exit_handler
                0x080115cc       0x18 C:/ST/STM32CubeIDE_1.16.0/STM32CubeIDE/plugins/com.st.stm32cube.ide.mcu.externaltools.gnu-tools-for-stm32.12.3.rel1.win32_1.0.200.202406191623/tools/bin/../lib/gcc/arm-none-eabi/12.3.1/../../../../arm-none-eabi/lib/thumb/v7e-m+fp/hard\libc_nano.a(libc_a-findfp.o)
 .text.cleanup_stdio
                0x080115e4       0x40 C:/ST/STM32CubeIDE_1.16.0/STM32CubeIDE/plugins/com.st.stm32cube.ide.mcu.externaltools.gnu-tools-for-stm32.12.3.rel1.win32_1.0.200.202406191623/tools/bin/../lib/gcc/arm-none-eabi/12.3.1/../../../../arm-none-eabi/lib/thumb/v7e-m+fp/hard\libc_nano.a(libc_a-findfp.o)
 .text.global_stdio_init.part.0
                0x08011624       0x3c C:/ST/STM32CubeIDE_1.16.0/STM32CubeIDE/plugins/com.st.stm32cube.ide.mcu.externaltools.gnu-tools-for-stm32.12.3.rel1.win32_1.0.200.202406191623/tools/bin/../lib/gcc/arm-none-eabi/12.3.1/../../../../arm-none-eabi/lib/thumb/v7e-m+fp/hard\libc_nano.a(libc_a-findfp.o)
 .text.__sfp_lock_acquire
                0x08011660        0xc C:/ST/STM32CubeIDE_1.16.0/STM32CubeIDE/plugins/com.st.stm32cube.ide.mcu.externaltools.gnu-tools-for-stm32.12.3.rel1.win32_1.0.200.202406191623/tools/bin/../lib/gcc/arm-none-eabi/12.3.1/../../../../arm-none-eabi/lib/thumb/v7e-m+fp/hard\libc_nano.a(libc_a-findfp.o)
                0x08011660                __sfp_lock_acquire
 .text.__sfp_lock_release
                0x0801166c        0xc C:/ST/STM32CubeIDE_1.16.0/STM32CubeIDE/plugins/com.st.stm32cube.ide.mcu.externaltools.gnu-tools-for-stm32.12.3.rel1.win32_1.0.200.202406191623/tools/bin/../lib/gcc/arm-none-eabi/12.3.1/../../../../arm-none-eabi/lib/thumb/v7e-m+fp/hard\libc_nano.a(libc_a-findfp.o)
                0x0801166c                __sfp_lock_release
 .text.__sinit  0x08011678       0x30 C:/ST/STM32CubeIDE_1.16.0/STM32CubeIDE/plugins/com.st.stm32cube.ide.mcu.externaltools.gnu-tools-for-stm32.12.3.rel1.win32_1.0.200.202406191623/tools/bin/../lib/gcc/arm-none-eabi/12.3.1/../../../../arm-none-eabi/lib/thumb/v7e-m+fp/hard\libc_nano.a(libc_a-findfp.o)
                0x08011678                __sinit
 .text._fwalk_sglue
                0x080116a8       0x3c C:/ST/STM32CubeIDE_1.16.0/STM32CubeIDE/plugins/com.st.stm32cube.ide.mcu.externaltools.gnu-tools-for-stm32.12.3.rel1.win32_1.0.200.202406191623/tools/bin/../lib/gcc/arm-none-eabi/12.3.1/../../../../arm-none-eabi/lib/thumb/v7e-m+fp/hard\libc_nano.a(libc_a-fwalk.o)
                0x080116a8                _fwalk_sglue
 .text.sprintf  0x080116e4       0x40 C:/ST/STM32CubeIDE_1.16.0/STM32CubeIDE/plugins/com.st.stm32cube.ide.mcu.externaltools.gnu-tools-for-stm32.12.3.rel1.win32_1.0.200.202406191623/tools/bin/../lib/gcc/arm-none-eabi/12.3.1/../../../../arm-none-eabi/lib/thumb/v7e-m+fp/hard\libc_nano.a(libc_a-sprintf.o)
                0x080116e4                siprintf
                0x080116e4                sprintf
 .text.__sread  0x08011724       0x22 C:/ST/STM32CubeIDE_1.16.0/STM32CubeIDE/plugins/com.st.stm32cube.ide.mcu.externaltools.gnu-tools-for-stm32.12.3.rel1.win32_1.0.200.202406191623/tools/bin/../lib/gcc/arm-none-eabi/12.3.1/../../../../arm-none-eabi/lib/thumb/v7e-m+fp/hard\libc_nano.a(libc_a-stdio.o)
                0x08011724                __sread
 .text.__swrite
                0x08011746       0x38 C:/ST/STM32CubeIDE_1.16.0/STM32CubeIDE/plugins/com.st.stm32cube.ide.mcu.externaltools.gnu-tools-for-stm32.12.3.rel1.win32_1.0.200.202406191623/tools/bin/../lib/gcc/arm-none-eabi/12.3.1/../../../../arm-none-eabi/lib/thumb/v7e-m+fp/hard\libc_nano.a(libc_a-stdio.o)
                0x08011746                __swrite
 .text.__sseek  0x0801177e       0x24 C:/ST/STM32CubeIDE_1.16.0/STM32CubeIDE/plugins/com.st.stm32cube.ide.mcu.externaltools.gnu-tools-for-stm32.12.3.rel1.win32_1.0.200.202406191623/tools/bin/../lib/gcc/arm-none-eabi/12.3.1/../../../../arm-none-eabi/lib/thumb/v7e-m+fp/hard\libc_nano.a(libc_a-stdio.o)
                0x0801177e                __sseek
 .text.__sclose
                0x080117a2        0x8 C:/ST/STM32CubeIDE_1.16.0/STM32CubeIDE/plugins/com.st.stm32cube.ide.mcu.externaltools.gnu-tools-for-stm32.12.3.rel1.win32_1.0.200.202406191623/tools/bin/../lib/gcc/arm-none-eabi/12.3.1/../../../../arm-none-eabi/lib/thumb/v7e-m+fp/hard\libc_nano.a(libc_a-stdio.o)
                0x080117a2                __sclose
 .text.memset   0x080117aa       0x10 C:/ST/STM32CubeIDE_1.16.0/STM32CubeIDE/plugins/com.st.stm32cube.ide.mcu.externaltools.gnu-tools-for-stm32.12.3.rel1.win32_1.0.200.202406191623/tools/bin/../lib/gcc/arm-none-eabi/12.3.1/../../../../arm-none-eabi/lib/thumb/v7e-m+fp/hard\libc_nano.a(libc_a-memset.o)
                0x080117aa                memset
 *fill*         0x080117ba        0x2 
 .text._close_r
                0x080117bc       0x20 C:/ST/STM32CubeIDE_1.16.0/STM32CubeIDE/plugins/com.st.stm32cube.ide.mcu.externaltools.gnu-tools-for-stm32.12.3.rel1.win32_1.0.200.202406191623/tools/bin/../lib/gcc/arm-none-eabi/12.3.1/../../../../arm-none-eabi/lib/thumb/v7e-m+fp/hard\libc_nano.a(libc_a-closer.o)
                0x080117bc                _close_r
 .text._reclaim_reent
                0x080117dc       0xac C:/ST/STM32CubeIDE_1.16.0/STM32CubeIDE/plugins/com.st.stm32cube.ide.mcu.externaltools.gnu-tools-for-stm32.12.3.rel1.win32_1.0.200.202406191623/tools/bin/../lib/gcc/arm-none-eabi/12.3.1/../../../../arm-none-eabi/lib/thumb/v7e-m+fp/hard\libc_nano.a(libc_a-reent.o)
                0x080117dc                _reclaim_reent
 .text._lseek_r
                0x08011888       0x24 C:/ST/STM32CubeIDE_1.16.0/STM32CubeIDE/plugins/com.st.stm32cube.ide.mcu.externaltools.gnu-tools-for-stm32.12.3.rel1.win32_1.0.200.202406191623/tools/bin/../lib/gcc/arm-none-eabi/12.3.1/../../../../arm-none-eabi/lib/thumb/v7e-m+fp/hard\libc_nano.a(libc_a-lseekr.o)
                0x08011888                _lseek_r
 .text._read_r  0x080118ac       0x24 C:/ST/STM32CubeIDE_1.16.0/STM32CubeIDE/plugins/com.st.stm32cube.ide.mcu.externaltools.gnu-tools-for-stm32.12.3.rel1.win32_1.0.200.202406191623/tools/bin/../lib/gcc/arm-none-eabi/12.3.1/../../../../arm-none-eabi/lib/thumb/v7e-m+fp/hard\libc_nano.a(libc_a-readr.o)
                0x080118ac                _read_r
 .text._write_r
                0x080118d0       0x24 C:/ST/STM32CubeIDE_1.16.0/STM32CubeIDE/plugins/com.st.stm32cube.ide.mcu.externaltools.gnu-tools-for-stm32.12.3.rel1.win32_1.0.200.202406191623/tools/bin/../lib/gcc/arm-none-eabi/12.3.1/../../../../arm-none-eabi/lib/thumb/v7e-m+fp/hard\libc_nano.a(libc_a-writer.o)
                0x080118d0                _write_r
 .text.__errno  0x080118f4        0xc C:/ST/STM32CubeIDE_1.16.0/STM32CubeIDE/plugins/com.st.stm32cube.ide.mcu.externaltools.gnu-tools-for-stm32.12.3.rel1.win32_1.0.200.202406191623/tools/bin/../lib/gcc/arm-none-eabi/12.3.1/../../../../arm-none-eabi/lib/thumb/v7e-m+fp/hard\libc_nano.a(libc_a-errno.o)
                0x080118f4                __errno
 .text.__libc_init_array
                0x08011900       0x48 C:/ST/STM32CubeIDE_1.16.0/STM32CubeIDE/plugins/com.st.stm32cube.ide.mcu.externaltools.gnu-tools-for-stm32.12.3.rel1.win32_1.0.200.202406191623/tools/bin/../lib/gcc/arm-none-eabi/12.3.1/../../../../arm-none-eabi/lib/thumb/v7e-m+fp/hard\libc_nano.a(libc_a-init.o)
                0x08011900                __libc_init_array
 .text.__retarget_lock_init_recursive
                0x08011948        0x2 C:/ST/STM32CubeIDE_1.16.0/STM32CubeIDE/plugins/com.st.stm32cube.ide.mcu.externaltools.gnu-tools-for-stm32.12.3.rel1.win32_1.0.200.202406191623/tools/bin/../lib/gcc/arm-none-eabi/12.3.1/../../../../arm-none-eabi/lib/thumb/v7e-m+fp/hard\libc_nano.a(libc_a-lock.o)
                0x08011948                __retarget_lock_init_recursive
 .text.__retarget_lock_acquire_recursive
                0x0801194a        0x2 C:/ST/STM32CubeIDE_1.16.0/STM32CubeIDE/plugins/com.st.stm32cube.ide.mcu.externaltools.gnu-tools-for-stm32.12.3.rel1.win32_1.0.200.202406191623/tools/bin/../lib/gcc/arm-none-eabi/12.3.1/../../../../arm-none-eabi/lib/thumb/v7e-m+fp/hard\libc_nano.a(libc_a-lock.o)
                0x0801194a                __retarget_lock_acquire_recursive
 .text.__retarget_lock_release_recursive
                0x0801194c        0x2 C:/ST/STM32CubeIDE_1.16.0/STM32CubeIDE/plugins/com.st.stm32cube.ide.mcu.externaltools.gnu-tools-for-stm32.12.3.rel1.win32_1.0.200.202406191623/tools/bin/../lib/gcc/arm-none-eabi/12.3.1/../../../../arm-none-eabi/lib/thumb/v7e-m+fp/hard\libc_nano.a(libc_a-lock.o)
                0x0801194c                __retarget_lock_release_recursive
 .text.memcpy   0x0801194e       0x1c C:/ST/STM32CubeIDE_1.16.0/STM32CubeIDE/plugins/com.st.stm32cube.ide.mcu.externaltools.gnu-tools-for-stm32.12.3.rel1.win32_1.0.200.202406191623/tools/bin/../lib/gcc/arm-none-eabi/12.3.1/../../../../arm-none-eabi/lib/thumb/v7e-m+fp/hard\libc_nano.a(libc_a-memcpy-stub.o)
                0x0801194e                memcpy
 *fill*         0x0801196a        0x2 
 .text.__assert_func
                0x0801196c       0x3c C:/ST/STM32CubeIDE_1.16.0/STM32CubeIDE/plugins/com.st.stm32cube.ide.mcu.externaltools.gnu-tools-for-stm32.12.3.rel1.win32_1.0.200.202406191623/tools/bin/../lib/gcc/arm-none-eabi/12.3.1/../../../../arm-none-eabi/lib/thumb/v7e-m+fp/hard\libc_nano.a(libc_a-assert.o)
                0x0801196c                __assert_func
 .text._free_r  0x080119a8       0x94 C:/ST/STM32CubeIDE_1.16.0/STM32CubeIDE/plugins/com.st.stm32cube.ide.mcu.externaltools.gnu-tools-for-stm32.12.3.rel1.win32_1.0.200.202406191623/tools/bin/../lib/gcc/arm-none-eabi/12.3.1/../../../../arm-none-eabi/lib/thumb/v7e-m+fp/hard\libc_nano.a(libc_a-freer.o)
                0x080119a8                _free_r
 .text.malloc   0x08011a3c       0x10 C:/ST/STM32CubeIDE_1.16.0/STM32CubeIDE/plugins/com.st.stm32cube.ide.mcu.externaltools.gnu-tools-for-stm32.12.3.rel1.win32_1.0.200.202406191623/tools/bin/../lib/gcc/arm-none-eabi/12.3.1/../../../../arm-none-eabi/lib/thumb/v7e-m+fp/hard\libc_nano.a(libc_a-malloc.o)
                0x08011a3c                malloc
 .text.sbrk_aligned
                0x08011a4c       0x44 C:/ST/STM32CubeIDE_1.16.0/STM32CubeIDE/plugins/com.st.stm32cube.ide.mcu.externaltools.gnu-tools-for-stm32.12.3.rel1.win32_1.0.200.202406191623/tools/bin/../lib/gcc/arm-none-eabi/12.3.1/../../../../arm-none-eabi/lib/thumb/v7e-m+fp/hard\libc_nano.a(libc_a-mallocr.o)
 .text._malloc_r
                0x08011a90      0x100 C:/ST/STM32CubeIDE_1.16.0/STM32CubeIDE/plugins/com.st.stm32cube.ide.mcu.externaltools.gnu-tools-for-stm32.12.3.rel1.win32_1.0.200.202406191623/tools/bin/../lib/gcc/arm-none-eabi/12.3.1/../../../../arm-none-eabi/lib/thumb/v7e-m+fp/hard\libc_nano.a(libc_a-mallocr.o)
                0x08011a90                _malloc_r
 .text.__malloc_lock
                0x08011b90        0xc C:/ST/STM32CubeIDE_1.16.0/STM32CubeIDE/plugins/com.st.stm32cube.ide.mcu.externaltools.gnu-tools-for-stm32.12.3.rel1.win32_1.0.200.202406191623/tools/bin/../lib/gcc/arm-none-eabi/12.3.1/../../../../arm-none-eabi/lib/thumb/v7e-m+fp/hard\libc_nano.a(libc_a-mlock.o)
                0x08011b90                __malloc_lock
 .text.__malloc_unlock
                0x08011b9c        0xc C:/ST/STM32CubeIDE_1.16.0/STM32CubeIDE/plugins/com.st.stm32cube.ide.mcu.externaltools.gnu-tools-for-stm32.12.3.rel1.win32_1.0.200.202406191623/tools/bin/../lib/gcc/arm-none-eabi/12.3.1/../../../../arm-none-eabi/lib/thumb/v7e-m+fp/hard\libc_nano.a(libc_a-mlock.o)
                0x08011b9c                __malloc_unlock
 .text.__ssputs_r
                0x08011ba8       0xb6 C:/ST/STM32CubeIDE_1.16.0/STM32CubeIDE/plugins/com.st.stm32cube.ide.mcu.externaltools.gnu-tools-for-stm32.12.3.rel1.win32_1.0.200.202406191623/tools/bin/../lib/gcc/arm-none-eabi/12.3.1/../../../../arm-none-eabi/lib/thumb/v7e-m+fp/hard\libc_nano.a(libc_a-nano-svfprintf.o)
                0x08011ba8                __ssputs_r
 *fill*         0x08011c5e        0x2 
 .text._svfprintf_r
                0x08011c60      0x1f8 C:/ST/STM32CubeIDE_1.16.0/STM32CubeIDE/plugins/com.st.stm32cube.ide.mcu.externaltools.gnu-tools-for-stm32.12.3.rel1.win32_1.0.200.202406191623/tools/bin/../lib/gcc/arm-none-eabi/12.3.1/../../../../arm-none-eabi/lib/thumb/v7e-m+fp/hard\libc_nano.a(libc_a-nano-svfprintf.o)
                0x08011c60                _svfiprintf_r
                0x08011c60                _svfprintf_r
 .text._printf_common
                0x08011e58       0xda C:/ST/STM32CubeIDE_1.16.0/STM32CubeIDE/plugins/com.st.stm32cube.ide.mcu.externaltools.gnu-tools-for-stm32.12.3.rel1.win32_1.0.200.202406191623/tools/bin/../lib/gcc/arm-none-eabi/12.3.1/../../../../arm-none-eabi/lib/thumb/v7e-m+fp/hard\libc_nano.a(libc_a-nano-vfprintf_i.o)
                0x08011e58                _printf_common
 *fill*         0x08011f32        0x2 
 .text._printf_i
                0x08011f34      0x240 C:/ST/STM32CubeIDE_1.16.0/STM32CubeIDE/plugins/com.st.stm32cube.ide.mcu.externaltools.gnu-tools-for-stm32.12.3.rel1.win32_1.0.200.202406191623/tools/bin/../lib/gcc/arm-none-eabi/12.3.1/../../../../arm-none-eabi/lib/thumb/v7e-m+fp/hard\libc_nano.a(libc_a-nano-vfprintf_i.o)
                0x08011f34                _printf_i
 .text.__sflush_r
                0x08012174      0x108 C:/ST/STM32CubeIDE_1.16.0/STM32CubeIDE/plugins/com.st.stm32cube.ide.mcu.externaltools.gnu-tools-for-stm32.12.3.rel1.win32_1.0.200.202406191623/tools/bin/../lib/gcc/arm-none-eabi/12.3.1/../../../../arm-none-eabi/lib/thumb/v7e-m+fp/hard\libc_nano.a(libc_a-fflush.o)
                0x08012174                __sflush_r
 .text._fflush_r
                0x0801227c       0x50 C:/ST/STM32CubeIDE_1.16.0/STM32CubeIDE/plugins/com.st.stm32cube.ide.mcu.externaltools.gnu-tools-for-stm32.12.3.rel1.win32_1.0.200.202406191623/tools/bin/../lib/gcc/arm-none-eabi/12.3.1/../../../../arm-none-eabi/lib/thumb/v7e-m+fp/hard\libc_nano.a(libc_a-fflush.o)
                0x0801227c                _fflush_r
 .text.fprintf  0x080122cc       0x24 C:/ST/STM32CubeIDE_1.16.0/STM32CubeIDE/plugins/com.st.stm32cube.ide.mcu.externaltools.gnu-tools-for-stm32.12.3.rel1.win32_1.0.200.202406191623/tools/bin/../lib/gcc/arm-none-eabi/12.3.1/../../../../arm-none-eabi/lib/thumb/v7e-m+fp/hard\libc_nano.a(libc_a-fprintf.o)
                0x080122cc                fiprintf
                0x080122cc                fprintf
 .text.memmove  0x080122f0       0x34 C:/ST/STM32CubeIDE_1.16.0/STM32CubeIDE/plugins/com.st.stm32cube.ide.mcu.externaltools.gnu-tools-for-stm32.12.3.rel1.win32_1.0.200.202406191623/tools/bin/../lib/gcc/arm-none-eabi/12.3.1/../../../../arm-none-eabi/lib/thumb/v7e-m+fp/hard\libc_nano.a(libc_a-memmove.o)
                0x080122f0                memmove
 .text._sbrk_r  0x08012324       0x20 C:/ST/STM32CubeIDE_1.16.0/STM32CubeIDE/plugins/com.st.stm32cube.ide.mcu.externaltools.gnu-tools-for-stm32.12.3.rel1.win32_1.0.200.202406191623/tools/bin/../lib/gcc/arm-none-eabi/12.3.1/../../../../arm-none-eabi/lib/thumb/v7e-m+fp/hard\libc_nano.a(libc_a-sbrkr.o)
                0x08012324                _sbrk_r
 .text.abort    0x08012344        0xe C:/ST/STM32CubeIDE_1.16.0/STM32CubeIDE/plugins/com.st.stm32cube.ide.mcu.externaltools.gnu-tools-for-stm32.12.3.rel1.win32_1.0.200.202406191623/tools/bin/../lib/gcc/arm-none-eabi/12.3.1/../../../../arm-none-eabi/lib/thumb/v7e-m+fp/hard\libc_nano.a(libc_a-abort.o)
                0x08012344                abort
 .text._realloc_r
                0x08012352       0x5c C:/ST/STM32CubeIDE_1.16.0/STM32CubeIDE/plugins/com.st.stm32cube.ide.mcu.externaltools.gnu-tools-for-stm32.12.3.rel1.win32_1.0.200.202406191623/tools/bin/../lib/gcc/arm-none-eabi/12.3.1/../../../../arm-none-eabi/lib/thumb/v7e-m+fp/hard\libc_nano.a(libc_a-reallocr.o)
                0x08012352                _realloc_r
 .text.__sfputc_r
                0x080123ae       0x2e C:/ST/STM32CubeIDE_1.16.0/STM32CubeIDE/plugins/com.st.stm32cube.ide.mcu.externaltools.gnu-tools-for-stm32.12.3.rel1.win32_1.0.200.202406191623/tools/bin/../lib/gcc/arm-none-eabi/12.3.1/../../../../arm-none-eabi/lib/thumb/v7e-m+fp/hard\libc_nano.a(libc_a-nano-vfprintf.o)
 .text.__sfputs_r
                0x080123dc       0x24 C:/ST/STM32CubeIDE_1.16.0/STM32CubeIDE/plugins/com.st.stm32cube.ide.mcu.externaltools.gnu-tools-for-stm32.12.3.rel1.win32_1.0.200.202406191623/tools/bin/../lib/gcc/arm-none-eabi/12.3.1/../../../../arm-none-eabi/lib/thumb/v7e-m+fp/hard\libc_nano.a(libc_a-nano-vfprintf.o)
                0x080123dc                __sfputs_r
 .text._vfprintf_r
                0x08012400      0x230 C:/ST/STM32CubeIDE_1.16.0/STM32CubeIDE/plugins/com.st.stm32cube.ide.mcu.externaltools.gnu-tools-for-stm32.12.3.rel1.win32_1.0.200.202406191623/tools/bin/../lib/gcc/arm-none-eabi/12.3.1/../../../../arm-none-eabi/lib/thumb/v7e-m+fp/hard\libc_nano.a(libc_a-nano-vfprintf.o)
                0x08012400                _vfprintf_r
                0x08012400                _vfiprintf_r
 .text.__swbuf_r
                0x08012630       0x7c C:/ST/STM32CubeIDE_1.16.0/STM32CubeIDE/plugins/com.st.stm32cube.ide.mcu.externaltools.gnu-tools-for-stm32.12.3.rel1.win32_1.0.200.202406191623/tools/bin/../lib/gcc/arm-none-eabi/12.3.1/../../../../arm-none-eabi/lib/thumb/v7e-m+fp/hard\libc_nano.a(libc_a-wbuf.o)
                0x08012630                __swbuf_r
 .text.__swsetup_r
                0x080126ac       0xac C:/ST/STM32CubeIDE_1.16.0/STM32CubeIDE/plugins/com.st.stm32cube.ide.mcu.externaltools.gnu-tools-for-stm32.12.3.rel1.win32_1.0.200.202406191623/tools/bin/../lib/gcc/arm-none-eabi/12.3.1/../../../../arm-none-eabi/lib/thumb/v7e-m+fp/hard\libc_nano.a(libc_a-wsetup.o)
                0x080126ac                __swsetup_r
 .text._raise_r